Archive member included to satisfy reference by file (symbol)

/home/arduino/ArduinoApps/edgeaispectrophotometer/.cache/sketch/core/core.a(Stream.cpp.o)
                              /home/arduino/ArduinoApps/edgeaispectrophotometer/.cache/sketch/sketch/sketch.ino.cpp.o (arduino::Stream::setTimeout(unsigned long))
/home/arduino/ArduinoApps/edgeaispectrophotometer/.cache/sketch/core/core.a(String.cpp.o)
                              /home/arduino/ArduinoApps/edgeaispectrophotometer/.cache/sketch/sketch/sketch.ino.cpp.o (arduino::String::String(arduino::String&&))
/home/arduino/ArduinoApps/edgeaispectrophotometer/.cache/sketch/core/core.a(itoa.cpp.o)
                              /home/arduino/ArduinoApps/edgeaispectrophotometer/.cache/sketch/core/core.a(String.cpp.o) (dtostrf)
/home/arduino/ArduinoApps/edgeaispectrophotometer/.cache/sketch/core/core.a(llext_wrappers.c.o)
                              /home/arduino/ArduinoApps/edgeaispectrophotometer/.cache/sketch/sketch/sketch.ino.cpp.o (memcpy)
/home/arduino/ArduinoApps/edgeaispectrophotometer/.cache/sketch/core/core.a(main.cpp.o)
                              (main)
/home/arduino/ArduinoApps/edgeaispectrophotometer/.cache/sketch/core/core.a(new.cpp.o)
                              /home/arduino/ArduinoApps/edgeaispectrophotometer/.cache/sketch/sketch/sketch.ino.cpp.o (operator new(unsigned int))
/home/arduino/ArduinoApps/edgeaispectrophotometer/.cache/sketch/core/core.a(threads.cpp.o)
                              /home/arduino/ArduinoApps/edgeaispectrophotometer/.cache/sketch/core/core.a(main.cpp.o) (start_static_threads())
/home/arduino/ArduinoApps/edgeaispectrophotometer/.cache/sketch/core/core.a(wiring_analog.cpp.o)
                              /home/arduino/ArduinoApps/edgeaispectrophotometer/.cache/sketch/sketch/sketch.ino.cpp.o (analogWrite)
/home/arduino/ArduinoApps/edgeaispectrophotometer/.cache/sketch/core/core.a(wiring_digital.cpp.o)
                              /home/arduino/ArduinoApps/edgeaispectrophotometer/.cache/sketch/sketch/sketch.ino.cpp.o (pinMode)
/home/arduino/ArduinoApps/edgeaispectrophotometer/.cache/sketch/core/core.a(zephyrCommon.cpp.o)
                              /home/arduino/ArduinoApps/edgeaispectrophotometer/.cache/sketch/core/core.a(Stream.cpp.o) (millis)
/home/arduino/ArduinoApps/edgeaispectrophotometer/.cache/sketch/core/core.a(zephyrPinctrl.cpp.o)
                              /home/arduino/ArduinoApps/edgeaispectrophotometer/.cache/sketch/core/core.a(wiring_analog.cpp.o) (zephyr::arduino::init_dev_apply_channel_pinctrl(device const*, unsigned int))
/home/arduino/ArduinoApps/edgeaispectrophotometer/.cache/sketch/core/core.a(zephyrSerial.cpp.o)
                              /home/arduino/ArduinoApps/edgeaispectrophotometer/.cache/sketch/libraries/Arduino_RouterBridge/singletons.cpp.o (Serial2)
/home/arduino/ArduinoApps/edgeaispectrophotometer/.cache/sketch/core/core.a(Common.cpp.o)
                              /home/arduino/ArduinoApps/edgeaispectrophotometer/.cache/sketch/core/core.a(wiring_analog.cpp.o) (map(long, long, long, long, long))
/home/arduino/.arduino15/packages/zephyr/tools/arm-zephyr-eabi/0.16.8/bin/../lib/gcc/arm-zephyr-eabi/12.2.0/../../../../arm-zephyr-eabi/lib/thumb/v8-m.main+fp/hard/libstdc++_nano.a(functexcept.o)
                              /home/arduino/ArduinoApps/edgeaispectrophotometer/.cache/sketch/sketch/sketch.ino.cpp.o (std::__throw_bad_alloc())
/home/arduino/.arduino15/packages/zephyr/tools/arm-zephyr-eabi/0.16.8/bin/../lib/gcc/arm-zephyr-eabi/12.2.0/../../../../arm-zephyr-eabi/lib/thumb/v8-m.main+fp/hard/libstdc++_nano.a(functional.o)
                              /home/arduino/ArduinoApps/edgeaispectrophotometer/.cache/sketch/sketch/sketch.ino.cpp.o (std::__throw_bad_function_call())
/home/arduino/.arduino15/packages/zephyr/tools/arm-zephyr-eabi/0.16.8/bin/../lib/gcc/arm-zephyr-eabi/12.2.0/../../../../arm-zephyr-eabi/lib/thumb/v8-m.main+fp/hard/libstdc++_nano.a(eh_exception.o)
                              /home/arduino/.arduino15/packages/zephyr/tools/arm-zephyr-eabi/0.16.8/bin/../lib/gcc/arm-zephyr-eabi/12.2.0/../../../../arm-zephyr-eabi/lib/thumb/v8-m.main+fp/hard/libstdc++_nano.a(functional.o) (std::exception::~exception())
/home/arduino/.arduino15/packages/zephyr/tools/arm-zephyr-eabi/0.16.8/bin/../lib/gcc/arm-zephyr-eabi/12.2.0/../../../../arm-zephyr-eabi/lib/thumb/v8-m.main+fp/hard/libstdc++_nano.a(si_class_type_info.o)
                              /home/arduino/.arduino15/packages/zephyr/tools/arm-zephyr-eabi/0.16.8/bin/../lib/gcc/arm-zephyr-eabi/12.2.0/../../../../arm-zephyr-eabi/lib/thumb/v8-m.main+fp/hard/libstdc++_nano.a(functional.o) (vtable for __cxxabiv1::__si_class_type_info)
/home/arduino/.arduino15/packages/zephyr/tools/arm-zephyr-eabi/0.16.8/bin/../lib/gcc/arm-zephyr-eabi/12.2.0/../../../../arm-zephyr-eabi/lib/thumb/v8-m.main+fp/hard/libstdc++_nano.a(tinfo.o)
[...]
Memory Configuration

Name             Origin             Length             Attributes
*default*        0x0000000000000000 0xffffffffffffffff

Linker script and memory map

LOAD /home/arduino/.arduino15/packages/zephyr/tools/arm-zephyr-eabi/0.16.8/bin/../lib/gcc/arm-zephyr-eabi/12.2.0/../../../../arm-zephyr-eabi/lib/thumb/v8-m.main+fp/hard/libstdc++_nano.a
LOAD /home/arduino/.arduino15/packages/zephyr/tools/arm-zephyr-eabi/0.16.8/bin/../lib/gcc/arm-zephyr-eabi/12.2.0/../../../../arm-zephyr-eabi/lib/thumb/v8-m.main+fp/hard/libsupc++_nano.a
LOAD /home/arduino/.arduino15/packages/zephyr/tools/arm-zephyr-eabi/0.16.8/bin/../lib/gcc/arm-zephyr-eabi/12.2.0/../../../../arm-zephyr-eabi/lib/thumb/v8-m.main+fp/hard/libnosys.a
LOAD /home/arduino/ArduinoApps/edgeaispectrophotometer/.cache/sketch/sketch/sketch.ino.cpp.o
LOAD /home/arduino/ArduinoApps/edgeaispectrophotometer/.cache/sketch/libraries/Arduino_RouterBridge/singletons.cpp.o
LOAD /home/arduino/ArduinoApps/edgeaispectrophotometer/.cache/sketch/core/analogReference.cpp.o
LOAD /home/arduino/ArduinoApps/edgeaispectrophotometer/.cache/sketch/core/tls-syms.S.o
START GROUP
LOAD /home/arduino/ArduinoApps/edgeaispectrophotometer/.cache/sketch/core/core.a
LOAD /home/arduino/.arduino15/packages/zephyr/tools/arm-zephyr-eabi/0.16.8/bin/../lib/gcc/arm-zephyr-eabi/12.2.0/../../../../arm-zephyr-eabi/lib/thumb/v8-m.main+fp/hard/libstdc++_nano.a
LOAD /home/arduino/.arduino15/packages/zephyr/tools/arm-zephyr-eabi/0.16.8/bin/../lib/gcc/arm-zephyr-eabi/12.2.0/../../../../arm-zephyr-eabi/lib/thumb/v8-m.main+fp/hard/libsupc++_nano.a
LOAD /home/arduino/.arduino15/packages/zephyr/tools/arm-zephyr-eabi/0.16.8/bin/../lib/gcc/arm-zephyr-eabi/12.2.0/../../../../arm-zephyr-eabi/lib/thumb/v8-m.main+fp/hard/libm_nano.a
END GROUP

/DISCARD/
 *(.ARM.attributes)
 *(.ARM.attributes.*)
 *(.ARM.exidx)
 *(.ARM.exidx.*)
 *(.ARM.extidx)
 *(.ARM.extidx.*)
 *(.ARM.extab)
 *(.ARM.extab.*)
 *(.comment)
 *(.comment.*)
 *(.llvmbc)
 *(.llvmcmd)
 *(.eh_frame)
 *stdexcept.o()
 *eh_*.o()
 *cow-stdexcept.o()
 *cow-string-inst.o()

.text           0x0000000000000000     0x622a
 *(.text)
 *(.stub)
 *(.text*)
 .text._ZN15SerialTransport9availableEv
                0x0000000000000000       0x12 /home/arduino/ArduinoApps/edgeaispectrophotometer/.cache/sketch/sketch/sketch.ino.cpp.o
                0x0000000000000000                SerialTransport::available()
 .text._ZN15SerialTransport5writeEPKhj
                0x0000000000000012       0x10 /home/arduino/ArduinoApps/edgeaispectrophotometer/.cache/sketch/sketch/sketch.ino.cpp.o
                0x0000000000000012                SerialTransport::write(unsigned char const*, unsigned int)
 .text._ZN15SerialTransportD2Ev
                0x0000000000000022        0x2 /home/arduino/ArduinoApps/edgeaispectrophotometer/.cache/sketch/sketch/sketch.ino.cpp.o
                0x0000000000000022                SerialTransport::~SerialTransport()
                0x0000000000000022                SerialTransport::~SerialTransport()
 .text.k_yield  0x0000000000000024        0x8 /home/arduino/ArduinoApps/edgeaispectrophotometer/.cache/sketch/sketch/sketch.ino.cpp.o
 .text.k_mutex_lock
                0x000000000000002c        0x8 /home/arduino/ArduinoApps/edgeaispectrophotometer/.cache/sketch/sketch/sketch.ino.cpp.o
 .text.__tcf_0  0x0000000000000034       0x10 /home/arduino/ArduinoApps/edgeaispectrophotometer/.cache/sketch/sketch/sketch.ino.cpp.o
 .text._ZN15SerialTransport4readEPhj
                0x0000000000000044       0x28 /home/arduino/ArduinoApps/edgeaispectrophotometer/.cache/sketch/sketch/sketch.ino.cpp.o
                0x0000000000000044                SerialTransport::read(unsigned char*, unsigned int)
 .text._ZN15SerialTransport9read_byteERh
                0x000000000000006c       0x20 /home/arduino/ArduinoApps/edgeaispectrophotometer/.cache/sketch/sketch/sketch.ino.cpp.o
                0x000000000000006c                SerialTransport::read_byte(unsigned char&)
 .text._ZN15SerialTransportD0Ev
                0x000000000000008c       0x14 /home/arduino/ArduinoApps/edgeaispectrophotometer/.cache/sketch/sketch/sketch.ino.cpp.o
                0x000000000000008c                SerialTransport::~SerialTransport()
 .text._Z14set_led3_coloriii
                0x00000000000000a0       0x24 /home/arduino/ArduinoApps/edgeaispectrophotometer/.cache/sketch/sketch/sketch.ino.cpp.o
                0x00000000000000a0                set_led3_color(int, int, int)
 .text._Z14set_led4_colorbbb
                0x00000000000000c4       0x2c /home/arduino/ArduinoApps/edgeaispectrophotometer/.cache/sketch/sketch/sketch.ino.cpp.o
                0x00000000000000c4                set_led4_color(bool, bool, bool)
 .text._ZNSt17_Function_handlerIFvbbbEPS0_E10_M_managerERSt9_Any_dataRKS3_St18_Manager_operation
                0x00000000000000f0       0x30 /home/arduino/ArduinoApps/edgeaispectrophotometer/.cache/sketch/sketch/sketch.ino.cpp.o
                0x00000000000000f0                std::_Function_handler<void (bool, bool, bool), void (*)(bool, bool, bool)>::_M_manager(std::_Any_data&, std::_Any_data const&, std::_Manager_operation)
 .text._ZNSt17_Function_handlerIFvbbbEPS0_E9_M_invokeERKSt9_Any_dataObS6_S6_
                0x0000000000000120       0x14 /home/arduino/ArduinoApps/edgeaispectrophotometer/.cache/sketch/sketch/sketch.ino.cpp.o
                0x0000000000000120                std::_Function_handler<void (bool, bool, bool), void (*)(bool, bool, bool)>::_M_invoke(std::_Any_data const&, bool&&, bool&&, bool&&)
 .text._ZNSt17_Function_handlerIFviiiEPS0_E10_M_managerERSt9_Any_dataRKS3_St18_Manager_operation
                0x0000000000000134       0x30 /home/arduino/ArduinoApps/edgeaispectrophotometer/.cache/sketch/sketch/sketch.ino.cpp.o
                0x0000000000000134                std::_Function_handler<void (int, int, int), void (*)(int, int, int)>::_M_manager(std::_Any_data&, std::_Any_data const&, std::_Manager_operation)
 .text._ZNSt17_Function_handlerIFviiiEPS0_E9_M_invokeERKSt9_Any_dataOiS6_S6_
                0x0000000000000164       0x14 /home/arduino/ArduinoApps/edgeaispectrophotometer/.cache/sketch/sketch/sketch.ino.cpp.o
                0x0000000000000164                std::_Function_handler<void (int, int, int), void (*)(int, int, int)>::_M_invoke(std::_Any_data const&, int&&, int&&, int&&)
 .text._ZSt14__relocate_a_1IhhENSt9enable_ifIXsrSt24__is_bitwise_relocatableIT_vE5valueEPS2_E4typeES4_S4_S4_RSaIT0_E.isra.0
                0x0000000000000178       0x20 /home/arduino/ArduinoApps/edgeaispectrophotometer/.cache/sketch/sketch/sketch.ino.cpp.o
 .text._ZNSt12_Vector_baseIhSaIhEE11_M_allocateEj.isra.0
                0x0000000000000198       0x20 /home/arduino/ArduinoApps/edgeaispectrophotometer/.cache/sketch/sketch/sketch.ino.cpp.o
 .text.k_mutex_unlock.isra.0
                0x00000000000001b8        0x8 /home/arduino/ArduinoApps/edgeaispectrophotometer/.cache/sketch/sketch/sketch.ino.cpp.o
 .text.k_mutex_init.isra.0
                0x00000000000001c0        0x8 /home/arduino/ArduinoApps/edgeaispectrophotometer/.cache/sketch/sketch/sketch.ino.cpp.o
 .text.k_msleep.constprop.0.isra.0
                0x00000000000001c8        0xc /home/arduino/ArduinoApps/edgeaispectrophotometer/.cache/sketch/sketch/sketch.ino.cpp.o
 .text._ZNSt14_Function_baseD2Ev
                0x00000000000001d4       0x12 /home/arduino/ArduinoApps/edgeaispectrophotometer/.cache/sketch/sketch/sketch.ino.cpp.o
                0x00000000000001d4                std::_Function_base::~_Function_base()
                0x00000000000001d4                std::_Function_base::~_Function_base()
 *fill*         0x00000000000001e6        0x2 
 .text._ZN18RpcFunctionWrapperISt8functionIFviiiEEED2Ev
                0x00000000000001e8       0x1c /home/arduino/ArduinoApps/edgeaispectrophotometer/.cache/sketch/sketch/sketch.ino.cpp.o
                0x00000000000001e8                RpcFunctionWrapper<std::function<void (int, int, int)> >::~RpcFunctionWrapper()
                0x00000000000001e8                RpcFunctionWrapper<std::function<void (int, int, int)> >::~RpcFunctionWrapper()
 .text._ZN18RpcFunctionWrapperISt8functionIFviiiEEED0Ev
                0x0000000000000204       0x1c /home/arduino/ArduinoApps/edgeaispectrophotometer/.cache/sketch/sketch/sketch.ino.cpp.o
                0x0000000000000204                RpcFunctionWrapper<std::function<void (int, int, int)> >::~RpcFunctionWrapper()
 .text._ZN18RpcFunctionWrapperISt8functionIFvbbbEEED2Ev
                0x0000000000000220       0x1c /home/arduino/ArduinoApps/edgeaispectrophotometer/.cache/sketch/sketch/sketch.ino.cpp.o
                0x0000000000000220                RpcFunctionWrapper<std::function<void (bool, bool, bool)> >::~RpcFunctionWrapper()
                0x0000000000000220                RpcFunctionWrapper<std::function<void (bool, bool, bool)> >::~RpcFunctionWrapper()
 .text._ZN18RpcFunctionWrapperISt8functionIFvbbbEEED0Ev
                0x000000000000023c       0x1c /home/arduino/ArduinoApps/edgeaispectrophotometer/.cache/sketch/sketch/sketch.ino.cpp.o
                0x000000000000023c                RpcFunctionWrapper<std::function<void (bool, bool, bool)> >::~RpcFunctionWrapper()
 .text._ZN7arduino7msgpack8Unpacker11deserializeEv
                0x0000000000000258       0x16 /home/arduino/ArduinoApps/edgeaispectrophotometer/.cache/sketch/sketch/sketch.ino.cpp.o
                0x0000000000000258                arduino::msgpack::Unpacker::deserialize()
 .text._ZN7arduino7msgpack8Unpacker5clearEv
                0x000000000000026e       0x14 /home/arduino/ArduinoApps/edgeaispectrophotometer/.cache/sketch/sketch/sketch.ino.cpp.o
                0x000000000000026e                arduino::msgpack::Unpacker::clear()
 .text._ZNK7arduino7msgpack8Unpacker13getRawBytePtrEjj
                0x0000000000000282       0x1e /home/arduino/ArduinoApps/edgeaispectrophotometer/.cache/sketch/sketch/sketch.ino.cpp.o
                0x0000000000000282                arduino::msgpack::Unpacker::getRawBytePtr(unsigned int, unsigned int) const
 .text._ZN8RpcErrorC2Ev
                0x00000000000002a0       0x2c /home/arduino/ArduinoApps/edgeaispectrophotometer/.cache/sketch/sketch/sketch.ino.cpp.o
                0x00000000000002a0                RpcError::RpcError()
                0x00000000000002a0                RpcError::RpcError()
 .text._ZN17RpcDecoderManager10getDecoderER10ITransport
                0x00000000000002cc       0x7c /home/arduino/ArduinoApps/edgeaispectrophotometer/.cache/sketch/sketch/sketch.ino.cpp.o
                0x00000000000002cc                RpcDecoderManager::getDecoder(ITransport&)
 .text._ZN17RpcDecoderManager11getInstanceEv
                0x0000000000000348       0x30 /home/arduino/ArduinoApps/edgeaispectrophotometer/.cache/sketch/sketch/sketch.ino.cpp.o
                0x0000000000000348                RpcDecoderManager::getInstance()
 .text._ZN7arduino7msgpack8UnpackerC2Ev
                0x0000000000000378       0x10 /home/arduino/ArduinoApps/edgeaispectrophotometer/.cache/sketch/sketch/sketch.ino.cpp.o
                0x0000000000000378                arduino::msgpack::Unpacker::Unpacker()
                0x0000000000000378                arduino::msgpack::Unpacker::Unpacker()
 .text._ZN10RPCRequestILj256EEC2Ev
                0x0000000000000388       0x4c /home/arduino/ArduinoApps/edgeaispectrophotometer/.cache/sketch/sketch/sketch.ino.cpp.o
                0x0000000000000388                RPCRequest<256u>::RPCRequest()
                0x0000000000000388                RPCRequest<256u>::RPCRequest()
 .text._ZN11BridgeClass10is_startedEv
                0x00000000000003d4       0x2c /home/arduino/ArduinoApps/edgeaispectrophotometer/.cache/sketch/sketch/sketch.ino.cpp.o
                0x00000000000003d4                BridgeClass::is_started()
 .text.loop     0x0000000000000400        0x2 /home/arduino/ArduinoApps/edgeaispectrophotometer/.cache/sketch/sketch/sketch.ino.cpp.o
                0x0000000000000400                loop
 *fill*         0x0000000000000402        0x2 
 .text._ZNSt12_Vector_baseIhSaIhEED2Ev
                0x0000000000000404       0x18 /home/arduino/ArduinoApps/edgeaispectrophotometer/.cache/sketch/sketch/sketch.ino.cpp.o
                0x0000000000000404                std::_Vector_base<unsigned char, std::allocator<unsigned char> >::~_Vector_base()
                0x0000000000000404                std::_Vector_base<unsigned char, std::allocator<unsigned char> >::~_Vector_base()
 .text.__tcf_2  0x000000000000041c       0x14 /home/arduino/ArduinoApps/edgeaispectrophotometer/.cache/sketch/sketch/sketch.ino.cpp.o
 .text.__tcf_1  0x0000000000000430       0x14 /home/arduino/ArduinoApps/edgeaispectrophotometer/.cache/sketch/sketch/sketch.ino.cpp.o
 .text._ZNSt6vectorIhSaIhEE14_M_move_assignEOS1_St17integral_constantIbLb1EE.isra.0
                0x0000000000000444       0x34 /home/arduino/ArduinoApps/edgeaispectrophotometer/.cache/sketch/sketch/sketch.ino.cpp.o
 .text._ZNK7arduino7msgpack8Unpacker11getRawBytesIhEET_jj
                0x0000000000000478       0x1e /home/arduino/ArduinoApps/edgeaispectrophotometer/.cache/sketch/sketch/sketch.ino.cpp.o
                0x0000000000000478                unsigned char arduino::msgpack::Unpacker::getRawBytes<unsigned char>(unsigned int, unsigned int) const
 *fill*         0x0000000000000496        0x2 
 .text._ZNK7arduino7msgpack8Unpacker7getTypeEj
                0x0000000000000498       0x58 /home/arduino/ArduinoApps/edgeaispectrophotometer/.cache/sketch/sketch/sketch.ino.cpp.o
                0x0000000000000498                arduino::msgpack::Unpacker::getType(unsigned int) const
 .text._ZNK7arduino7msgpack8Unpacker7getTypeEv
                0x00000000000004f0       0x10 /home/arduino/ArduinoApps/edgeaispectrophotometer/.cache/sketch/sketch/sketch.ino.cpp.o
                0x00000000000004f0                arduino::msgpack::Unpacker::getType() const
 .text._ZN7arduino7msgpack8Unpacker9unpackNilEv
                0x0000000000000500       0x3c /home/arduino/ArduinoApps/edgeaispectrophotometer/.cache/sketch/sketch/sketch.ino.cpp.o
                0x0000000000000500                arduino::msgpack::Unpacker::unpackNil()
 .text._ZNK7arduino7msgpack8Unpacker7isArrayEv
                0x000000000000053c       0x20 /home/arduino/ArduinoApps/edgeaispectrophotometer/.cache/sketch/sketch/sketch.ino.cpp.o
                0x000000000000053c                arduino::msgpack::Unpacker::isArray() const
 .text._ZNK7arduino7msgpack8Unpacker5isMapEv
                0x000000000000055c       0x20 /home/arduino/ArduinoApps/edgeaispectrophotometer/.cache/sketch/sketch/sketch.ino.cpp.o
                0x000000000000055c                arduino::msgpack::Unpacker::isMap() const
 .text._ZN7arduino7msgpack8Unpacker13unpackFloat32Ev
                0x000000000000057c       0x60 /home/arduino/ArduinoApps/edgeaispectrophotometer/.cache/sketch/sketch/sketch.ino.cpp.o
                0x000000000000057c                arduino::msgpack::Unpacker::unpackFloat32()
 *fill*         0x00000000000005dc        0x4 
 .text._ZN7arduino7msgpack8Unpacker13unpackFloat64Ev
                0x00000000000005e0       0x6c /home/arduino/ArduinoApps/edgeaispectrophotometer/.cache/sketch/sketch/sketch.ino.cpp.o
                0x00000000000005e0                arduino::msgpack::Unpacker::unpackFloat64()
 .text._ZN7arduino7msgpack8Unpacker11unpackInt64Ev
                0x000000000000064c       0x60 /home/arduino/ArduinoApps/edgeaispectrophotometer/.cache/sketch/sketch/sketch.ino.cpp.o
                0x000000000000064c                arduino::msgpack::Unpacker::unpackInt64()
 .text._ZN7arduino7msgpack8Unpacker11unpackInt32Ev
                0x00000000000006ac       0x58 /home/arduino/ArduinoApps/edgeaispectrophotometer/.cache/sketch/sketch/sketch.ino.cpp.o
                0x00000000000006ac                arduino::msgpack::Unpacker::unpackInt32()
 .text._ZN7arduino7msgpack8Unpacker11unpackInt16Ev
                0x0000000000000704       0x4c /home/arduino/ArduinoApps/edgeaispectrophotometer/.cache/sketch/sketch/sketch.ino.cpp.o
                0x0000000000000704                arduino::msgpack::Unpacker::unpackInt16()
 .text._ZN7arduino7msgpack8Unpacker10unpackInt5Ev
                0x0000000000000750       0x4c /home/arduino/ArduinoApps/edgeaispectrophotometer/.cache/sketch/sketch/sketch.ino.cpp.o
                0x0000000000000750                arduino::msgpack::Unpacker::unpackInt5()
 .text._ZN7arduino7msgpack8Unpacker11unpackUInt7Ev
                0x000000000000079c       0x48 /home/arduino/ArduinoApps/edgeaispectrophotometer/.cache/sketch/sketch/sketch.ino.cpp.o
                0x000000000000079c                arduino::msgpack::Unpacker::unpackUInt7()
 .text._ZN7arduino7msgpack8Unpacker11unpackUInt8Ev
                0x00000000000007e4       0x48 /home/arduino/ArduinoApps/edgeaispectrophotometer/.cache/sketch/sketch/sketch.ino.cpp.o
                0x00000000000007e4                arduino::msgpack::Unpacker::unpackUInt8()
 .text._ZNK7arduino7msgpack8Unpacker11getRawBytesItEET_jj
                0x000000000000082c       0x26 /home/arduino/ArduinoApps/edgeaispectrophotometer/.cache/sketch/sketch/sketch.ino.cpp.o
                0x000000000000082c                unsigned short arduino::msgpack::Unpacker::getRawBytes<unsigned short>(unsigned int, unsigned int) const
 *fill*         0x0000000000000852        0x2 
 .text._ZN7arduino7msgpack8Unpacker12unpackUInt16Ev
                0x0000000000000854       0x48 /home/arduino/ArduinoApps/edgeaispectrophotometer/.cache/sketch/sketch/sketch.ino.cpp.o
                0x0000000000000854                arduino::msgpack::Unpacker::unpackUInt16()
 .text._ZNK7arduino7msgpack8Unpacker11getRawBytesIjEET_jj
                0x000000000000089c       0x34 /home/arduino/ArduinoApps/edgeaispectrophotometer/.cache/sketch/sketch/sketch.ino.cpp.o
                0x000000000000089c                unsigned int arduino::msgpack::Unpacker::getRawBytes<unsigned int>(unsigned int, unsigned int) const
 .text._ZNK7arduino7msgpack8Unpacker14getElementSizeEj
                0x00000000000008d0      0x11c /home/arduino/ArduinoApps/edgeaispectrophotometer/.cache/sketch/sketch/sketch.ino.cpp.o
                0x00000000000008d0                arduino::msgpack::Unpacker::getElementSize(unsigned int) const
 .text._ZN7arduino7msgpack8Unpacker15unpackArraySizeEv
                0x00000000000009ec       0x78 /home/arduino/ArduinoApps/edgeaispectrophotometer/.cache/sketch/sketch/sketch.ino.cpp.o
                0x00000000000009ec                arduino::msgpack::Unpacker::unpackArraySize()
 .text._ZN7arduino7msgpack8Unpacker12unpackUInt32Ev
                0x0000000000000a64       0x48 /home/arduino/ArduinoApps/edgeaispectrophotometer/.cache/sketch/sketch/sketch.ino.cpp.o
                0x0000000000000a64                arduino::msgpack::Unpacker::unpackUInt32()
 .text._ZN7arduino7msgpack8Unpacker13unpackMapSizeEv
                0x0000000000000aac       0x78 /home/arduino/ArduinoApps/edgeaispectrophotometer/.cache/sketch/sketch/sketch.ino.cpp.o
                0x0000000000000aac                arduino::msgpack::Unpacker::unpackMapSize()
 .text._ZNK7arduino7msgpack8Unpacker11getRawBytesIyEET_jj
                0x0000000000000b24       0x3a /home/arduino/ArduinoApps/edgeaispectrophotometer/.cache/sketch/sketch/sketch.ino.cpp.o
                0x0000000000000b24                unsigned long long arduino::msgpack::Unpacker::getRawBytes<unsigned long long>(unsigned int, unsigned int) const
 *fill*         0x0000000000000b5e        0x2 
 .text._ZN7arduino7msgpack8Unpacker12unpackUInt64Ev
                0x0000000000000b60       0x4c /home/arduino/ArduinoApps/edgeaispectrophotometer/.cache/sketch/sketch/sketch.ino.cpp.o
                0x0000000000000b60                arduino::msgpack::Unpacker::unpackUInt64()
 .text._ZNK7arduino7msgpack8Unpacker11getRawBytesIaEET_jj
                0x0000000000000bac       0x1e /home/arduino/ArduinoApps/edgeaispectrophotometer/.cache/sketch/sketch/sketch.ino.cpp.o
                0x0000000000000bac                signed char arduino::msgpack::Unpacker::getRawBytes<signed char>(unsigned int, unsigned int) const
 *fill*         0x0000000000000bca        0x2 
 .text._ZN7arduino7msgpack8Unpacker10unpackInt8Ev
                0x0000000000000bcc       0x48 /home/arduino/ArduinoApps/edgeaispectrophotometer/.cache/sketch/sketch/sketch.ino.cpp.o
                0x0000000000000bcc                arduino::msgpack::Unpacker::unpackInt8()
 .text._ZNK7arduino7msgpack8Unpacker13isTimestamp32Ev
                0x0000000000000c14       0x2c /home/arduino/ArduinoApps/edgeaispectrophotometer/.cache/sketch/sketch/sketch.ino.cpp.o
                0x0000000000000c14                arduino::msgpack::Unpacker::isTimestamp32() const
 .text._ZNK7arduino7msgpack8Unpacker13isTimestamp64Ev
                0x0000000000000c40       0x2c /home/arduino/ArduinoApps/edgeaispectrophotometer/.cache/sketch/sketch/sketch.ino.cpp.o
                0x0000000000000c40                arduino::msgpack::Unpacker::isTimestamp64() const
 .text._ZNK7arduino7msgpack8Unpacker13isTimestamp96Ev
                0x0000000000000c6c       0x40 /home/arduino/ArduinoApps/edgeaispectrophotometer/.cache/sketch/sketch/sketch.ino.cpp.o
                0x0000000000000c6c                arduino::msgpack::Unpacker::isTimestamp96() const
 .text._ZNK7arduino7msgpack8Unpacker11getRawBytesIcEET_jj
                0x0000000000000cac       0x1e /home/arduino/ArduinoApps/edgeaispectrophotometer/.cache/sketch/sketch/sketch.ino.cpp.o
                0x0000000000000cac                char arduino::msgpack::Unpacker::getRawBytes<char>(unsigned int, unsigned int) const
 *fill*         0x0000000000000cca        0x2 
 .text._ZN7arduino7msgpack8Unpacker11deserializeINS0_4type9ArraySizeEJEEEbRT_DpOT0_
                0x0000000000000ccc       0x40 /home/arduino/ArduinoApps/edgeaispectrophotometer/.cache/sketch/sketch/sketch.ino.cpp.o
                0x0000000000000ccc                bool arduino::msgpack::Unpacker::deserialize<arduino::msgpack::type::ArraySize>(arduino::msgpack::type::ArraySize&)
 .text._ZN7arduino7msgpack8Unpacker11deserializeINS0_6object5nil_tEJEEEbRT_DpOT0_
                0x0000000000000d0c       0x40 /home/arduino/ArduinoApps/edgeaispectrophotometer/.cache/sketch/sketch/sketch.ino.cpp.o
                0x0000000000000d0c                bool arduino::msgpack::Unpacker::deserialize<arduino::msgpack::object::nil_t>(arduino::msgpack::object::nil_t&)
 .text._ZN7arduino7msgpack8Unpacker11deserializeIbJEEEbRT_DpOT0_
                0x0000000000000d4c       0x68 /home/arduino/ArduinoApps/edgeaispectrophotometer/.cache/sketch/sketch/sketch.ino.cpp.o
                0x0000000000000d4c                bool arduino::msgpack::Unpacker::deserialize<bool>(bool&)
 .text._ZN7arduino7msgpack8Unpacker11deserializeINS_6StringEJEEEbRT_DpOT0_
                0x0000000000000db4      0x174 /home/arduino/ArduinoApps/edgeaispectrophotometer/.cache/sketch/sketch/sketch.ino.cpp.o
                0x0000000000000db4                bool arduino::msgpack::Unpacker::deserialize<arduino::String>(arduino::String&)
 .text._ZN7arduino7msgpack8Unpacker11deserializeINS0_6object8timespecEJEEEbRT_DpOT0_
                0x0000000000000f28       0xc4 /home/arduino/ArduinoApps/edgeaispectrophotometer/.cache/sketch/sketch/sketch.ino.cpp.o
                0x0000000000000f28                bool arduino::msgpack::Unpacker::deserialize<arduino::msgpack::object::timespec>(arduino::msgpack::object::timespec&)
 .text._ZNSt12_Vector_baseIjSaIjEED2Ev
                0x0000000000000fec       0x18 /home/arduino/ArduinoApps/edgeaispectrophotometer/.cache/sketch/sketch/sketch.ino.cpp.o
                0x0000000000000fec                std::_Vector_base<unsigned int, std::allocator<unsigned int> >::~_Vector_base()
                0x0000000000000fec                std::_Vector_base<unsigned int, std::allocator<unsigned int> >::~_Vector_base()
 .text._ZN10RPCRequestILj256EED2Ev
                0x0000000000001004       0x2c /home/arduino/ArduinoApps/edgeaispectrophotometer/.cache/sketch/sketch/sketch.ino.cpp.o
                0x0000000000001004                RPCRequest<256u>::~RPCRequest()
                0x0000000000001004                RPCRequest<256u>::~RPCRequest()
 .text._ZNSt6vectorIjSaIjEE17_M_realloc_insertIJRjEEEvN9__gnu_cxx17__normal_iteratorIPjS1_EEDpOT_
                0x0000000000001030       0xdc /home/arduino/ArduinoApps/edgeaispectrophotometer/.cache/sketch/sketch/sketch.ino.cpp.o
                0x0000000000001030                void std::vector<unsigned int, std::allocator<unsigned int> >::_M_realloc_insert<unsigned int&>(__gnu_cxx::__normal_iterator<unsigned int*, std::vector<unsigned int, std::allocator<unsigned int> > >, unsigned int&)
 .text._ZN7arduino7msgpack8Unpacker4feedEPKhj
                0x000000000000110c       0x78 /home/arduino/ArduinoApps/edgeaispectrophotometer/.cache/sketch/sketch/sketch.ino.cpp.o
                0x000000000000110c                arduino::msgpack::Unpacker::feed(unsigned char const*, unsigned int)
 .text._ZN7RpcCallIJEE8setErrorEiN7arduino6StringE
                0x0000000000001184       0x40 /home/arduino/ArduinoApps/edgeaispectrophotometer/.cache/sketch/sketch/sketch.ino.cpp.o
                0x0000000000001184                RpcCall<>::setError(int, arduino::String)
 .text._ZN7RpcCallIJEE7isErrorEv
                0x00000000000011c4       0x34 /home/arduino/ArduinoApps/edgeaispectrophotometer/.cache/sketch/sketch/sketch.ino.cpp.o
                0x00000000000011c4                RpcCall<>::isError()
 .text._ZNKSt6vectorIhSaIhEE12_M_check_lenEjPKc
                0x00000000000011f8       0x38 /home/arduino/ArduinoApps/edgeaispectrophotometer/.cache/sketch/sketch/sketch.ino.cpp.o
                0x00000000000011f8                std::vector<unsigned char, std::allocator<unsigned char> >::_M_check_len(unsigned int, char const*) const
 .text._ZNSt6vectorIhSaIhEE12emplace_backIJhEEERhDpOT_.isra.0
                0x0000000000001230       0x90 /home/arduino/ArduinoApps/edgeaispectrophotometer/.cache/sketch/sketch/sketch.ino.cpp.o
 .text._ZN7arduino7msgpack6Packer11packRawByteERKNS0_4TypeE.isra.0
                0x00000000000012c0       0x18 /home/arduino/ArduinoApps/edgeaispectrophotometer/.cache/sketch/sketch/sketch.ino.cpp.o
 .text._ZN7arduino7msgpack6Packer7packNilEv
                0x00000000000012d8       0x18 /home/arduino/ArduinoApps/edgeaispectrophotometer/.cache/sketch/sketch/sketch.ino.cpp.o
                0x00000000000012d8                arduino::msgpack::Packer::packNil()
 .text._ZNSt6vectorIhSaIhEE12emplace_backIJRKhEEERhDpOT_.isra.0
                0x00000000000012f0       0x90 /home/arduino/ArduinoApps/edgeaispectrophotometer/.cache/sketch/sketch/sketch.ino.cpp.o
 .text._ZN7arduino7msgpack6Packer9packUInt8Eh
                0x0000000000001380       0x2c /home/arduino/ArduinoApps/edgeaispectrophotometer/.cache/sketch/sketch/sketch.ino.cpp.o
                0x0000000000001380                arduino::msgpack::Packer::packUInt8(unsigned char)
 .text._ZNSt6vectorIhSaIhEE12emplace_backIJRhEEES3_DpOT_.isra.0
                0x00000000000013ac       0x90 /home/arduino/ArduinoApps/edgeaispectrophotometer/.cache/sketch/sketch/sketch.ino.cpp.o
 .text._ZN7arduino7msgpack6Packer15packRawReversedIjEEvRKT_
                0x000000000000143c       0x1c /home/arduino/ArduinoApps/edgeaispectrophotometer/.cache/sketch/sketch/sketch.ino.cpp.o
                0x000000000000143c                void arduino::msgpack::Packer::packRawReversed<unsigned int>(unsigned int const&)
 .text._ZN7arduino7msgpack6Packer10packUInt32Ej
                0x0000000000001458       0x28 /home/arduino/ArduinoApps/edgeaispectrophotometer/.cache/sketch/sketch/sketch.ino.cpp.o
                0x0000000000001458                arduino::msgpack::Packer::packUInt32(unsigned int)
 .text._ZN7arduino7msgpack6Packer15packRawReversedItEEvRKT_
                0x0000000000001480       0x1c /home/arduino/ArduinoApps/edgeaispectrophotometer/.cache/sketch/sketch/sketch.ino.cpp.o
                0x0000000000001480                void arduino::msgpack::Packer::packRawReversed<unsigned short>(unsigned short const&)
 .text._ZN7arduino7msgpack6Packer13packArraySizeEj
                0x000000000000149c       0x58 /home/arduino/ArduinoApps/edgeaispectrophotometer/.cache/sketch/sketch/sketch.ino.cpp.o
                0x000000000000149c                arduino::msgpack::Packer::packArraySize(unsigned int)
 .text._ZN7arduino7msgpack6Packer10packUInt16Et
                0x00000000000014f4       0x2c /home/arduino/ArduinoApps/edgeaispectrophotometer/.cache/sketch/sketch/sketch.ino.cpp.o
                0x00000000000014f4                arduino::msgpack::Packer::packUInt16(unsigned short)
 .text._ZN7arduino7msgpack6Packer11packIntegerIjEENSt9enable_ifIXaaaaaasrSt13is_arithmeticIT_E5valuesrSt11is_integralIS5_E5valuentsrSt7is_sameIS5_bE5valuentsrS9_INSt9remove_cvIS5_E4typeEPcE5valueEvE4typeERKS5_.isra.0
                0x0000000000001520       0x50 /home/arduino/ArduinoApps/edgeaispectrophotometer/.cache/sketch/sketch/sketch.ino.cpp.o
 .text._ZN7arduino7msgpack6Packer11packIntegerIiEENSt9enable_ifIXaaaaaasrSt13is_arithmeticIT_E5valuesrSt11is_integralIS5_E5valuentsrSt7is_sameIS5_bE5valuentsrS9_INSt9remove_cvIS5_E4typeEPcE5valueEvE4typeERKS5_.isra.0
                0x0000000000001570       0xb8 /home/arduino/ArduinoApps/edgeaispectrophotometer/.cache/sketch/sketch/sketch.ino.cpp.o
 .text._ZN7arduino7msgpack6Packer12packRawBytesEPKcj
                0x0000000000001628       0x9c /home/arduino/ArduinoApps/edgeaispectrophotometer/.cache/sketch/sketch/sketch.ino.cpp.o
                0x0000000000001628                arduino::msgpack::Packer::packRawBytes(char const*, unsigned int)
 .text._ZN7arduino7msgpack6Packer4packERKNS_6StringE
                0x00000000000016c4       0x7c /home/arduino/ArduinoApps/edgeaispectrophotometer/.cache/sketch/sketch/sketch.ino.cpp.o
                0x00000000000016c4                arduino::msgpack::Packer::pack(arduino::String const&)
 .text._ZN7arduino7msgpack6Packer9serializeI8RpcErrorJRNS0_6object5nil_tEEEENSt9enable_ifIXoooontsrSt10is_pointerIT_E5valuesrSt7is_sameIS9_PKcE5valuesrSB_IS9_PKNS_19__FlashStringHelperEE5valueEvE4typeERKS9_DpOT0_.constprop.0
                0x0000000000001740       0x38 /home/arduino/ArduinoApps/edgeaispectrophotometer/.cache/sketch/sketch/sketch.ino.cpp.o
 .text._ZN7arduino7msgpack8Unpacker9unpackIntIiEENSt9enable_ifIXaaaaaaaasrSt13is_arithmeticIT_E5valuesrSt11is_integralIS5_E5valuentsrSt7is_sameIS5_bE5valuentsrS9_INSt9remove_cvIS5_E4typeEPcE5valuesrSt9is_signedIS5_E5valueES5_E4typeEv
                0x0000000000001778       0xd0 /home/arduino/ArduinoApps/edgeaispectrophotometer/.cache/sketch/sketch/sketch.ino.cpp.o
                0x0000000000001778                std::enable_if<(((std::is_arithmetic<int>::value&&std::is_integral<int>::value)&&(!std::is_same<int, bool>::value))&&(!std::is_same<std::remove_cv<int>::type, char*>::value))&&std::is_signed<int>::value, int>::type arduino::msgpack::Unpacker::unpackInt<int>()
 .text._ZN7arduino7msgpack8Unpacker11deserializeIiJEEEbRT_DpOT0_
                0x0000000000001848       0x40 /home/arduino/ArduinoApps/edgeaispectrophotometer/.cache/sketch/sketch/sketch.ino.cpp.o
                0x0000000000001848                bool arduino::msgpack::Unpacker::deserialize<int>(int&)
 .text._ZN7arduino7msgpack8Unpacker11unpackFloatIfEENSt9enable_ifIXaasrSt13is_arithmeticIT_E5valuesrSt17is_floating_pointIS5_E5valueES5_E4typeEv
                0x0000000000001888      0x118 /home/arduino/ArduinoApps/edgeaispectrophotometer/.cache/sketch/sketch/sketch.ino.cpp.o
                0x0000000000001888                std::enable_if<std::is_arithmetic<float>::value&&std::is_floating_point<float>::value, float>::type arduino::msgpack::Unpacker::unpackFloat<float>()
 .text._ZN7arduino7msgpack8Unpacker11unpackFloatIdEENSt9enable_ifIXaasrSt13is_arithmeticIT_E5valuesrSt17is_floating_pointIS5_E5valueES5_E4typeEv
                0x00000000000019a0      0x118 /home/arduino/ArduinoApps/edgeaispectrophotometer/.cache/sketch/sketch/sketch.ino.cpp.o
                0x00000000000019a0                std::enable_if<std::is_arithmetic<double>::value&&std::is_floating_point<double>::value, double>::type arduino::msgpack::Unpacker::unpackFloat<double>()
 .text._ZN7arduino7msgpack8Unpacker12unpackBinaryIhEENSt9enable_ifIXoosrSt7is_sameIT_cE5valuesrS4_IS5_hE5valueESt6vectorINS3_IXoosrS7_5valuesrS6_5valueES5_E4typeESaIS5_EEE4typeEv
                0x0000000000001ab8      0x114 /home/arduino/ArduinoApps/edgeaispectrophotometer/.cache/sketch/sketch/sketch.ino.cpp.o
                0x0000000000001ab8                std::enable_if<std::is_same<unsigned char, char>::value||std::is_same<unsigned char, unsigned char>::value, std::vector<std::enable_if<std::is_same<unsigned char, unsigned char>::value||std::is_same<unsigned char, char>::value, unsigned char>::type, std::allocator<unsigned char> > >::type arduino::msgpack::Unpacker::unpackBinary<unsigned char>()
 .text._ZN7arduino7msgpack8Unpacker11deserializeINS0_4type9ArraySizeEJRiEEEbRT_DpOT0_
                0x0000000000001bcc       0x44 /home/arduino/ArduinoApps/edgeaispectrophotometer/.cache/sketch/sketch/sketch.ino.cpp.o
                0x0000000000001bcc                bool arduino::msgpack::Unpacker::deserialize<arduino::msgpack::type::ArraySize, int&>(arduino::msgpack::type::ArraySize&, int&)
 .text._ZNK10RpcDecoderILj1024EE4sendEPKhj
                0x0000000000001c10       0x22 /home/arduino/ArduinoApps/edgeaispectrophotometer/.cache/sketch/sketch/sketch.ino.cpp.o
                0x0000000000001c10                RpcDecoder<1024u>::send(unsigned char const*, unsigned int) const
 *fill*         0x0000000000001c32        0x2 
 .text._ZN9RPCClient8send_rpcIJEEEbRKN7arduino6StringERjDpOT_.isra.0
                0x0000000000001c34       0x8c /home/arduino/ArduinoApps/edgeaispectrophotometer/.cache/sketch/sketch/sketch.ino.cpp.o
 .text._ZN9RPCClient8send_rpcIJRKN7arduino6StringEEEEbS4_RjDpOT_.isra.0
                0x0000000000001cc0       0x90 /home/arduino/ArduinoApps/edgeaispectrophotometer/.cache/sketch/sketch/sketch.ino.cpp.o
 .text._ZN11BridgeClass6notifyIJiEEEvN7arduino6StringEDpOT_
                0x0000000000001d50       0xac /home/arduino/ArduinoApps/edgeaispectrophotometer/.cache/sketch/sketch/sketch.ino.cpp.o
                0x0000000000001d50                void BridgeClass::notify<int>(arduino::String, int&&)
 .text._ZNK9RPCServer13send_responseILj256EEEbRK10RPCRequestIXT_EE.isra.0
                0x0000000000001dfc       0x24 /home/arduino/ArduinoApps/edgeaispectrophotometer/.cache/sketch/sketch/sketch.ino.cpp.o
 .text._ZN7RpcCallIJRKN7arduino6StringEEE8setErrorEiS1_
                0x0000000000001e20       0x40 /home/arduino/ArduinoApps/edgeaispectrophotometer/.cache/sketch/sketch/sketch.ino.cpp.o
                0x0000000000001e20                RpcCall<arduino::String const&>::setError(int, arduino::String)
 .text._ZN7RpcCallIJRKN7arduino6StringEEEC2ES3_P9RPCClientP7k_mutexS8_S3_
                0x0000000000001e60       0x80 /home/arduino/ArduinoApps/edgeaispectrophotometer/.cache/sketch/sketch/sketch.ino.cpp.o
                0x0000000000001e60                RpcCall<arduino::String const&>::RpcCall(arduino::String const&, RPCClient*, k_mutex*, k_mutex*, arduino::String const&)
                0x0000000000001e60                RpcCall<arduino::String const&>::RpcCall(arduino::String const&, RPCClient*, k_mutex*, k_mutex*, arduino::String const&)
 .text._ZN7RpcCallIJRKN7arduino6StringEEE7isErrorEv
                0x0000000000001ee0       0x34 /home/arduino/ArduinoApps/edgeaispectrophotometer/.cache/sketch/sketch/sketch.ino.cpp.o
                0x0000000000001ee0                RpcCall<arduino::String const&>::isError()
 .text._ZN10RpcDecoderILj1024EE7consumeEjj
                0x0000000000001f14       0x50 /home/arduino/ArduinoApps/edgeaispectrophotometer/.cache/sketch/sketch/sketch.ino.cpp.o
                0x0000000000001f14                RpcDecoder<1024u>::consume(unsigned int, unsigned int)
 .text._ZN10RpcDecoderILj1024EE7discardEv
                0x0000000000001f64       0x2c /home/arduino/ArduinoApps/edgeaispectrophotometer/.cache/sketch/sketch/sketch.ino.cpp.o
                0x0000000000001f64                RpcDecoder<1024u>::discard()
 .text._ZN7arduino7msgpack8Unpacker11deserializeI8RpcErrorJRNS0_6object5nil_tEEEEbRT_DpOT0_
                0x0000000000001f90       0x90 /home/arduino/ArduinoApps/edgeaispectrophotometer/.cache/sketch/sketch/sketch.ino.cpp.o
                0x0000000000001f90                bool arduino::msgpack::Unpacker::deserialize<RpcError, arduino::msgpack::object::nil_t&>(RpcError&, arduino::msgpack::object::nil_t&)
 .text._ZNK21RpcFunctionDispatcherILj100EE7isBoundERKN7arduino6StringE
                0x0000000000002020       0x34 /home/arduino/ArduinoApps/edgeaispectrophotometer/.cache/sketch/sketch/sketch.ino.cpp.o
                0x0000000000002020                RpcFunctionDispatcher<100u>::isBound(arduino::String const&) const
 .text._Z4wrapIRFviiiESt8functionIS0_EEP18RpcFunctionWrapperIT0_EOT_
                0x0000000000002054       0x6c /home/arduino/ArduinoApps/edgeaispectrophotometer/.cache/sketch/sketch/sketch.ino.cpp.o
                0x0000000000002054                RpcFunctionWrapper<std::function<void (int, int, int)> >* wrap<void (&)(int, int, int), std::function<void (int, int, int)> >(void (&)(int, int, int))
 .text._Z4wrapIRFvbbbESt8functionIS0_EEP18RpcFunctionWrapperIT0_EOT_
                0x00000000000020c0       0x6c /home/arduino/ArduinoApps/edgeaispectrophotometer/.cache/sketch/sketch/sketch.ino.cpp.o
                0x00000000000020c0                RpcFunctionWrapper<std::function<void (bool, bool, bool)> >* wrap<void (&)(bool, bool, bool), std::function<void (bool, bool, bool)> >(void (&)(bool, bool, bool))
 .text._ZN7arduino7msgpack8Unpacker10unpackUIntIjEENSt9enable_ifIXaaaaaaaasrSt13is_arithmeticIT_E5valuesrSt11is_integralIS5_E5valuentsrSt7is_sameIS5_bE5valuentsrS9_INSt9remove_cvIS5_E4typeEPcE5valuentsrSt9is_signedIS5_E5valueES5_E4typeEv
                0x000000000000212c       0x80 /home/arduino/ArduinoApps/edgeaispectrophotometer/.cache/sketch/sketch/sketch.ino.cpp.o
                0x000000000000212c                std::enable_if<(((std::is_arithmetic<unsigned int>::value&&std::is_integral<unsigned int>::value)&&(!std::is_same<unsigned int, bool>::value))&&(!std::is_same<std::remove_cv<unsigned int>::type, char*>::value))&&(!std::is_signed<unsigned int>::value), unsigned int>::type arduino::msgpack::Unpacker::unpackUInt<unsigned int>()
 .text._ZN7arduino7msgpack8Unpacker11deserializeIjJRNS_6StringEEEEbRT_DpOT0_
                0x00000000000021ac       0x44 /home/arduino/ArduinoApps/edgeaispectrophotometer/.cache/sketch/sketch/sketch.ino.cpp.o
                0x00000000000021ac                bool arduino::msgpack::Unpacker::deserialize<unsigned int, arduino::String&>(unsigned int&, arduino::String&)
 .text._ZN10RpcDecoderILj1024EE16fetch_rpc_methodEv
                0x00000000000021f0       0xe8 /home/arduino/ArduinoApps/edgeaispectrophotometer/.cache/sketch/sketch/sketch.ino.cpp.o
                0x00000000000021f0                RpcDecoder<1024u>::fetch_rpc_method()
 .text._ZN10RPCRequestILj256EE22unpack_request_headersEv
                0x00000000000022d8       0xb8 /home/arduino/ArduinoApps/edgeaispectrophotometer/.cache/sketch/sketch/sketch.ino.cpp.o
                0x00000000000022d8                RPCRequest<256u>::unpack_request_headers()
 .text._ZN9RPCServer15process_requestILj256EEEvR10RPCRequestIXT_EE
                0x0000000000002390      0x114 /home/arduino/ArduinoApps/edgeaispectrophotometer/.cache/sketch/sketch/sketch.ino.cpp.o
                0x0000000000002390                void RPCServer::process_request<256u>(RPCRequest<256u>&)
 .text._ZN7arduino7msgpack8Unpacker11deserializeINS0_4type9ArraySizeEJRiRjEEEbRT_DpOT0_
                0x00000000000024a4       0xa0 /home/arduino/ArduinoApps/edgeaispectrophotometer/.cache/sketch/sketch/sketch.ino.cpp.o
                0x00000000000024a4                bool arduino::msgpack::Unpacker::deserialize<arduino::msgpack::type::ArraySize, int&, unsigned int&>(arduino::msgpack::type::ArraySize&, int&, unsigned int&)
 .text._ZN10RpcDecoderILj1024EE12get_responseIbEEbjRT_R8RpcError
                0x0000000000002544      0x17c /home/arduino/ArduinoApps/edgeaispectrophotometer/.cache/sketch/sketch/sketch.ino.cpp.o
                0x0000000000002544                bool RpcDecoder<1024u>::get_response<bool>(unsigned int, bool&, RpcError&)
 .text._ZN10RpcDecoderILj1024EE12get_responseIN7arduino7msgpack6object5nil_tEEEbjRT_R8RpcError
                0x00000000000026c0      0x17c /home/arduino/ArduinoApps/edgeaispectrophotometer/.cache/sketch/sketch/sketch.ino.cpp.o
                0x00000000000026c0                bool RpcDecoder<1024u>::get_response<arduino::msgpack::object::nil_t>(unsigned int, arduino::msgpack::object::nil_t&, RpcError&)
 .text._ZNSt11__copy_moveILb0ELb1ESt26random_access_iterator_tagE8__copy_mIhEEPT_PKS3_S6_S4_
                0x000000000000283c       0x1c /home/arduino/ArduinoApps/edgeaispectrophotometer/.cache/sketch/sketch/sketch.ino.cpp.o
                0x000000000000283c                unsigned char* std::__copy_move<false, true, std::random_access_iterator_tag>::__copy_m<unsigned char>(unsigned char const*, unsigned char const*, unsigned char*)
 .text._ZNSt11__copy_moveILb1ELb1ESt26random_access_iterator_tagE8__copy_mIhEEPT_PKS3_S6_S4_
                0x0000000000002858       0x1c /home/arduino/ArduinoApps/edgeaispectrophotometer/.cache/sketch/sketch/sketch.ino.cpp.o
                0x0000000000002858                unsigned char* std::__copy_move<true, true, std::random_access_iterator_tag>::__copy_m<unsigned char>(unsigned char const*, unsigned char const*, unsigned char*)
 .text._ZN7arduino7msgpack6object3extC2EaPKhj
                0x0000000000002874      0x104 /home/arduino/ArduinoApps/edgeaispectrophotometer/.cache/sketch/sketch/sketch.ino.cpp.o
                0x0000000000002874                arduino::msgpack::object::ext::ext(signed char, unsigned char const*, unsigned int)
                0x0000000000002874                arduino::msgpack::object::ext::ext(signed char, unsigned char const*, unsigned int)
 .text._ZN7arduino7msgpack8Unpacker9unpackExtEv
                0x0000000000002978      0x178 /home/arduino/ArduinoApps/edgeaispectrophotometer/.cache/sketch/sketch/sketch.ino.cpp.o
                0x0000000000002978                arduino::msgpack::Unpacker::unpackExt()
 .text._ZN8RpcUtils6detail12unpackObjectERN7arduino7msgpack8UnpackerE
                0x0000000000002af0      0x29c /home/arduino/ArduinoApps/edgeaispectrophotometer/.cache/sketch/sketch/sketch.ino.cpp.o
                0x0000000000002af0                RpcUtils::detail::unpackObject(arduino::msgpack::Unpacker&)
 .text._ZN10RpcDecoderILj1024EE12parse_packetEv
                0x0000000000002d8c      0x13c /home/arduino/ArduinoApps/edgeaispectrophotometer/.cache/sketch/sketch/sketch.ino.cpp.o
                0x0000000000002d8c                RpcDecoder<1024u>::parse_packet()
 .text._ZN10RpcDecoderILj1024EE6decodeEv
                0x0000000000002ec8       0x40 /home/arduino/ArduinoApps/edgeaispectrophotometer/.cache/sketch/sketch/sketch.ino.cpp.o
                0x0000000000002ec8                RpcDecoder<1024u>::decode()
 .text._ZN9RPCServer7get_rpcILj256EEEbR10RPCRequestIXT_EEN7arduino6StringE
                0x0000000000002f08       0xd0 /home/arduino/ArduinoApps/edgeaispectrophotometer/.cache/sketch/sketch/sketch.ino.cpp.o
                0x0000000000002f08                bool RPCServer::get_rpc<256u>(RPCRequest<256u>&, arduino::String)
 .text._ZN11BridgeClass11update_safeEv
                0x0000000000002fd8       0xb0 /home/arduino/ArduinoApps/edgeaispectrophotometer/.cache/sketch/sketch/sketch.ino.cpp.o
                0x0000000000002fd8                BridgeClass::update_safe()
 .text._Z10__loopHookv
                0x0000000000003088       0x28 /home/arduino/ArduinoApps/edgeaispectrophotometer/.cache/sketch/sketch/sketch.ino.cpp.o
                0x0000000000003088                __loopHook()
 .text._ZN11BridgeClass6updateEv
                0x00000000000030b0       0xb0 /home/arduino/ArduinoApps/edgeaispectrophotometer/.cache/sketch/sketch/sketch.ino.cpp.o
                0x00000000000030b0                BridgeClass::update()
 .text._Z16updateEntryPointPvS_S_
                0x0000000000003160       0x28 /home/arduino/ArduinoApps/edgeaispectrophotometer/.cache/sketch/sketch/sketch.ino.cpp.o
                0x0000000000003160                updateEntryPoint(void*, void*, void*)
 .text._ZN9RPCClient12get_responseIbEEbjRT_R8RpcError
                0x0000000000003188       0x40 /home/arduino/ArduinoApps/edgeaispectrophotometer/.cache/sketch/sketch/sketch.ino.cpp.o
                0x0000000000003188                bool RPCClient::get_response<bool>(unsigned int, bool&, RpcError&)
 .text._ZN7RpcCallIJEE6resultIbEEbRT_
                0x00000000000031c8      0x114 /home/arduino/ArduinoApps/edgeaispectrophotometer/.cache/sketch/sketch/sketch.ino.cpp.o
                0x00000000000031c8                bool RpcCall<>::result<bool>(bool&)
 .text._ZN7RpcCallIJRKN7arduino6StringEEE6resultIbEEbRT_
                0x00000000000032dc      0x118 /home/arduino/ArduinoApps/edgeaispectrophotometer/.cache/sketch/sketch/sketch.ino.cpp.o
                0x00000000000032dc                bool RpcCall<arduino::String const&>::result<bool>(bool&)
 .text._ZN9RPCClient12get_responseIN7arduino7msgpack6object5nil_tEEEbjRT_R8RpcError
                0x00000000000033f4       0x40 /home/arduino/ArduinoApps/edgeaispectrophotometer/.cache/sketch/sketch/sketch.ino.cpp.o
                0x00000000000033f4                bool RPCClient::get_response<arduino::msgpack::object::nil_t>(unsigned int, arduino::msgpack::object::nil_t&, RpcError&)
 .text._ZN7RpcCallIJRKN7arduino6StringEEED2Ev
                0x0000000000003434      0x118 /home/arduino/ArduinoApps/edgeaispectrophotometer/.cache/sketch/sketch/sketch.ino.cpp.o
                0x0000000000003434                RpcCall<arduino::String const&>::~RpcCall()
                0x0000000000003434                RpcCall<arduino::String const&>::~RpcCall()
 .text._ZN7RpcCallIJEED2Ev
                0x000000000000354c      0x114 /home/arduino/ArduinoApps/edgeaispectrophotometer/.cache/sketch/sketch/sketch.ino.cpp.o
                0x000000000000354c                RpcCall<>::~RpcCall()
                0x000000000000354c                RpcCall<>::~RpcCall()
 .text.setup    0x0000000000003660      0x484 /home/arduino/ArduinoApps/edgeaispectrophotometer/.cache/sketch/sketch/sketch.ino.cpp.o
                0x0000000000003660                setup
 .text._ZN8RpcUtils6detail9unpackMapERN7arduino7msgpack8UnpackerERj
                0x0000000000003ae4       0x80 /home/arduino/ArduinoApps/edgeaispectrophotometer/.cache/sketch/sketch/sketch.ino.cpp.o
                0x0000000000003ae4                RpcUtils::detail::unpackMap(arduino::msgpack::Unpacker&, unsigned int&)
 .text._ZN8RpcUtils6detail18deserialize_singleIbEEiRN7arduino7msgpack8UnpackerERT_
                0x0000000000003b64       0x28 /home/arduino/ArduinoApps/edgeaispectrophotometer/.cache/sketch/sketch/sketch.ino.cpp.o
                0x0000000000003b64                int RpcUtils::detail::deserialize_single<bool>(arduino::msgpack::Unpacker&, bool&)
 .text._ZN18RpcFunctionWrapperISt8functionIFvbbbEEE11handle_callIvEENSt9enable_ifIXsrSt7is_voidIT_E5valueEiE4typeERN7arduino7msgpack8UnpackerERNSC_6PackerE
                0x0000000000003b8c       0x98 /home/arduino/ArduinoApps/edgeaispectrophotometer/.cache/sketch/sketch/sketch.ino.cpp.o
                0x0000000000003b8c                std::enable_if<std::is_void<void>::value, int>::type RpcFunctionWrapper<std::function<void (bool, bool, bool)> >::handle_call<void>(arduino::msgpack::Unpacker&, arduino::msgpack::Packer&)
 .text._ZN18RpcFunctionWrapperISt8functionIFvbbbEEEclERN7arduino7msgpack8UnpackerERNS5_6PackerE
                0x0000000000003c24       0xf0 /home/arduino/ArduinoApps/edgeaispectrophotometer/.cache/sketch/sketch/sketch.ino.cpp.o
                0x0000000000003c24                RpcFunctionWrapper<std::function<void (bool, bool, bool)> >::operator()(arduino::msgpack::Unpacker&, arduino::msgpack::Packer&)
 .text._ZN8RpcUtils6detail18deserialize_singleIiEEiRN7arduino7msgpack8UnpackerERT_
                0x0000000000003d14       0x44 /home/arduino/ArduinoApps/edgeaispectrophotometer/.cache/sketch/sketch/sketch.ino.cpp.o
                0x0000000000003d14                int RpcUtils::detail::deserialize_single<int>(arduino::msgpack::Unpacker&, int&)
 .text._ZN18RpcFunctionWrapperISt8functionIFviiiEEE11handle_callIvEENSt9enable_ifIXsrSt7is_voidIT_E5valueEiE4typeERN7arduino7msgpack8UnpackerERNSC_6PackerE
                0x0000000000003d58       0x80 /home/arduino/ArduinoApps/edgeaispectrophotometer/.cache/sketch/sketch/sketch.ino.cpp.o
                0x0000000000003d58                std::enable_if<std::is_void<void>::value, int>::type RpcFunctionWrapper<std::function<void (int, int, int)> >::handle_call<void>(arduino::msgpack::Unpacker&, arduino::msgpack::Packer&)
 .text._ZN18RpcFunctionWrapperISt8functionIFviiiEEEclERN7arduino7msgpack8UnpackerERNS5_6PackerE
                0x0000000000003dd8       0xf0 /home/arduino/ArduinoApps/edgeaispectrophotometer/.cache/sketch/sketch/sketch.ino.cpp.o
                0x0000000000003dd8                RpcFunctionWrapper<std::function<void (int, int, int)> >::operator()(arduino::msgpack::Unpacker&, arduino::msgpack::Packer&)
 .text._GLOBAL__sub_I__Z14set_led3_coloriii
                0x0000000000003ec8       0x2c /home/arduino/ArduinoApps/edgeaispectrophotometer/.cache/sketch/sketch/sketch.ino.cpp.o
 .text._GLOBAL__sub_D__Z14set_led3_coloriii
                0x0000000000003ef4       0x20 /home/arduino/ArduinoApps/edgeaispectrophotometer/.cache/sketch/sketch/sketch.ino.cpp.o
 .text._ZN7arduino5Print17availableForWriteEv
                0x0000000000003f14        0x4 /home/arduino/ArduinoApps/edgeaispectrophotometer/.cache/sketch/libraries/Arduino_RouterBridge/singletons.cpp.o
                0x0000000000003f14                arduino::Print::availableForWrite()
 .text._ZN7arduino5Print5flushEv
                0x0000000000003f18        0x2 /home/arduino/ArduinoApps/edgeaispectrophotometer/.cache/sketch/libraries/Arduino_RouterBridge/singletons.cpp.o
                0x0000000000003f18                arduino::Print::flush()
 .text._ZN13BridgeMonitorILj512EE5writeEh
                0x0000000000003f1a       0x18 /home/arduino/ArduinoApps/edgeaispectrophotometer/.cache/sketch/libraries/Arduino_RouterBridge/singletons.cpp.o
                0x0000000000003f1a                BridgeMonitor<512u>::write(unsigned char)
 *fill*         0x0000000000003f32        0x2 
 .text.k_yield  0x0000000000003f34        0x8 /home/arduino/ArduinoApps/edgeaispectrophotometer/.cache/sketch/libraries/Arduino_RouterBridge/singletons.cpp.o
 .text.k_mutex_lock
                0x0000000000003f3c        0x8 /home/arduino/ArduinoApps/edgeaispectrophotometer/.cache/sketch/libraries/Arduino_RouterBridge/singletons.cpp.o
 .text._ZSt14__relocate_a_1IhhENSt9enable_ifIXsrSt24__is_bitwise_relocatableIT_vE5valueEPS2_E4typeES4_S4_S4_RSaIT0_E.isra.0
                0x0000000000003f44       0x20 /home/arduino/ArduinoApps/edgeaispectrophotometer/.cache/sketch/libraries/Arduino_RouterBridge/singletons.cpp.o
 .text._ZNSt12_Vector_baseIhSaIhEE11_M_allocateEj.isra.0
                0x0000000000003f64       0x20 /home/arduino/ArduinoApps/edgeaispectrophotometer/.cache/sketch/libraries/Arduino_RouterBridge/singletons.cpp.o
 .text.k_mutex_unlock.isra.0
                0x0000000000003f84        0x8 /home/arduino/ArduinoApps/edgeaispectrophotometer/.cache/sketch/libraries/Arduino_RouterBridge/singletons.cpp.o
 .text._ZN7RpcCallIJEE7isErrorEv.isra.0
                0x0000000000003f8c       0x28 /home/arduino/ArduinoApps/edgeaispectrophotometer/.cache/sketch/libraries/Arduino_RouterBridge/singletons.cpp.o
 .text._ZN7RpcCallIJRN7arduino6StringEEE7isErrorEv.isra.0
                0x0000000000003fb4       0x28 /home/arduino/ArduinoApps/edgeaispectrophotometer/.cache/sketch/libraries/Arduino_RouterBridge/singletons.cpp.o
 .text._ZN13BridgeMonitorILj512EE4readEv
                0x0000000000003fdc       0x68 /home/arduino/ArduinoApps/edgeaispectrophotometer/.cache/sketch/libraries/Arduino_RouterBridge/singletons.cpp.o
                0x0000000000003fdc                BridgeMonitor<512u>::read()
 .text._ZN13BridgeMonitorILj512EE4peekEv
                0x0000000000004044       0x44 /home/arduino/ArduinoApps/edgeaispectrophotometer/.cache/sketch/libraries/Arduino_RouterBridge/singletons.cpp.o
                0x0000000000004044                BridgeMonitor<512u>::peek()
 .text.k_msleep.constprop.0.isra.0
                0x0000000000004088        0xc /home/arduino/ArduinoApps/edgeaispectrophotometer/.cache/sketch/libraries/Arduino_RouterBridge/singletons.cpp.o
 .text._ZNSt6vectorIhSaIhEE14_M_move_assignEOS1_St17integral_constantIbLb1EE.isra.0
                0x0000000000004094       0x34 /home/arduino/ArduinoApps/edgeaispectrophotometer/.cache/sketch/libraries/Arduino_RouterBridge/singletons.cpp.o
 .text._ZNSt6vectorIhSaIhEE12emplace_backIJRKhEEERhDpOT_.isra.0
                0x00000000000040c8       0x90 /home/arduino/ArduinoApps/edgeaispectrophotometer/.cache/sketch/libraries/Arduino_RouterBridge/singletons.cpp.o
 .text._ZNSt6vectorIhSaIhEE12emplace_backIJhEEERhDpOT_.isra.0
                0x0000000000004158       0x90 /home/arduino/ArduinoApps/edgeaispectrophotometer/.cache/sketch/libraries/Arduino_RouterBridge/singletons.cpp.o
 .text._ZN7arduino7msgpack8Unpacker11deserializeISt6vectorIhSaIhEEJEEEbRT_DpOT0_
                0x00000000000041e8      0x13c /home/arduino/ArduinoApps/edgeaispectrophotometer/.cache/sketch/libraries/Arduino_RouterBridge/singletons.cpp.o
                0x00000000000041e8                bool arduino::msgpack::Unpacker::deserialize<std::vector<unsigned char, std::allocator<unsigned char> >>(std::vector<unsigned char, std::allocator<unsigned char> >&)
 .text._ZN7arduino7msgpack6Packer11packRawByteERKNS0_4TypeE.isra.0
                0x0000000000004324       0x18 /home/arduino/ArduinoApps/edgeaispectrophotometer/.cache/sketch/libraries/Arduino_RouterBridge/singletons.cpp.o
 .text._ZNSt6vectorIhSaIhEE12emplace_backIJRhEEES3_DpOT_.isra.0
                0x000000000000433c       0x90 /home/arduino/ArduinoApps/edgeaispectrophotometer/.cache/sketch/libraries/Arduino_RouterBridge/singletons.cpp.o
 .text._ZN7arduino7msgpack6Packer11packIntegerIjEENSt9enable_ifIXaaaaaasrSt13is_arithmeticIT_E5valuesrSt11is_integralIS5_E5valuentsrSt7is_sameIS5_bE5valuentsrS9_INSt9remove_cvIS5_E4typeEPcE5valueEvE4typeERKS5_.isra.0
                0x00000000000043cc       0x50 /home/arduino/ArduinoApps/edgeaispectrophotometer/.cache/sketch/libraries/Arduino_RouterBridge/singletons.cpp.o
 .text._ZN7arduino7msgpack6Packer11packIntegerIiEENSt9enable_ifIXaaaaaasrSt13is_arithmeticIT_E5valuesrSt11is_integralIS5_E5valuentsrSt7is_sameIS5_bE5valuentsrS9_INSt9remove_cvIS5_E4typeEPcE5valueEvE4typeERKS5_.isra.0
                0x000000000000441c       0xb8 /home/arduino/ArduinoApps/edgeaispectrophotometer/.cache/sketch/libraries/Arduino_RouterBridge/singletons.cpp.o
 .text._ZN7arduino7msgpack6Packer9serializeIJRKiRjRKNS_6StringEEEEvRKNS0_4type9ArraySizeEDpOT_.isra.0
                0x00000000000044d4       0x38 /home/arduino/ArduinoApps/edgeaispectrophotometer/.cache/sketch/libraries/Arduino_RouterBridge/singletons.cpp.o
 .text._ZN9RPCClient8send_rpcIJEEEbRKN7arduino6StringERjDpOT_.isra.0
                0x000000000000450c       0x74 /home/arduino/ArduinoApps/edgeaispectrophotometer/.cache/sketch/libraries/Arduino_RouterBridge/singletons.cpp.o
 .text._ZN9RPCClient8send_rpcIJRKN7arduino6StringEEEEbS4_RjDpOT_.isra.0
                0x0000000000004580       0x84 /home/arduino/ArduinoApps/edgeaispectrophotometer/.cache/sketch/libraries/Arduino_RouterBridge/singletons.cpp.o
 .text._ZN9RPCClient8send_rpcIJRKjEEEbRKN7arduino6StringERjDpOT_.isra.0
                0x0000000000004604       0x84 /home/arduino/ArduinoApps/edgeaispectrophotometer/.cache/sketch/libraries/Arduino_RouterBridge/singletons.cpp.o
 .text._ZN7arduino7msgpack8Unpacker11deserializeIjJEEEbRT_DpOT0_
                0x0000000000004688       0x40 /home/arduino/ArduinoApps/edgeaispectrophotometer/.cache/sketch/libraries/Arduino_RouterBridge/singletons.cpp.o
                0x0000000000004688                bool arduino::msgpack::Unpacker::deserialize<unsigned int>(unsigned int&)
 .text._ZN13BridgeMonitorILj512EEcvbEv
                0x00000000000046c8      0x28c /home/arduino/ArduinoApps/edgeaispectrophotometer/.cache/sketch/libraries/Arduino_RouterBridge/singletons.cpp.o
                0x00000000000046c8                BridgeMonitor<512u>::operator bool()
 .text._ZN11BridgeClass6notifyIJRN7arduino6StringEEEEvS2_DpOT_
                0x0000000000004954       0xac /home/arduino/ArduinoApps/edgeaispectrophotometer/.cache/sketch/libraries/Arduino_RouterBridge/singletons.cpp.o
                0x0000000000004954                void BridgeClass::notify<arduino::String&>(arduino::String, arduino::String&)
 .text._ZN7RpcCallIJRN7arduino6StringEEE8setErrorEiS1_
                0x0000000000004a00       0x40 /home/arduino/ArduinoApps/edgeaispectrophotometer/.cache/sketch/libraries/Arduino_RouterBridge/singletons.cpp.o
                0x0000000000004a00                RpcCall<arduino::String&>::setError(int, arduino::String)
 .text._ZN7RpcCallIJRN7arduino6StringEEED2Ev
                0x0000000000004a40      0x118 /home/arduino/ArduinoApps/edgeaispectrophotometer/.cache/sketch/libraries/Arduino_RouterBridge/singletons.cpp.o
                0x0000000000004a40                RpcCall<arduino::String&>::~RpcCall()
                0x0000000000004a40                RpcCall<arduino::String&>::~RpcCall()
 .text._ZN10RpcDecoderILj1024EE12get_responseIjEEbjRT_R8RpcError
                0x0000000000004b58      0x17c /home/arduino/ArduinoApps/edgeaispectrophotometer/.cache/sketch/libraries/Arduino_RouterBridge/singletons.cpp.o
                0x0000000000004b58                bool RpcDecoder<1024u>::get_response<unsigned int>(unsigned int, unsigned int&, RpcError&)
 .text._ZN13BridgeMonitorILj512EE5writeEPKhj
                0x0000000000004cd4      0x1fc /home/arduino/ArduinoApps/edgeaispectrophotometer/.cache/sketch/libraries/Arduino_RouterBridge/singletons.cpp.o
                0x0000000000004cd4                BridgeMonitor<512u>::write(unsigned char const*, unsigned int)
 .text._ZN7RpcCallIJRjEE8setErrorEiN7arduino6StringE
                0x0000000000004ed0       0x40 /home/arduino/ArduinoApps/edgeaispectrophotometer/.cache/sketch/libraries/Arduino_RouterBridge/singletons.cpp.o
                0x0000000000004ed0                RpcCall<unsigned int&>::setError(int, arduino::String)
 .text._ZN7RpcCallIJRjEE7isErrorEv
                0x0000000000004f10       0x34 /home/arduino/ArduinoApps/edgeaispectrophotometer/.cache/sketch/libraries/Arduino_RouterBridge/singletons.cpp.o
                0x0000000000004f10                RpcCall<unsigned int&>::isError()
 .text._ZN7RpcCallIJRjEED2Ev
                0x0000000000004f44      0x118 /home/arduino/ArduinoApps/edgeaispectrophotometer/.cache/sketch/libraries/Arduino_RouterBridge/singletons.cpp.o
                0x0000000000004f44                RpcCall<unsigned int&>::~RpcCall()
                0x0000000000004f44                RpcCall<unsigned int&>::~RpcCall()
 .text._ZN10RpcDecoderILj1024EE12get_responseISt6vectorIhSaIhEEEEbjRT_R8RpcError
                0x000000000000505c      0x17c /home/arduino/ArduinoApps/edgeaispectrophotometer/.cache/sketch/libraries/Arduino_RouterBridge/singletons.cpp.o
                0x000000000000505c                bool RpcDecoder<1024u>::get_response<std::vector<unsigned char, std::allocator<unsigned char> > >(unsigned int, std::vector<unsigned char, std::allocator<unsigned char> >&, RpcError&)
 .text._ZN7RpcCallIJRjEE6resultISt6vectorIhSaIhEEEEbRT_
                0x00000000000051d8      0x134 /home/arduino/ArduinoApps/edgeaispectrophotometer/.cache/sketch/libraries/Arduino_RouterBridge/singletons.cpp.o
                0x00000000000051d8                bool RpcCall<unsigned int&>::result<std::vector<unsigned char, std::allocator<unsigned char> > >(std::vector<unsigned char, std::allocator<unsigned char> >&)
 .text._ZN13BridgeMonitorILj512EE5_readEj
                0x000000000000530c      0x120 /home/arduino/ArduinoApps/edgeaispectrophotometer/.cache/sketch/libraries/Arduino_RouterBridge/singletons.cpp.o
                0x000000000000530c                BridgeMonitor<512u>::_read(unsigned int)
 .text._ZN13BridgeMonitorILj512EE9availableEv
                0x000000000000542c       0x44 /home/arduino/ArduinoApps/edgeaispectrophotometer/.cache/sketch/libraries/Arduino_RouterBridge/singletons.cpp.o
                0x000000000000542c                BridgeMonitor<512u>::available()
 .text._GLOBAL__sub_I_Bridge
                0x0000000000005470       0xc0 /home/arduino/ArduinoApps/edgeaispectrophotometer/.cache/sketch/libraries/Arduino_RouterBridge/singletons.cpp.o
 .text._GLOBAL__sub_D_Bridge
                0x0000000000005530       0x20 /home/arduino/ArduinoApps/edgeaispectrophotometer/.cache/sketch/libraries/Arduino_RouterBridge/singletons.cpp.o
 .text._ZN7arduino6Stream9timedReadEv
                0x0000000000005550       0x2c /home/arduino/ArduinoApps/edgeaispectrophotometer/.cache/sketch/core/core.a(Stream.cpp.o)
                0x0000000000005550                arduino::Stream::timedRead()
 .text._ZN7arduino6Stream10setTimeoutEm
                0x000000000000557c        0x4 /home/arduino/ArduinoApps/edgeaispectrophotometer/.cache/sketch/core/core.a(Stream.cpp.o)
                0x000000000000557c                arduino::Stream::setTimeout(unsigned long)
 .text._ZN7arduino6Stream9readBytesEPcj
                0x0000000000005580       0x2c /home/arduino/ArduinoApps/edgeaispectrophotometer/.cache/sketch/core/core.a(Stream.cpp.o)
                0x0000000000005580                arduino::Stream::readBytes(char*, unsigned int)
 .text._ZN7arduino6StringC2EOS0_
                0x00000000000055ac       0x16 /home/arduino/ArduinoApps/edgeaispectrophotometer/.cache/sketch/core/core.a(String.cpp.o)
                0x00000000000055ac                arduino::String::String(arduino::String&&)
                0x00000000000055ac                arduino::String::String(arduino::String&&)
 *fill*         0x00000000000055c2        0x2 
 .text._ZN7arduino6StringD2Ev
                0x00000000000055c4       0x14 /home/arduino/ArduinoApps/edgeaispectrophotometer/.cache/sketch/core/core.a(String.cpp.o)
                0x00000000000055c4                arduino::String::~String()
                0x00000000000055c4                arduino::String::~String()
 .text._ZN7arduino6String10invalidateEv
                0x00000000000055d8       0x1c /home/arduino/ArduinoApps/edgeaispectrophotometer/.cache/sketch/core/core.a(String.cpp.o)
                0x00000000000055d8                arduino::String::invalidate()
 .text._ZN7arduino6String12changeBufferEj
                0x00000000000055f4       0x1c /home/arduino/ArduinoApps/edgeaispectrophotometer/.cache/sketch/core/core.a(String.cpp.o)
                0x00000000000055f4                arduino::String::changeBuffer(unsigned int)
 .text._ZN7arduino6String7reserveEj
                0x0000000000005610       0x28 /home/arduino/ArduinoApps/edgeaispectrophotometer/.cache/sketch/core/core.a(String.cpp.o)
                0x0000000000005610                arduino::String::reserve(unsigned int)
 .text._ZN7arduino6String4copyEPKcj
                0x0000000000005638       0x3c /home/arduino/ArduinoApps/edgeaispectrophotometer/.cache/sketch/core/core.a(String.cpp.o)
                0x0000000000005638                arduino::String::copy(char const*, unsigned int)
 .text._ZN7arduino6StringC2EPKc
                0x0000000000005674       0x2c /home/arduino/ArduinoApps/edgeaispectrophotometer/.cache/sketch/core/core.a(String.cpp.o)
                0x0000000000005674                arduino::String::String(char const*)
                0x0000000000005674                arduino::String::String(char const*)
 .text._ZN7arduino6String4moveERS0_
                0x00000000000056a0       0x2c /home/arduino/ArduinoApps/edgeaispectrophotometer/.cache/sketch/core/core.a(String.cpp.o)
                0x00000000000056a0                arduino::String::move(arduino::String&)
 .text._ZN7arduino6StringaSERKS0_
                0x00000000000056cc       0x28 /home/arduino/ArduinoApps/edgeaispectrophotometer/.cache/sketch/core/core.a(String.cpp.o)
                0x00000000000056cc                arduino::String::operator=(arduino::String const&)
 .text._ZN7arduino6StringC2ERKS0_
                0x00000000000056f4       0x18 /home/arduino/ArduinoApps/edgeaispectrophotometer/.cache/sketch/core/core.a(String.cpp.o)
                0x00000000000056f4                arduino::String::String(arduino::String const&)
                0x00000000000056f4                arduino::String::String(arduino::String const&)
 .text._ZN7arduino6StringaSEOS0_
                0x000000000000570c       0x10 /home/arduino/ArduinoApps/edgeaispectrophotometer/.cache/sketch/core/core.a(String.cpp.o)
                0x000000000000570c                arduino::String::operator=(arduino::String&&)
 .text._ZN7arduino6StringaSEPKc
                0x000000000000571c       0x30 /home/arduino/ArduinoApps/edgeaispectrophotometer/.cache/sketch/core/core.a(String.cpp.o)
                0x000000000000571c                arduino::String::operator=(char const*)
 .text._ZN7arduino6StringC2Eih
                0x000000000000574c       0x2c /home/arduino/ArduinoApps/edgeaispectrophotometer/.cache/sketch/core/core.a(String.cpp.o)
                0x000000000000574c                arduino::String::String(int, unsigned char)
                0x000000000000574c                arduino::String::String(int, unsigned char)
 .text._ZN7arduino6String6concatEPKcj
                0x0000000000005778       0x40 /home/arduino/ArduinoApps/edgeaispectrophotometer/.cache/sketch/core/core.a(String.cpp.o)
                0x0000000000005778                arduino::String::concat(char const*, unsigned int)
 .text._ZN7arduino6String6concatERKS0_
                0x00000000000057b8        0xc /home/arduino/ArduinoApps/edgeaispectrophotometer/.cache/sketch/core/core.a(String.cpp.o)
                0x00000000000057b8                arduino::String::concat(arduino::String const&)
 .text._ZN7arduino6String6concatEc
                0x00000000000057c4       0x1c /home/arduino/ArduinoApps/edgeaispectrophotometer/.cache/sketch/core/core.a(String.cpp.o)
                0x00000000000057c4                arduino::String::concat(char)
 .text._ZNK7arduino6String9compareToERKS0_
                0x00000000000057e0       0x30 /home/arduino/ArduinoApps/edgeaispectrophotometer/.cache/sketch/core/core.a(String.cpp.o)
                0x00000000000057e0                arduino::String::compareTo(arduino::String const&) const
 .text._ZNK7arduino6String6equalsERKS0_
                0x0000000000005810       0x20 /home/arduino/ArduinoApps/edgeaispectrophotometer/.cache/sketch/core/core.a(String.cpp.o)
                0x0000000000005810                arduino::String::equals(arduino::String const&) const
 .text._ZNK7arduino6String6equalsEPKc
                0x0000000000005830       0x28 /home/arduino/ArduinoApps/edgeaispectrophotometer/.cache/sketch/core/core.a(String.cpp.o)
                0x0000000000005830                arduino::String::equals(char const*) const
 .text.ltoa     0x0000000000005858       0x80 /home/arduino/ArduinoApps/edgeaispectrophotometer/.cache/sketch/core/core.a(itoa.cpp.o)
                0x0000000000005858                ltoa
 .text.itoa     0x00000000000058d8        0x8 /home/arduino/ArduinoApps/edgeaispectrophotometer/.cache/sketch/core/core.a(itoa.cpp.o)
                0x00000000000058d8                itoa
 .text.memcpy   0x00000000000058e0        0x8 /home/arduino/ArduinoApps/edgeaispectrophotometer/.cache/sketch/core/core.a(llext_wrappers.c.o)
                0x00000000000058e0                memcpy
 .text.memmove  0x00000000000058e8        0x8 /home/arduino/ArduinoApps/edgeaispectrophotometer/.cache/sketch/core/core.a(llext_wrappers.c.o)
                0x00000000000058e8                memmove
 .text.strlen   0x00000000000058f0        0x8 /home/arduino/ArduinoApps/edgeaispectrophotometer/.cache/sketch/core/core.a(llext_wrappers.c.o)
                0x00000000000058f0                strlen
 .text.strcmp   0x00000000000058f8        0x8 /home/arduino/ArduinoApps/edgeaispectrophotometer/.cache/sketch/core/core.a(llext_wrappers.c.o)
                0x00000000000058f8                strcmp
 .text.memset   0x0000000000005900        0x8 /home/arduino/ArduinoApps/edgeaispectrophotometer/.cache/sketch/core/core.a(llext_wrappers.c.o)
                0x0000000000005900                memset
 .text.malloc   0x0000000000005908        0x8 /home/arduino/ArduinoApps/edgeaispectrophotometer/.cache/sketch/core/core.a(llext_wrappers.c.o)
                0x0000000000005908                malloc
 .text.realloc  0x0000000000005910        0x8 /home/arduino/ArduinoApps/edgeaispectrophotometer/.cache/sketch/core/core.a(llext_wrappers.c.o)
                0x0000000000005910                realloc
 .text.free     0x0000000000005918        0x8 /home/arduino/ArduinoApps/edgeaispectrophotometer/.cache/sketch/core/core.a(llext_wrappers.c.o)
                0x0000000000005918                free
 .text.__aeabi_i2d
                0x0000000000005920        0xa /home/arduino/ArduinoApps/edgeaispectrophotometer/.cache/sketch/core/core.a(llext_wrappers.c.o)
                0x0000000000005920                __aeabi_i2d
 .text.__aeabi_ui2d
                0x000000000000592a        0xa /home/arduino/ArduinoApps/edgeaispectrophotometer/.cache/sketch/core/core.a(llext_wrappers.c.o)
                0x000000000000592a                __aeabi_ui2d
 .text.__aeabi_l2d
                0x0000000000005934        0xa /home/arduino/ArduinoApps/edgeaispectrophotometer/.cache/sketch/core/core.a(llext_wrappers.c.o)
                0x0000000000005934                __aeabi_l2d
 .text.__aeabi_ul2d
                0x000000000000593e        0xa /home/arduino/ArduinoApps/edgeaispectrophotometer/.cache/sketch/core/core.a(llext_wrappers.c.o)
                0x000000000000593e                __aeabi_ul2d
 .text.__aeabi_d2f
                0x0000000000005948        0xa /home/arduino/ArduinoApps/edgeaispectrophotometer/.cache/sketch/core/core.a(llext_wrappers.c.o)
                0x0000000000005948                __aeabi_d2f
 .text.__aeabi_f2d
                0x0000000000005952        0xa /home/arduino/ArduinoApps/edgeaispectrophotometer/.cache/sketch/core/core.a(llext_wrappers.c.o)
                0x0000000000005952                __aeabi_f2d
 .text.__aeabi_l2f
                0x000000000000595c        0xa /home/arduino/ArduinoApps/edgeaispectrophotometer/.cache/sketch/core/core.a(llext_wrappers.c.o)
                0x000000000000595c                __aeabi_l2f
 .text.__aeabi_ul2f
                0x0000000000005966        0xa /home/arduino/ArduinoApps/edgeaispectrophotometer/.cache/sketch/core/core.a(llext_wrappers.c.o)
                0x0000000000005966                __aeabi_ul2f
 .text.__aeabi_uldivmod
                0x0000000000005970        0xa /home/arduino/ArduinoApps/edgeaispectrophotometer/.cache/sketch/core/core.a(llext_wrappers.c.o)
                0x0000000000005970                __aeabi_uldivmod
 *fill*         0x000000000000597a        0x2 
 .text.atexit   0x000000000000597c        0x8 /home/arduino/ArduinoApps/edgeaispectrophotometer/.cache/sketch/core/core.a(llext_wrappers.c.o)
                0x000000000000597c                atexit
 .text.abort    0x0000000000005984        0xc /home/arduino/ArduinoApps/edgeaispectrophotometer/.cache/sketch/core/core.a(llext_wrappers.c.o)
                0x0000000000005984                abort
 .text.initVariant
                0x0000000000005990        0x2 /home/arduino/ArduinoApps/edgeaispectrophotometer/.cache/sketch/core/core.a(main.cpp.o)
                0x0000000000005990                initVariant
 *fill*         0x0000000000005992        0x2 
 .text.main     0x0000000000005994       0x2c /home/arduino/ArduinoApps/edgeaispectrophotometer/.cache/sketch/core/core.a(main.cpp.o)
                0x0000000000005994                main
 .text._ZL10new_helperj
                0x00000000000059c0       0x10 /home/arduino/ArduinoApps/edgeaispectrophotometer/.cache/sketch/core/core.a(new.cpp.o)
 .text._Znwj    0x00000000000059d0        0x8 /home/arduino/ArduinoApps/edgeaispectrophotometer/.cache/sketch/core/core.a(new.cpp.o)
                0x00000000000059d0                operator new(unsigned int)
 .text._ZnwjPv  0x00000000000059d8        0x4 /home/arduino/ArduinoApps/edgeaispectrophotometer/.cache/sketch/core/core.a(new.cpp.o)
                0x00000000000059d8                operator new(unsigned int, void*)
 .text._ZdlPvj  0x00000000000059dc        0x8 /home/arduino/ArduinoApps/edgeaispectrophotometer/.cache/sketch/core/core.a(new.cpp.o)
                0x00000000000059dc                operator delete(void*, unsigned int)
 .text._Z20start_static_threadsv
                0x00000000000059e4       0x6c /home/arduino/ArduinoApps/edgeaispectrophotometer/.cache/sketch/core/core.a(threads.cpp.o)
                0x00000000000059e4                start_static_threads()
 .text.analogWrite
                0x0000000000005a50      0x15c /home/arduino/ArduinoApps/edgeaispectrophotometer/.cache/sketch/core/core.a(wiring_analog.cpp.o)
                0x0000000000005a50                analogWrite
 .text.gpio_pin_configure_dt.isra.0
                0x0000000000005bac       0x2a /home/arduino/ArduinoApps/edgeaispectrophotometer/.cache/sketch/core/core.a(wiring_digital.cpp.o)
 *fill*         0x0000000000005bd6        0x2 
 .text.pinMode  0x0000000000005bd8       0x40 /home/arduino/ArduinoApps/edgeaispectrophotometer/.cache/sketch/core/core.a(wiring_digital.cpp.o)
                0x0000000000005bd8                pinMode
 .text.digitalWrite
                0x0000000000005c18       0x3c /home/arduino/ArduinoApps/edgeaispectrophotometer/.cache/sketch/core/core.a(wiring_digital.cpp.o)
                0x0000000000005c18                digitalWrite
 .text.yield    0x0000000000005c54        0x8 /home/arduino/ArduinoApps/edgeaispectrophotometer/.cache/sketch/core/core.a(zephyrCommon.cpp.o)
                0x0000000000005c54                yield
 .text.millis   0x0000000000005c5c       0x18 /home/arduino/ArduinoApps/edgeaispectrophotometer/.cache/sketch/core/core.a(zephyrCommon.cpp.o)
                0x0000000000005c5c                millis
 .text._ZN6zephyr7arduinoL29init_device_with_dependenciesEPK6device
                0x0000000000005c74       0xd4 /home/arduino/ArduinoApps/edgeaispectrophotometer/.cache/sketch/core/core.a(zephyrPinctrl.cpp.o)
 .text._ZN6zephyr7arduino30init_dev_apply_channel_pinctrlEPK6devicej
                0x0000000000005d48       0x80 /home/arduino/ArduinoApps/edgeaispectrophotometer/.cache/sketch/core/core.a(zephyrPinctrl.cpp.o)
                0x0000000000005d48                zephyr::arduino::init_dev_apply_channel_pinctrl(device const*, unsigned int)
 .text._ZN6zephyr7arduino22init_dev_apply_pinctrlEPK6device
                0x0000000000005dc8       0x10 /home/arduino/ArduinoApps/edgeaispectrophotometer/.cache/sketch/core/core.a(zephyrPinctrl.cpp.o)
                0x0000000000005dc8                zephyr::arduino::init_dev_apply_pinctrl(device const*)
 .text.z_impl_uart_irq_tx_enable
                0x0000000000005dd8        0xa /home/arduino/ArduinoApps/edgeaispectrophotometer/.cache/sketch/core/core.a(zephyrSerial.cpp.o)
 .text._ZN7arduino12ZephyrSerial5beginEm
                0x0000000000005de2        0xa /home/arduino/ArduinoApps/edgeaispectrophotometer/.cache/sketch/core/core.a(zephyrSerial.cpp.o)
                0x0000000000005de2                arduino::ZephyrSerial::begin(unsigned long)
 .text._ZN7arduino12ZephyrSerial5writeEh
                0x0000000000005dec       0x18 /home/arduino/ArduinoApps/edgeaispectrophotometer/.cache/sketch/core/core.a(zephyrSerial.cpp.o)
                0x0000000000005dec                arduino::ZephyrSerial::write(unsigned char)
 .text._ZN7arduino12ZephyrSerialcvbEv
                0x0000000000005e04        0x4 /home/arduino/ArduinoApps/edgeaispectrophotometer/.cache/sketch/core/core.a(zephyrSerial.cpp.o)
                0x0000000000005e04                arduino::ZephyrSerial::operator bool()
 .text.k_sem_give
                0x0000000000005e08        0x8 /home/arduino/ArduinoApps/edgeaispectrophotometer/.cache/sketch/core/core.a(zephyrSerial.cpp.o)
 .text.k_sem_take.isra.0
                0x0000000000005e10        0x8 /home/arduino/ArduinoApps/edgeaispectrophotometer/.cache/sketch/core/core.a(zephyrSerial.cpp.o)
 .text._ZN7arduino12ZephyrSerial4readEv
                0x0000000000005e18       0x48 /home/arduino/ArduinoApps/edgeaispectrophotometer/.cache/sketch/core/core.a(zephyrSerial.cpp.o)
                0x0000000000005e18                arduino::ZephyrSerial::read()
 .text._ZN7arduino12ZephyrSerial4peekEv
                0x0000000000005e60       0x48 /home/arduino/ArduinoApps/edgeaispectrophotometer/.cache/sketch/core/core.a(zephyrSerial.cpp.o)
                0x0000000000005e60                arduino::ZephyrSerial::peek()
 .text._ZN7arduino12ZephyrSerial17availableForWriteEv
                0x0000000000005ea8       0x34 /home/arduino/ArduinoApps/edgeaispectrophotometer/.cache/sketch/core/core.a(zephyrSerial.cpp.o)
                0x0000000000005ea8                arduino::ZephyrSerial::availableForWrite()
 .text._ZN7arduino12ZephyrSerial9availableEv
                0x0000000000005edc       0x34 /home/arduino/ArduinoApps/edgeaispectrophotometer/.cache/sketch/core/core.a(zephyrSerial.cpp.o)
                0x0000000000005edc                arduino::ZephyrSerial::available()
 .text._ZN7arduino12ZephyrSerial5beginEmt
                0x0000000000005f10       0xc4 /home/arduino/ArduinoApps/edgeaispectrophotometer/.cache/sketch/core/core.a(zephyrSerial.cpp.o)
                0x0000000000005f10                arduino::ZephyrSerial::begin(unsigned long, unsigned short)
 .text._ZN7arduino12ZephyrSerial3endEv
                0x0000000000005fd4        0xc /home/arduino/ArduinoApps/edgeaispectrophotometer/.cache/sketch/core/core.a(zephyrSerial.cpp.o)
                0x0000000000005fd4                arduino::ZephyrSerial::end()
 .text._ZN7arduino12ZephyrSerial5flushEv
                0x0000000000005fe0       0x2c /home/arduino/ArduinoApps/edgeaispectrophotometer/.cache/sketch/core/core.a(zephyrSerial.cpp.o)
                0x0000000000005fe0                arduino::ZephyrSerial::flush()
 .text._ZN7arduino12ZephyrSerial5writeEPKhj
                0x000000000000600c       0x70 /home/arduino/ArduinoApps/edgeaispectrophotometer/.cache/sketch/core/core.a(zephyrSerial.cpp.o)
                0x000000000000600c                arduino::ZephyrSerial::write(unsigned char const*, unsigned int)
 .text._ZN7arduino12ZephyrSerial10IrqHandlerEv
                0x000000000000607c       0xec /home/arduino/ArduinoApps/edgeaispectrophotometer/.cache/sketch/core/core.a(zephyrSerial.cpp.o)
                0x000000000000607c                arduino::ZephyrSerial::IrqHandler()
 .text._ZN7arduino12ZephyrSerial11IrqDispatchEPK6devicePv
                0x0000000000006168        0xc /home/arduino/ArduinoApps/edgeaispectrophotometer/.cache/sketch/core/core.a(zephyrSerial.cpp.o)
                0x0000000000006168                arduino::ZephyrSerial::IrqDispatch(device const*, void*)
 .text._ZN7arduino12ZephyrSerial18ZephyrSerialBufferILi64EEC2Ev
                0x0000000000006174       0x28 /home/arduino/ArduinoApps/edgeaispectrophotometer/.cache/sketch/core/core.a(zephyrSerial.cpp.o)
                0x0000000000006174                arduino::ZephyrSerial::ZephyrSerialBuffer<64>::ZephyrSerialBuffer()
                0x0000000000006174                arduino::ZephyrSerial::ZephyrSerialBuffer<64>::ZephyrSerialBuffer()
 .text._GLOBAL__sub_I__ZN7arduino12ZephyrSerial5beginEmt
                0x000000000000619c       0x7c /home/arduino/ArduinoApps/edgeaispectrophotometer/.cache/sketch/core/core.a(zephyrSerial.cpp.o)
 .text.unlikely._ZSt17__throw_bad_allocv
                0x0000000000006218        0x6 /home/arduino/.arduino15/packages/zephyr/tools/arm-zephyr-eabi/0.16.8/bin/../lib/gcc/arm-zephyr-eabi/12.2.0/../../../../arm-zephyr-eabi/lib/thumb/v8-m.main+fp/hard/libstdc++_nano.a(functexcept.o)
                0x0000000000006218                std::__throw_bad_alloc()
 .text.unlikely._ZSt20__throw_length_errorPKc
                0x000000000000621e        0x6 /home/arduino/.arduino15/packages/zephyr/tools/arm-zephyr-eabi/0.16.8/bin/../lib/gcc/arm-zephyr-eabi/12.2.0/../../../../arm-zephyr-eabi/lib/thumb/v8-m.main+fp/hard/libstdc++_nano.a(functexcept.o)
                0x000000000000621e                std::__throw_length_error(char const*)
 .text.unlikely._ZSt25__throw_bad_function_callv
                0x0000000000006224        0x6 /home/arduino/.arduino15/packages/zephyr/tools/arm-zephyr-eabi/0.16.8/bin/../lib/gcc/arm-zephyr-eabi/12.2.0/../../../../arm-zephyr-eabi/lib/thumb/v8-m.main+fp/hard/libstdc++_nano.a(functional.o)
                0x0000000000006224                std::__throw_bad_function_call()
 *(.text.*)
 *(.text._*)
 *(.init)
 *(.ctors)
 *(.dtors)
 *(.fini)

.static_thread_data_area
                0x000000000000622a        0x0
                0x000000000000622a                __static_thread_data_list_start = .
 *(.static_thread_data_area SORT_BY_NAME(.__static_thread_data.*))
                0x000000000000622a                __static_thread_data_list_end = .

.data           0x000000000000622c        0x4
 *(.data .data.*)
 .data._ZN12_GLOBAL__N_124_analog_write_resolutionE
                0x000000000000622c        0x4 /home/arduino/ArduinoApps/edgeaispectrophotometer/.cache/sketch/core/core.a(wiring_analog.cpp.o)

.bss            0x0000000000006230      0x71c
 *(.bss .bss.* COMMON)
 .bss._ZGVN12RouterBridge3HCIE
                0x0000000000006230        0x4 /home/arduino/ArduinoApps/edgeaispectrophotometer/.cache/sketch/sketch/sketch.ino.cpp.o
                0x0000000000006230                guard variable for RouterBridge::HCI
 .bss._ZGVZN7arduino7msgpack8Unpacker10from_arrayIJRiRNS_6StringEEEEbDpOT_E2sz
                0x0000000000006234        0x4 /home/arduino/ArduinoApps/edgeaispectrophotometer/.cache/sketch/sketch/sketch.ino.cpp.o
                0x0000000000006234                guard variable for arduino::msgpack::Unpacker::from_array<int&, arduino::String&>(int&, arduino::String&)::sz
 .bss._ZZN7arduino7msgpack8Unpacker10from_arrayIJRiRNS_6StringEEEEbDpOT_E2sz
                0x0000000000006238        0x4 /home/arduino/ArduinoApps/edgeaispectrophotometer/.cache/sketch/sketch/sketch.ino.cpp.o
                0x0000000000006238                arduino::msgpack::Unpacker::from_array<int&, arduino::String&>(int&, arduino::String&)::sz
 .bss._ZN12RouterBridge3HCIE
                0x000000000000623c       0x28 /home/arduino/ArduinoApps/edgeaispectrophotometer/.cache/sketch/sketch/sketch.ino.cpp.o
                0x000000000000623c                RouterBridge::HCI
 .bss._ZGVZN17RpcDecoderManager11getInstanceEvE8instance
                0x0000000000006264        0x4 /home/arduino/ArduinoApps/edgeaispectrophotometer/.cache/sketch/sketch/sketch.ino.cpp.o
                0x0000000000006264                guard variable for RpcDecoderManager::getInstance()::instance
 .bss._ZZN17RpcDecoderManager11getInstanceEvE8instance
                0x0000000000006268       0x1c /home/arduino/ArduinoApps/edgeaispectrophotometer/.cache/sketch/sketch/sketch.ino.cpp.o
                0x0000000000006268                RpcDecoderManager::getInstance()::instance
 *fill*         0x0000000000006284        0x4 
 .bss._ZZN8RpcUtils6detail12unpackObjectERN7arduino7msgpack8UnpackerEE1t
                0x0000000000006288       0x10 /home/arduino/ArduinoApps/edgeaispectrophotometer/.cache/sketch/sketch/sketch.ino.cpp.o
                0x0000000000006288                RpcUtils::detail::unpackObject(arduino::msgpack::Unpacker&)::t
 .bss._ZGVZN8RpcUtils6detail12unpackObjectERN7arduino7msgpack8UnpackerEE1e
                0x0000000000006298        0x4 /home/arduino/ArduinoApps/edgeaispectrophotometer/.cache/sketch/sketch/sketch.ino.cpp.o
                0x0000000000006298                guard variable for RpcUtils::detail::unpackObject(arduino::msgpack::Unpacker&)::e
 .bss._ZZN8RpcUtils6detail12unpackObjectERN7arduino7msgpack8UnpackerEE1e
                0x000000000000629c        0xc /home/arduino/ArduinoApps/edgeaispectrophotometer/.cache/sketch/sketch/sketch.ino.cpp.o
                0x000000000000629c                RpcUtils::detail::unpackObject(arduino::msgpack::Unpacker&)::e
 .bss._ZZN8RpcUtils6detail12unpackObjectERN7arduino7msgpack8UnpackerEE6map_sz
                0x00000000000062a8        0x4 /home/arduino/ArduinoApps/edgeaispectrophotometer/.cache/sketch/sketch/sketch.ino.cpp.o
                0x00000000000062a8                RpcUtils::detail::unpackObject(arduino::msgpack::Unpacker&)::map_sz
 .bss._ZZN8RpcUtils6detail12unpackObjectERN7arduino7msgpack8UnpackerEE6arr_sz
                0x00000000000062ac        0x4 /home/arduino/ArduinoApps/edgeaispectrophotometer/.cache/sketch/sketch/sketch.ino.cpp.o
                0x00000000000062ac                RpcUtils::detail::unpackObject(arduino::msgpack::Unpacker&)::arr_sz
 .bss._ZGVZN8RpcUtils6detail12unpackObjectERN7arduino7msgpack8UnpackerEE5bytes
                0x00000000000062b0        0x4 /home/arduino/ArduinoApps/edgeaispectrophotometer/.cache/sketch/sketch/sketch.ino.cpp.o
                0x00000000000062b0                guard variable for RpcUtils::detail::unpackObject(arduino::msgpack::Unpacker&)::bytes
 .bss._ZZN8RpcUtils6detail12unpackObjectERN7arduino7msgpack8UnpackerEE5bytes
                0x00000000000062b4        0xc /home/arduino/ArduinoApps/edgeaispectrophotometer/.cache/sketch/sketch/sketch.ino.cpp.o
                0x00000000000062b4                RpcUtils::detail::unpackObject(arduino::msgpack::Unpacker&)::bytes
 .bss._ZGVZN8RpcUtils6detail12unpackObjectERN7arduino7msgpack8UnpackerEE6string
                0x00000000000062c0        0x4 /home/arduino/ArduinoApps/edgeaispectrophotometer/.cache/sketch/sketch/sketch.ino.cpp.o
                0x00000000000062c0                guard variable for RpcUtils::detail::unpackObject(arduino::msgpack::Unpacker&)::string
 .bss._ZZN8RpcUtils6detail12unpackObjectERN7arduino7msgpack8UnpackerEE6string
                0x00000000000062c4        0xc /home/arduino/ArduinoApps/edgeaispectrophotometer/.cache/sketch/sketch/sketch.ino.cpp.o
                0x00000000000062c4                RpcUtils::detail::unpackObject(arduino::msgpack::Unpacker&)::string
 .bss._ZZN8RpcUtils6detail12unpackObjectERN7arduino7msgpack8UnpackerEE5num64
                0x00000000000062d0        0x8 /home/arduino/ArduinoApps/edgeaispectrophotometer/.cache/sketch/sketch/sketch.ino.cpp.o
                0x00000000000062d0                RpcUtils::detail::unpackObject(arduino::msgpack::Unpacker&)::num64
 .bss._ZZN8RpcUtils6detail12unpackObjectERN7arduino7msgpack8UnpackerEE5num32
                0x00000000000062d8        0x4 /home/arduino/ArduinoApps/edgeaispectrophotometer/.cache/sketch/sketch/sketch.ino.cpp.o
                0x00000000000062d8                RpcUtils::detail::unpackObject(arduino::msgpack::Unpacker&)::num32
 .bss._ZZN8RpcUtils6detail12unpackObjectERN7arduino7msgpack8UnpackerEE7integer
                0x00000000000062dc        0x4 /home/arduino/ArduinoApps/edgeaispectrophotometer/.cache/sketch/sketch/sketch.ino.cpp.o
                0x00000000000062dc                RpcUtils::detail::unpackObject(arduino::msgpack::Unpacker&)::integer
 .bss._ZZN8RpcUtils6detail12unpackObjectERN7arduino7msgpack8UnpackerEE1b
                0x00000000000062e0        0x1 /home/arduino/ArduinoApps/edgeaispectrophotometer/.cache/sketch/sketch/sketch.ino.cpp.o
                0x00000000000062e0                RpcUtils::detail::unpackObject(arduino::msgpack::Unpacker&)::b
 .bss._ZZN8RpcUtils6detail12unpackObjectERN7arduino7msgpack8UnpackerEE3nil
                0x00000000000062e1        0x1 /home/arduino/ArduinoApps/edgeaispectrophotometer/.cache/sketch/sketch/sketch.ino.cpp.o
                0x00000000000062e1                RpcUtils::detail::unpackObject(arduino::msgpack::Unpacker&)::nil
 *fill*         0x00000000000062e2        0x2 
 .bss.Monitor   0x00000000000062e4      0x238 /home/arduino/ArduinoApps/edgeaispectrophotometer/.cache/sketch/libraries/Arduino_RouterBridge/singletons.cpp.o
                0x00000000000062e4                Serial
                0x00000000000062e4                Monitor
 *fill*         0x000000000000651c        0x4 
 .bss.Bridge    0x0000000000006520      0x168 /home/arduino/ArduinoApps/edgeaispectrophotometer/.cache/sketch/libraries/Arduino_RouterBridge/singletons.cpp.o
                0x0000000000006520                Bridge
 .bss.Serial3   0x0000000000006688       0xec /home/arduino/ArduinoApps/edgeaispectrophotometer/.cache/sketch/core/core.a(zephyrSerial.cpp.o)
                0x0000000000006688                Serial3
 .bss.Serial2   0x0000000000006774       0xec /home/arduino/ArduinoApps/edgeaispectrophotometer/.cache/sketch/core/core.a(zephyrSerial.cpp.o)
                0x0000000000006774                Serial2
 .bss.Serial1   0x0000000000006860       0xec /home/arduino/ArduinoApps/edgeaispectrophotometer/.cache/sketch/core/core.a(zephyrSerial.cpp.o)
                0x0000000000006860                Serial1
 *(.noinit .noinit.*)

.exported_sym   0x000000000000694c        0x8
 *(.exported_sym)
 .exported_sym  0x000000000000694c        0x8 /home/arduino/ArduinoApps/edgeaispectrophotometer/.cache/sketch/core/core.a(main.cpp.o)
 *(.exported_sym.*)

.rodata._ZN8RpcErrorC2Ev.str1.1
                0x0000000000000000        0x2
 .rodata._ZN8RpcErrorC2Ev.str1.1
                0x0000000000000000        0x1 /home/arduino/ArduinoApps/edgeaispectrophotometer/.cache/sketch/sketch/sketch.ino.cpp.o
 .rodata._ZN8RpcErrorC2Ev.str1.1
                0x0000000000000001        0x1 /home/arduino/ArduinoApps/edgeaispectrophotometer/.cache/sketch/libraries/Arduino_RouterBridge/singletons.cpp.o

.rodata._ZNSt6vectorIjSaIjEE17_M_realloc_insertIJRjEEEvN9__gnu_cxx17__normal_iteratorIPjS1_EEDpOT_.str1.1
                0x0000000000000000       0x34
 .rodata._ZNSt6vectorIjSaIjEE17_M_realloc_insertIJRjEEEvN9__gnu_cxx17__normal_iteratorIPjS1_EEDpOT_.str1.1
                0x0000000000000000       0x1a /home/arduino/ArduinoApps/edgeaispectrophotometer/.cache/sketch/sketch/sketch.ino.cpp.o
 .rodata._ZNSt6vectorIjSaIjEE17_M_realloc_insertIJRjEEEvN9__gnu_cxx17__normal_iteratorIPjS1_EEDpOT_.str1.1
                0x000000000000001a       0x1a /home/arduino/ArduinoApps/edgeaispectrophotometer/.cache/sketch/libraries/Arduino_RouterBridge/singletons.cpp.o

.rodata._ZN7RpcCallIJRKN7arduino6StringEEEC2ES3_P9RPCClientP7k_mutexS8_S3_.str1.1
                0x0000000000000000       0x1e
 .rodata._ZN7RpcCallIJRKN7arduino6StringEEEC2ES3_P9RPCClientP7k_mutexS8_S3_.str1.1
                0x0000000000000000       0x1e /home/arduino/ArduinoApps/edgeaispectrophotometer/.cache/sketch/sketch/sketch.ino.cpp.o

.rodata._ZN10RpcDecoderILj1024EE12get_responseIbEEbjRT_R8RpcError.str1.1
                0x0000000000000000       0x7b
 .rodata._ZN10RpcDecoderILj1024EE12get_responseIbEEbjRT_R8RpcError.str1.1
                0x0000000000000000       0x7b /home/arduino/ArduinoApps/edgeaispectrophotometer/.cache/sketch/sketch/sketch.ino.cpp.o

.rodata._ZN7arduino7msgpack6object3extC2EaPKhj.str1.1
                0x0000000000000000       0x28
 .rodata._ZN7arduino7msgpack6object3extC2EaPKhj.str1.1
                0x0000000000000000       0x28 /home/arduino/ArduinoApps/edgeaispectrophotometer/.cache/sketch/sketch/sketch.ino.cpp.o

.rodata._ZN11BridgeClass11update_safeEv.str1.1
                0x0000000000000000        0x9
 .rodata._ZN11BridgeClass11update_safeEv.str1.1
                0x0000000000000000        0x9 /home/arduino/ArduinoApps/edgeaispectrophotometer/.cache/sketch/sketch/sketch.ino.cpp.o

.rodata._ZN7RpcCallIJEE6resultIbEEbRT_.str1.1
                0x0000000000000000       0x21
 .rodata._ZN7RpcCallIJEE6resultIbEEbRT_.str1.1
                0x0000000000000000       0x21 /home/arduino/ArduinoApps/edgeaispectrophotometer/.cache/sketch/sketch/sketch.ino.cpp.o

.rodata.setup.str1.1
                0x0000000000000000       0x6e
 .rodata.setup.str1.1
                0x0000000000000000       0x6e /home/arduino/ArduinoApps/edgeaispectrophotometer/.cache/sketch/sketch/sketch.ino.cpp.o

.rodata._ZN18RpcFunctionWrapperISt8functionIFvbbbEEEclERN7arduino7msgpack8UnpackerERNS5_6PackerE.str1.1
                0x0000000000000000       0xa6
 .rodata._ZN18RpcFunctionWrapperISt8functionIFvbbbEEEclERN7arduino7msgpack8UnpackerERNS5_6PackerE.str1.1
                0x0000000000000000       0xa6 /home/arduino/ArduinoApps/edgeaispectrophotometer/.cache/sketch/sketch/sketch.ino.cpp.o

.rodata._ZTV15SerialTransport
                0x0000000000000000       0x20
 .rodata._ZTV15SerialTransport
                0x0000000000000000       0x20 /home/arduino/ArduinoApps/edgeaispectrophotometer/.cache/sketch/sketch/sketch.ino.cpp.o
                0x0000000000000000                vtable for SerialTransport

.rodata._ZTV18RpcFunctionWrapperISt8functionIFviiiEEE
                0x0000000000000000       0x14
 .rodata._ZTV18RpcFunctionWrapperISt8functionIFviiiEEE
                0x0000000000000000       0x14 /home/arduino/ArduinoApps/edgeaispectrophotometer/.cache/sketch/sketch/sketch.ino.cpp.o
                0x0000000000000000                vtable for RpcFunctionWrapper<std::function<void (int, int, int)> >

.rodata._ZTV18RpcFunctionWrapperISt8functionIFvbbbEEE
                0x0000000000000000       0x14
 .rodata._ZTV18RpcFunctionWrapperISt8functionIFvbbbEEE
                0x0000000000000000       0x14 /home/arduino/ArduinoApps/edgeaispectrophotometer/.cache/sketch/sketch/sketch.ino.cpp.o