Archive member included to satisfy reference by file (symbol)

/home/arduino/ArduinoApps/edgeaispectrophotometer/.cache/sketch/core/core.a(Print.cpp.o)
                              /home/arduino/ArduinoApps/edgeaispectrophotometer/.cache/sketch/sketch/sketch.ino.cpp.o (arduino::Print::print(char const*))
/home/arduino/ArduinoApps/edgeaispectrophotometer/.cache/sketch/core/core.a(Stream.cpp.o)
                              /home/arduino/ArduinoApps/edgeaispectrophotometer/.cache/sketch/sketch/sketch.ino.cpp.o (arduino::Stream::setTimeout(unsigned long))
/home/arduino/ArduinoApps/edgeaispectrophotometer/.cache/sketch/core/core.a(String.cpp.o)
                              /home/arduino/ArduinoApps/edgeaispectrophotometer/.cache/sketch/sketch/sketch.ino.cpp.o (arduino::String::String(arduino::String&&))
/home/arduino/ArduinoApps/edgeaispectrophotometer/.cache/sketch/core/core.a(itoa.cpp.o)
                              /home/arduino/ArduinoApps/edgeaispectrophotometer/.cache/sketch/core/core.a(String.cpp.o) (dtostrf)
/home/arduino/ArduinoApps/edgeaispectrophotometer/.cache/sketch/core/core.a(llext_wrappers.c.o)
                              /home/arduino/ArduinoApps/edgeaispectrophotometer/.cache/sketch/sketch/sketch.ino.cpp.o (memcpy)
/home/arduino/ArduinoApps/edgeaispectrophotometer/.cache/sketch/core/core.a(main.cpp.o)
                              (main)
/home/arduino/ArduinoApps/edgeaispectrophotometer/.cache/sketch/core/core.a(new.cpp.o)
                              /home/arduino/ArduinoApps/edgeaispectrophotometer/.cache/sketch/sketch/sketch.ino.cpp.o (operator new(unsigned int))
/home/arduino/ArduinoApps/edgeaispectrophotometer/.cache/sketch/core/core.a(threads.cpp.o)
                              /home/arduino/ArduinoApps/edgeaispectrophotometer/.cache/sketch/core/core.a(main.cpp.o) (start_static_threads())
/home/arduino/ArduinoApps/edgeaispectrophotometer/.cache/sketch/core/core.a(wiring_digital.cpp.o)
                              /home/arduino/ArduinoApps/edgeaispectrophotometer/.cache/sketch/libraries/SparkFun Toolkit/sfTkArdSPI.cpp.o (digitalWrite)
/home/arduino/ArduinoApps/edgeaispectrophotometer/.cache/sketch/core/core.a(zephyrCommon.cpp.o)
                              /home/arduino/ArduinoApps/edgeaispectrophotometer/.cache/sketch/libraries/SparkFun Toolkit/sfTkArduino.cpp.o (millis)
/home/arduino/ArduinoApps/edgeaispectrophotometer/.cache/sketch/core/core.a(zephyrPinctrl.cpp.o)
                              /home/arduino/ArduinoApps/edgeaispectrophotometer/.cache/sketch/libraries/Wire/Wire.cpp.o (zephyr::arduino::init_dev_apply_pinctrl(device const*))
/home/arduino/ArduinoApps/edgeaispectrophotometer/.cache/sketch/core/core.a(zephyrSerial.cpp.o)
                              /home/arduino/ArduinoApps/edgeaispectrophotometer/.cache/sketch/libraries/Arduino_RouterBridge/singletons.cpp.o (Serial2)
/home/arduino/.arduino15/packages/zephyr/tools/arm-zephyr-eabi/0.16.8/bin/../lib/gcc/arm-zephyr-eabi/12.2.0/../../../../arm-zephyr-eabi/lib/thumb/v8-m.main+fp/hard/libstdc++_nano.a(functexcept.o)
                              /home/arduino/ArduinoApps/edgeaispectrophotometer/.cache/sketch/sketch/sketch.ino.cpp.o (std::__throw_bad_alloc())

Discarded input sections

 .group         0x0000000000000000        0x8 /home/arduino/ArduinoApps/edgeaispectrophotometer/.cache/sketch/sketch/sketch.ino.cpp.o
 .group         0x0000000000000000        0x8 /home/arduino/ArduinoApps/edgeaispectrophotometer/.cache/sketch/sketch/sketch.ino.cpp.o
 .group         0x0000000000000000        0x8 /home/arduino/ArduinoApps/edgeaispectrophotometer/.cache/sketch/sketch/sketch.ino.cpp.o
 .group         0x0000000000000000        0x8 /home/arduino/ArduinoApps/edgeaispectrophotometer/.cache/sketch/sketch/sketch.ino.cpp.o
 .group         0x0000000000000000        0x8 /home/arduino/ArduinoApps/edgeaispectrophotometer/.cache/sketch/sketch/sketch.ino.cpp.o
 .group         0x0000000000000000        0x8 /home/arduino/ArduinoApps/edgeaispectrophotometer/.cache/sketch/sketch/sketch.ino.cpp.o
 .group         0x0000000000000000        0x8 /home/arduino/ArduinoApps/edgeaispectrophotometer/.cache/sketch/sketch/sketch.ino.cpp.o
 .group         0x0000000000000000        0x8 /home/arduino/ArduinoApps/edgeaispectrophotometer/.cache/sketch/sketch/sketch.ino.cpp.o
 .group         0x0000000000000000        0x8 /home/arduino/ArduinoApps/edgeaispectrophotometer/.cache/sketch/sketch/sketch.ino.cpp.o
 .group         0x0000000000000000        0x8 /home/arduino/ArduinoApps/edgeaispectrophotometer/.cache/sketch/sketch/sketch.ino.cpp.o
 .group         0x0000000000000000        0x8 /home/arduino/ArduinoApps/edgeaispectrophotometer/.cache/sketch/sketch/sketch.ino.cpp.o
 .group         0x0000000000000000        0x8 /home/arduino/ArduinoApps/edgeaispectrophotometer/.cache/sketch/sketch/sketch.ino.cpp.o
 .group         0x0000000000000000        0x8 /home/arduino/ArduinoApps/edgeaispectrophotometer/.cache/sketch/sketch/sketch.ino.cpp.o
[...]
Memory Configuration

Name             Origin             Length             Attributes
*default*        0x0000000000000000 0xffffffffffffffff

Linker script and memory map

LOAD /home/arduino/.arduino15/packages/zephyr/tools/arm-zephyr-eabi/0.16.8/bin/../lib/gcc/arm-zephyr-eabi/12.2.0/../../../../arm-zephyr-eabi/lib/thumb/v8-m.main+fp/hard/libstdc++_nano.a
LOAD /home/arduino/.arduino15/packages/zephyr/tools/arm-zephyr-eabi/0.16.8/bin/../lib/gcc/arm-zephyr-eabi/12.2.0/../../../../arm-zephyr-eabi/lib/thumb/v8-m.main+fp/hard/libsupc++_nano.a
LOAD /home/arduino/.arduino15/packages/zephyr/tools/arm-zephyr-eabi/0.16.8/bin/../lib/gcc/arm-zephyr-eabi/12.2.0/../../../../arm-zephyr-eabi/lib/thumb/v8-m.main+fp/hard/libnosys.a
LOAD /home/arduino/ArduinoApps/edgeaispectrophotometer/.cache/sketch/sketch/sketch.ino.cpp.o
LOAD /home/arduino/ArduinoApps/edgeaispectrophotometer/.cache/sketch/libraries/Wire/Wire.cpp.o
LOAD /home/arduino/ArduinoApps/edgeaispectrophotometer/.cache/sketch/libraries/SPI/SPI.cpp.o
LOAD /home/arduino/ArduinoApps/edgeaispectrophotometer/.cache/sketch/libraries/Arduino_RouterBridge/singletons.cpp.o
LOAD /home/arduino/ArduinoApps/edgeaispectrophotometer/.cache/sketch/libraries/SparkFun AS7343 Arduino Library/sfTk/sfDevAS7343.cpp.o
LOAD /home/arduino/ArduinoApps/edgeaispectrophotometer/.cache/sketch/libraries/SparkFun Toolkit/sfTk/sfToolkit.cpp.o
LOAD /home/arduino/ArduinoApps/edgeaispectrophotometer/.cache/sketch/libraries/SparkFun Toolkit/sfTkArdI2C.cpp.o
LOAD /home/arduino/ArduinoApps/edgeaispectrophotometer/.cache/sketch/libraries/SparkFun Toolkit/sfTkArdSPI.cpp.o
LOAD /home/arduino/ArduinoApps/edgeaispectrophotometer/.cache/sketch/libraries/SparkFun Toolkit/sfTkArduino.cpp.o
LOAD /home/arduino/ArduinoApps/edgeaispectrophotometer/.cache/sketch/core/analogReference.cpp.o
LOAD /home/arduino/ArduinoApps/edgeaispectrophotometer/.cache/sketch/core/tls-syms.S.o
START GROUP
LOAD /home/arduino/ArduinoApps/edgeaispectrophotometer/.cache/sketch/core/core.a
LOAD /home/arduino/.arduino15/packages/zephyr/tools/arm-zephyr-eabi/0.16.8/bin/../lib/gcc/arm-zephyr-eabi/12.2.0/../../../../arm-zephyr-eabi/lib/thumb/v8-m.main+fp/hard/libstdc++_nano.a
LOAD /home/arduino/.arduino15/packages/zephyr/tools/arm-zephyr-eabi/0.16.8/bin/../lib/gcc/arm-zephyr-eabi/12.2.0/../../../../arm-zephyr-eabi/lib/thumb/v8-m.main+fp/hard/libsupc++_nano.a
LOAD /home/arduino/.arduino15/packages/zephyr/tools/arm-zephyr-eabi/0.16.8/bin/../lib/gcc/arm-zephyr-eabi/12.2.0/../../../../arm-zephyr-eabi/lib/thumb/v8-m.main+fp/hard/libm_nano.a
END GROUP

.rodata         0x0000000000000000      0x3ec
 *(.rodata._ZN6zephyr7arduinoL11pinctrl_mapE)
 .rodata._ZN6zephyr7arduinoL11pinctrl_mapE
                0x0000000000000000       0x88 /home/arduino/ArduinoApps/edgeaispectrophotometer/.cache/sketch/core/core.a(zephyrPinctrl.cpp.o)
 *(.rodata._ZN6zephyr7arduinoL35__pinctrl_states__device_dts_ord_17E)
 .rodata._ZN6zephyr7arduinoL35__pinctrl_states__device_dts_ord_17E
                0x0000000000000088       0x18 /home/arduino/ArduinoApps/edgeaispectrophotometer/.cache/sketch/core/core.a(zephyrPinctrl.cpp.o)
 *(.rodata._ZN6zephyr7arduinoL35__pinctrl_states__device_dts_ord_25E)
 .rodata._ZN6zephyr7arduinoL35__pinctrl_states__device_dts_ord_25E
                0x00000000000000a0        0x8 /home/arduino/ArduinoApps/edgeaispectrophotometer/.cache/sketch/core/core.a(zephyrPinctrl.cpp.o)
 *(.rodata._ZN6zephyr7arduinoL35__pinctrl_states__device_dts_ord_29E)
 .rodata._ZN6zephyr7arduinoL35__pinctrl_states__device_dts_ord_29E
                0x00000000000000a8        0x8 /home/arduino/ArduinoApps/edgeaispectrophotometer/.cache/sketch/core/core.a(zephyrPinctrl.cpp.o)
 *(.rodata._ZN6zephyr7arduinoL35__pinctrl_states__device_dts_ord_35E)
 .rodata._ZN6zephyr7arduinoL35__pinctrl_states__device_dts_ord_35E
                0x00000000000000b0       0x10 /home/arduino/ArduinoApps/edgeaispectrophotometer/.cache/sketch/core/core.a(zephyrPinctrl.cpp.o)
 *(.rodata._ZN6zephyr7arduinoL35__pinctrl_states__device_dts_ord_55E)
 .rodata._ZN6zephyr7arduinoL35__pinctrl_states__device_dts_ord_55E
                0x00000000000000c0        0x8 /home/arduino/ArduinoApps/edgeaispectrophotometer/.cache/sketch/core/core.a(zephyrPinctrl.cpp.o)
 *(.rodata._ZN6zephyr7arduinoL35__pinctrl_states__device_dts_ord_64E)
 .rodata._ZN6zephyr7arduinoL35__pinctrl_states__device_dts_ord_64E
                0x00000000000000c8        0x8 /home/arduino/ArduinoApps/edgeaispectrophotometer/.cache/sketch/core/core.a(zephyrPinctrl.cpp.o)
 *(.rodata._ZN6zephyr7arduinoL35__pinctrl_states__device_dts_ord_67E)
 .rodata._ZN6zephyr7arduinoL35__pinctrl_states__device_dts_ord_67E
                0x00000000000000d0        0x8 /home/arduino/ArduinoApps/edgeaispectrophotometer/.cache/sketch/core/core.a(zephyrPinctrl.cpp.o)
 *(.rodata._ZN6zephyr7arduinoL35__pinctrl_states__device_dts_ord_72E)
 .rodata._ZN6zephyr7arduinoL35__pinctrl_states__device_dts_ord_72E
                0x00000000000000d8        0x8 /home/arduino/ArduinoApps/edgeaispectrophotometer/.cache/sketch/core/core.a(zephyrPinctrl.cpp.o)
 *(.rodata._ZN6zephyr7arduinoL35__pinctrl_states__device_dts_ord_80E)
 .rodata._ZN6zephyr7arduinoL35__pinctrl_states__device_dts_ord_80E
                0x00000000000000e0       0x10 /home/arduino/ArduinoApps/edgeaispectrophotometer/.cache/sketch/core/core.a(zephyrPinctrl.cpp.o)
 *(.rodata._ZN6zephyr7arduinoL35__pinctrl_states__device_dts_ord_85E)
 .rodata._ZN6zephyr7arduinoL35__pinctrl_states__device_dts_ord_85E
                0x00000000000000f0        0x8 /home/arduino/ArduinoApps/edgeaispectrophotometer/.cache/sketch/core/core.a(zephyrPinctrl.cpp.o)
 *(.rodata._ZN6zephyr7arduinoL35__pinctrl_states__device_dts_ord_97E)
 .rodata._ZN6zephyr7arduinoL35__pinctrl_states__device_dts_ord_97E
                0x00000000000000f8       0x18 /home/arduino/ArduinoApps/edgeaispectrophotometer/.cache/sketch/core/core.a(zephyrPinctrl.cpp.o)
 *(.rodata._ZN6zephyr7arduinoL36__pinctrl_states__device_dts_ord_102E)
 .rodata._ZN6zephyr7arduinoL36__pinctrl_states__device_dts_ord_102E
                0x0000000000000110       0x18 /home/arduino/ArduinoApps/edgeaispectrophotometer/.cache/sketch/core/core.a(zephyrPinctrl.cpp.o)
 *(.rodata._ZN6zephyr7arduinoL36__pinctrl_states__device_dts_ord_106E)
 .rodata._ZN6zephyr7arduinoL36__pinctrl_states__device_dts_ord_106E
                0x0000000000000128       0x18 /home/arduino/ArduinoApps/edgeaispectrophotometer/.cache/sketch/core/core.a(zephyrPinctrl.cpp.o)
 *(.rodata._ZN6zephyr7arduinoL36__pinctrl_states__device_dts_ord_111E)
 .rodata._ZN6zephyr7arduinoL36__pinctrl_states__device_dts_ord_111E
                0x0000000000000140       0x18 /home/arduino/ArduinoApps/edgeaispectrophotometer/.cache/sketch/core/core.a(zephyrPinctrl.cpp.o)
 *(.rodata._ZN6zephyr7arduinoL36__pinctrl_states__device_dts_ord_117E)
 .rodata._ZN6zephyr7arduinoL36__pinctrl_states__device_dts_ord_117E
                0x0000000000000158       0x18 /home/arduino/ArduinoApps/edgeaispectrophotometer/.cache/sketch/core/core.a(zephyrPinctrl.cpp.o)
 *(.rodata._ZN6zephyr7arduinoL36__pinctrl_states__device_dts_ord_120E)
 .rodata._ZN6zephyr7arduinoL36__pinctrl_states__device_dts_ord_120E
                0x0000000000000170       0x18 /home/arduino/ArduinoApps/edgeaispectrophotometer/.cache/sketch/core/core.a(zephyrPinctrl.cpp.o)
 *(.rodata._ZN6zephyr7arduinoL39__pinctrl_dev_config__device_dts_ord_17E)
 .rodata._ZN6zephyr7arduinoL39__pinctrl_dev_config__device_dts_ord_17E
                0x0000000000000188        0x8 /home/arduino/ArduinoApps/edgeaispectrophotometer/.cache/sketch/core/core.a(zephyrPinctrl.cpp.o)
 *(.rodata._ZN6zephyr7arduinoL39__pinctrl_dev_config__device_dts_ord_25E)
 .rodata._ZN6zephyr7arduinoL39__pinctrl_dev_config__device_dts_ord_25E
                0x0000000000000190        0x8 /home/arduino/ArduinoApps/edgeaispectrophotometer/.cache/sketch/core/core.a(zephyrPinctrl.cpp.o)
 *(.rodata._ZN6zephyr7arduinoL39__pinctrl_dev_config__device_dts_ord_29E)
 .rodata._ZN6zephyr7arduinoL39__pinctrl_dev_config__device_dts_ord_29E
                0x0000000000000198        0x8 /home/arduino/ArduinoApps/edgeaispectrophotometer/.cache/sketch/core/core.a(zephyrPinctrl.cpp.o)
 *(.rodata._ZN6zephyr7arduinoL39__pinctrl_dev_config__device_dts_ord_35E)
 .rodata._ZN6zephyr7arduinoL39__pinctrl_dev_config__device_dts_ord_35E
                0x00000000000001a0        0x8 /home/arduino/ArduinoApps/edgeaispectrophotometer/.cache/sketch/core/core.a(zephyrPinctrl.cpp.o)
 *(.rodata._ZN6zephyr7arduinoL39__pinctrl_dev_config__device_dts_ord_55E)
 .rodata._ZN6zephyr7arduinoL39__pinctrl_dev_config__device_dts_ord_55E
                0x00000000000001a8        0x8 /home/arduino/ArduinoApps/edgeaispectrophotometer/.cache/sketch/core/core.a(zephyrPinctrl.cpp.o)
 *(.rodata._ZN6zephyr7arduinoL39__pinctrl_dev_config__device_dts_ord_64E)
 .rodata._ZN6zephyr7arduinoL39__pinctrl_dev_config__device_dts_ord_64E
                0x00000000000001b0        0x8 /home/arduino/ArduinoApps/edgeaispectrophotometer/.cache/sketch/core/core.a(zephyrPinctrl.cpp.o)
 *(.rodata._ZN6zephyr7arduinoL39__pinctrl_dev_config__device_dts_ord_67E)
 .rodata._ZN6zephyr7arduinoL39__pinctrl_dev_config__device_dts_ord_67E
                0x00000000000001b8        0x8 /home/arduino/ArduinoApps/edgeaispectrophotometer/.cache/sketch/core/core.a(zephyrPinctrl.cpp.o)
 *(.rodata._ZN6zephyr7arduinoL39__pinctrl_dev_config__device_dts_ord_72E)
 .rodata._ZN6zephyr7arduinoL39__pinctrl_dev_config__device_dts_ord_72E
                0x00000000000001c0        0x8 /home/arduino/ArduinoApps/edgeaispectrophotometer/.cache/sketch/core/core.a(zephyrPinctrl.cpp.o)
 *(.rodata._ZN6zephyr7arduinoL39__pinctrl_dev_config__device_dts_ord_80E)
 .rodata._ZN6zephyr7arduinoL39__pinctrl_dev_config__device_dts_ord_80E
                0x00000000000001c8        0x8 /home/arduino/ArduinoApps/edgeaispectrophotometer/.cache/sketch/core/core.a(zephyrPinctrl.cpp.o)
 *(.rodata._ZN6zephyr7arduinoL39__pinctrl_dev_config__device_dts_ord_85E)
 .rodata._ZN6zephyr7arduinoL39__pinctrl_dev_config__device_dts_ord_85E
                0x00000000000001d0        0x8 /home/arduino/ArduinoApps/edgeaispectrophotometer/.cache/sketch/core/core.a(zephyrPinctrl.cpp.o)
 *(.rodata._ZN6zephyr7arduinoL39__pinctrl_dev_config__device_dts_ord_97E)
 .rodata._ZN6zephyr7arduinoL39__pinctrl_dev_config__device_dts_ord_97E
                0x00000000000001d8        0x8 /home/arduino/ArduinoApps/edgeaispectrophotometer/.cache/sketch/core/core.a(zephyrPinctrl.cpp.o)
 *(.rodata._ZN6zephyr7arduinoL40__pinctrl_dev_config__device_dts_ord_102E)
 .rodata._ZN6zephyr7arduinoL40__pinctrl_dev_config__device_dts_ord_102E
                0x00000000000001e0        0x8 /home/arduino/ArduinoApps/edgeaispectrophotometer/.cache/sketch/core/core.a(zephyrPinctrl.cpp.o)
 *(.rodata._ZN6zephyr7arduinoL40__pinctrl_dev_config__device_dts_ord_106E)
 .rodata._ZN6zephyr7arduinoL40__pinctrl_dev_config__device_dts_ord_106E
                0x00000000000001e8        0x8 /home/arduino/ArduinoApps/edgeaispectrophotometer/.cache/sketch/core/core.a(zephyrPinctrl.cpp.o)
 *(.rodata._ZN6zephyr7arduinoL40__pinctrl_dev_config__device_dts_ord_111E)
 .rodata._ZN6zephyr7arduinoL40__pinctrl_dev_config__device_dts_ord_111E
                0x00000000000001f0        0x8 /home/arduino/ArduinoApps/edgeaispectrophotometer/.cache/sketch/core/core.a(zephyrPinctrl.cpp.o)
 *(.rodata._ZN6zephyr7arduinoL40__pinctrl_dev_config__device_dts_ord_117E)
 .rodata._ZN6zephyr7arduinoL40__pinctrl_dev_config__device_dts_ord_117E
                0x00000000000001f8        0x8 /home/arduino/ArduinoApps/edgeaispectrophotometer/.cache/sketch/core/core.a(zephyrPinctrl.cpp.o)
 *(.rodata._ZN6zephyr7arduinoL40__pinctrl_dev_config__device_dts_ord_120E)
 .rodata._ZN6zephyr7arduinoL40__pinctrl_dev_config__device_dts_ord_120E
                0x0000000000000200        0x8 /home/arduino/ArduinoApps/edgeaispectrophotometer/.cache/sketch/core/core.a(zephyrPinctrl.cpp.o)
 *(.rodata._ZTV10sfTkArdI2C)
 .rodata._ZTV10sfTkArdI2C
                0x0000000000000208       0x78 /home/arduino/ArduinoApps/edgeaispectrophotometer/.cache/sketch/libraries/SparkFun Toolkit/sfTkArdI2C.cpp.o
                0x0000000000000208                vtable for sfTkArdI2C
 *(.rodata._ZTV13BridgeMonitorILj512EE)
 .rodata._ZTV13BridgeMonitorILj512EE
                0x0000000000000280       0x24 /home/arduino/ArduinoApps/edgeaispectrophotometer/.cache/sketch/libraries/Arduino_RouterBridge/singletons.cpp.o
                0x0000000000000280                vtable for BridgeMonitor<512u>
 *(.rodata._ZTV15SerialTransport)
 .rodata._ZTV15SerialTransport
                0x00000000000002a4       0x20 /home/arduino/ArduinoApps/edgeaispectrophotometer/.cache/sketch/sketch/sketch.ino.cpp.o
                0x00000000000002a4                vtable for SerialTransport
 *(.rodata._ZTV8sfTkIBus)
 .rodata._ZTV8sfTkIBus
                0x00000000000002c4       0x64 /home/arduino/ArduinoApps/edgeaispectrophotometer/.cache/sketch/sketch/sketch.ino.cpp.o
                0x00000000000002c4                vtable for sfTkIBus
 *(.rodata._ZTVN7arduino12ZephyrSerialE)
 .rodata._ZTVN7arduino12ZephyrSerialE
                0x0000000000000328       0x34 /home/arduino/ArduinoApps/edgeaispectrophotometer/.cache/sketch/core/core.a(zephyrSerial.cpp.o)
                0x0000000000000328                vtable for arduino::ZephyrSerial
 *(.rodata._ZTVN7arduino9ZephyrI2CE)
 .rodata._ZTVN7arduino9ZephyrI2CE
                0x000000000000035c       0x54 /home/arduino/ArduinoApps/edgeaispectrophotometer/.cache/sketch/libraries/Wire/Wire.cpp.o
                0x000000000000035c                vtable for arduino::ZephyrI2C
 *(.rodata._ZTVN7arduino9ZephyrSPIE)
 .rodata._ZTVN7arduino9ZephyrSPIE
                0x00000000000003b0       0x3c /home/arduino/ArduinoApps/edgeaispectrophotometer/.cache/sketch/libraries/SPI/SPI.cpp.o
                0x00000000000003b0                vtable for arduino::ZephyrSPI

.llext.rodata.noreloc
                0x00000000000003ec      0x5c5
 *(.rodata._Z4haltPKc.str1.1)
 .rodata._Z4haltPKc.str1.1
                0x00000000000003ec        0xb /home/arduino/ArduinoApps/edgeaispectrophotometer/.cache/sketch/sketch/sketch.ino.cpp.o
 *(.rodata._ZL8channels)
 .rodata._ZL8channels
                0x00000000000003f7        0xc /home/arduino/ArduinoApps/edgeaispectrophotometer/.cache/sketch/sketch/sketch.ino.cpp.o
 *(.rodata._ZN10RpcDecoderILj1024EE12get_responseIN7arduino7msgpack6object5nil_tEEEbjRT_R8RpcError.str1.1)
 .rodata._ZN10RpcDecoderILj1024EE12get_responseIN7arduino7msgpack6object5nil_tEEEbjRT_R8RpcError.str1.1
                0x0000000000000403       0x7b /home/arduino/ArduinoApps/edgeaispectrophotometer/.cache/sketch/libraries/Arduino_RouterBridge/singletons.cpp.o
 *(.rodata._ZN10RpcDecoderILj1024EE12get_responseIbEEbjRT_R8RpcError.str1.1)
 .rodata._ZN10RpcDecoderILj1024EE12get_responseIbEEbjRT_R8RpcError.str1.1
                0x000000000000047e       0x7b /home/arduino/ArduinoApps/edgeaispectrophotometer/.cache/sketch/sketch/sketch.ino.cpp.o
 *(.rodata._ZN11BridgeClass11update_safeEv.str1.1)
 .rodata._ZN11BridgeClass11update_safeEv.str1.1
                0x00000000000004f9        0x9 /home/arduino/ArduinoApps/edgeaispectrophotometer/.cache/sketch/sketch/sketch.ino.cpp.o
 *(.rodata._ZN11BridgeClass5beginEm.str1.1)
 .rodata._ZN11BridgeClass5beginEm.str1.1
                0x0000000000000502       0x45 /home/arduino/ArduinoApps/edgeaispectrophotometer/.cache/sketch/sketch/sketch.ino.cpp.o
 *(.rodata._ZN13BridgeMonitorILj512EE5_readEj.str1.1)
 .rodata._ZN13BridgeMonitorILj512EE5_readEj.str1.1
                0x0000000000000547        0x9 /home/arduino/ArduinoApps/edgeaispectrophotometer/.cache/sketch/libraries/Arduino_RouterBridge/singletons.cpp.o
 *(.rodata._ZN13BridgeMonitorILj512EE5writeEPKhj.str1.1)
 .rodata._ZN13BridgeMonitorILj512EE5writeEPKhj.str1.1
                0x0000000000000550        0xa /home/arduino/ArduinoApps/edgeaispectrophotometer/.cache/sketch/libraries/Arduino_RouterBridge/singletons.cpp.o
 *(.rodata._ZN13BridgeMonitorILj512EEcvbEv.str1.1)
 .rodata._ZN13BridgeMonitorILj512EEcvbEv.str1.1
                0x000000000000055a       0x4d /home/arduino/ArduinoApps/edgeaispectrophotometer/.cache/sketch/libraries/Arduino_RouterBridge/singletons.cpp.o
 *(.rodata._ZN6zephyr7arduinoL41__pinctrl_state_pins_0__device_dts_ord_17E)
 *fill*         0x00000000000005a7        0x1 
 .rodata._ZN6zephyr7arduinoL41__pinctrl_state_pins_0__device_dts_ord_17E
                0x00000000000005a8        0x0 /home/arduino/ArduinoApps/edgeaispectrophotometer/.cache/sketch/core/core.a(zephyrPinctrl.cpp.o)
 *(.rodata._ZN6zephyr7arduinoL41__pinctrl_state_pins_0__device_dts_ord_25E)
 .rodata._ZN6zephyr7arduinoL41__pinctrl_state_pins_0__device_dts_ord_25E
                0x00000000000005a8       0x10 /home/arduino/ArduinoApps/edgeaispectrophotometer/.cache/sketch/core/core.a(zephyrPinctrl.cpp.o)
 *(.rodata._ZN6zephyr7arduinoL41__pinctrl_state_pins_0__device_dts_ord_29E)
 .rodata._ZN6zephyr7arduinoL41__pinctrl_state_pins_0__device_dts_ord_29E
                0x00000000000005b8       0x10 /home/arduino/ArduinoApps/edgeaispectrophotometer/.cache/sketch/core/core.a(zephyrPinctrl.cpp.o)
 *(.rodata._ZN6zephyr7arduinoL41__pinctrl_state_pins_0__device_dts_ord_35E)
 .rodata._ZN6zephyr7arduinoL41__pinctrl_state_pins_0__device_dts_ord_35E
                0x00000000000005c8       0x10 /home/arduino/ArduinoApps/edgeaispectrophotometer/.cache/sketch/core/core.a(zephyrPinctrl.cpp.o)
 *(.rodata._ZN6zephyr7arduinoL41__pinctrl_state_pins_0__device_dts_ord_55E)
 .rodata._ZN6zephyr7arduinoL41__pinctrl_state_pins_0__device_dts_ord_55E
                0x00000000000005d8       0x10 /home/arduino/ArduinoApps/edgeaispectrophotometer/.cache/sketch/core/core.a(zephyrPinctrl.cpp.o)
 *(.rodata._ZN6zephyr7arduinoL41__pinctrl_state_pins_0__device_dts_ord_64E)
 .rodata._ZN6zephyr7arduinoL41__pinctrl_state_pins_0__device_dts_ord_64E
                0x00000000000005e8       0x10 /home/arduino/ArduinoApps/edgeaispectrophotometer/.cache/sketch/core/core.a(zephyrPinctrl.cpp.o)
 *(.rodata._ZN6zephyr7arduinoL41__pinctrl_state_pins_0__device_dts_ord_67E)
 .rodata._ZN6zephyr7arduinoL41__pinctrl_state_pins_0__device_dts_ord_67E
                0x00000000000005f8       0x10 /home/arduino/ArduinoApps/edgeaispectrophotometer/.cache/sketch/core/core.a(zephyrPinctrl.cpp.o)
 *(.rodata._ZN6zephyr7arduinoL41__pinctrl_state_pins_0__device_dts_ord_72E)
 .rodata._ZN6zephyr7arduinoL41__pinctrl_state_pins_0__device_dts_ord_72E
                0x0000000000000608       0x20 /home/arduino/ArduinoApps/edgeaispectrophotometer/.cache/sketch/core/core.a(zephyrPinctrl.cpp.o)
 *(.rodata._ZN6zephyr7arduinoL41__pinctrl_state_pins_0__device_dts_ord_80E)
 .rodata._ZN6zephyr7arduinoL41__pinctrl_state_pins_0__device_dts_ord_80E
                0x0000000000000628       0x20 /home/arduino/ArduinoApps/edgeaispectrophotometer/.cache/sketch/core/core.a(zephyrPinctrl.cpp.o)
 *(.rodata._ZN6zephyr7arduinoL41__pinctrl_state_pins_0__device_dts_ord_85E)
 .rodata._ZN6zephyr7arduinoL41__pinctrl_state_pins_0__device_dts_ord_85E
                0x0000000000000648       0x20 /home/arduino/ArduinoApps/edgeaispectrophotometer/.cache/sketch/core/core.a(zephyrPinctrl.cpp.o)
 *(.rodata._ZN6zephyr7arduinoL41__pinctrl_state_pins_0__device_dts_ord_97E)
 .rodata._ZN6zephyr7arduinoL41__pinctrl_state_pins_0__device_dts_ord_97E
                0x0000000000000668        0x0 /home/arduino/ArduinoApps/edgeaispectrophotometer/.cache/sketch/core/core.a(zephyrPinctrl.cpp.o)
 *(.rodata._ZN6zephyr7arduinoL41__pinctrl_state_pins_1__device_dts_ord_17E)
 .rodata._ZN6zephyr7arduinoL41__pinctrl_state_pins_1__device_dts_ord_17E
                0x0000000000000668        0x0 /home/arduino/ArduinoApps/edgeaispectrophotometer/.cache/sketch/core/core.a(zephyrPinctrl.cpp.o)
 *(.rodata._ZN6zephyr7arduinoL41__pinctrl_state_pins_1__device_dts_ord_35E)
 .rodata._ZN6zephyr7arduinoL41__pinctrl_state_pins_1__device_dts_ord_35E
                0x0000000000000668       0x10 /home/arduino/ArduinoApps/edgeaispectrophotometer/.cache/sketch/core/core.a(zephyrPinctrl.cpp.o)
 *(.rodata._ZN6zephyr7arduinoL41__pinctrl_state_pins_1__device_dts_ord_80E)
 .rodata._ZN6zephyr7arduinoL41__pinctrl_state_pins_1__device_dts_ord_80E
                0x0000000000000678       0x18 /home/arduino/ArduinoApps/edgeaispectrophotometer/.cache/sketch/core/core.a(zephyrPinctrl.cpp.o)
 *(.rodata._ZN6zephyr7arduinoL41__pinctrl_state_pins_1__device_dts_ord_97E)
 .rodata._ZN6zephyr7arduinoL41__pinctrl_state_pins_1__device_dts_ord_97E
                0x0000000000000690        0x0 /home/arduino/ArduinoApps/edgeaispectrophotometer/.cache/sketch/core/core.a(zephyrPinctrl.cpp.o)
 *(.rodata._ZN6zephyr7arduinoL41__pinctrl_state_pins_2__device_dts_ord_17E)
 .rodata._ZN6zephyr7arduinoL41__pinctrl_state_pins_2__device_dts_ord_17E
                0x0000000000000690       0x30 /home/arduino/ArduinoApps/edgeaispectrophotometer/.cache/sketch/core/core.a(zephyrPinctrl.cpp.o)
 *(.rodata._ZN6zephyr7arduinoL41__pinctrl_state_pins_2__device_dts_ord_97E)
 .rodata._ZN6zephyr7arduinoL41__pinctrl_state_pins_2__device_dts_ord_97E
                0x00000000000006c0       0x18 /home/arduino/ArduinoApps/edgeaispectrophotometer/.cache/sketch/core/core.a(zephyrPinctrl.cpp.o)
 *(.rodata._ZN6zephyr7arduinoL42__pinctrl_state_pins_0__device_dts_ord_102E)
 .rodata._ZN6zephyr7arduinoL42__pinctrl_state_pins_0__device_dts_ord_102E
                0x00000000000006d8        0x0 /home/arduino/ArduinoApps/edgeaispectrophotometer/.cache/sketch/core/core.a(zephyrPinctrl.cpp.o)
 *(.rodata._ZN6zephyr7arduinoL42__pinctrl_state_pins_0__device_dts_ord_106E)
 .rodata._ZN6zephyr7arduinoL42__pinctrl_state_pins_0__device_dts_ord_106E
                0x00000000000006d8        0x0 /home/arduino/ArduinoApps/edgeaispectrophotometer/.cache/sketch/core/core.a(zephyrPinctrl.cpp.o)
 *(.rodata._ZN6zephyr7arduinoL42__pinctrl_state_pins_0__device_dts_ord_111E)
 .rodata._ZN6zephyr7arduinoL42__pinctrl_state_pins_0__device_dts_ord_111E
                0x00000000000006d8        0x0 /home/arduino/ArduinoApps/edgeaispectrophotometer/.cache/sketch/core/core.a(zephyrPinctrl.cpp.o)
 *(.rodata._ZN6zephyr7arduinoL42__pinctrl_state_pins_0__device_dts_ord_117E)
 .rodata._ZN6zephyr7arduinoL42__pinctrl_state_pins_0__device_dts_ord_117E
                0x00000000000006d8        0x0 /home/arduino/ArduinoApps/edgeaispectrophotometer/.cache/sketch/core/core.a(zephyrPinctrl.cpp.o)
 *(.rodata._ZN6zephyr7arduinoL42__pinctrl_state_pins_0__device_dts_ord_120E)
 .rodata._ZN6zephyr7arduinoL42__pinctrl_state_pins_0__device_dts_ord_120E
                0x00000000000006d8        0x0 /home/arduino/ArduinoApps/edgeaispectrophotometer/.cache/sketch/core/core.a(zephyrPinctrl.cpp.o)
 *(.rodata._ZN6zephyr7arduinoL42__pinctrl_state_pins_1__device_dts_ord_102E)
 .rodata._ZN6zephyr7arduinoL42__pinctrl_state_pins_1__device_dts_ord_102E
                0x00000000000006d8        0x0 /home/arduino/ArduinoApps/edgeaispectrophotometer/.cache/sketch/core/core.a(zephyrPinctrl.cpp.o)
 *(.rodata._ZN6zephyr7arduinoL42__pinctrl_state_pins_1__device_dts_ord_106E)
 .rodata._ZN6zephyr7arduinoL42__pinctrl_state_pins_1__device_dts_ord_106E
                0x00000000000006d8        0x0 /home/arduino/ArduinoApps/edgeaispectrophotometer/.cache/sketch/core/core.a(zephyrPinctrl.cpp.o)
 *(.rodata._ZN6zephyr7arduinoL42__pinctrl_state_pins_1__device_dts_ord_111E)
 .rodata._ZN6zephyr7arduinoL42__pinctrl_state_pins_1__device_dts_ord_111E
                0x00000000000006d8        0x0 /home/arduino/ArduinoApps/edgeaispectrophotometer/.cache/sketch/core/core.a(zephyrPinctrl.cpp.o)
 *(.rodata._ZN6zephyr7arduinoL42__pinctrl_state_pins_1__device_dts_ord_117E)
 .rodata._ZN6zephyr7arduinoL42__pinctrl_state_pins_1__device_dts_ord_117E
                0x00000000000006d8        0x0 /home/arduino/ArduinoApps/edgeaispectrophotometer/.cache/sketch/core/core.a(zephyrPinctrl.cpp.o)
 *(.rodata._ZN6zephyr7arduinoL42__pinctrl_state_pins_1__device_dts_ord_120E)
 .rodata._ZN6zephyr7arduinoL42__pinctrl_state_pins_1__device_dts_ord_120E
                0x00000000000006d8        0x0 /home/arduino/ArduinoApps/edgeaispectrophotometer/.cache/sketch/core/core.a(zephyrPinctrl.cpp.o)
 *(.rodata._ZN6zephyr7arduinoL42__pinctrl_state_pins_2__device_dts_ord_102E)
 .rodata._ZN6zephyr7arduinoL42__pinctrl_state_pins_2__device_dts_ord_102E
                0x00000000000006d8       0x18 /home/arduino/ArduinoApps/edgeaispectrophotometer/.cache/sketch/core/core.a(zephyrPinctrl.cpp.o)
 *(.rodata._ZN6zephyr7arduinoL42__pinctrl_state_pins_2__device_dts_ord_106E)
 .rodata._ZN6zephyr7arduinoL42__pinctrl_state_pins_2__device_dts_ord_106E
                0x00000000000006f0       0x10 /home/arduino/ArduinoApps/edgeaispectrophotometer/.cache/sketch/core/core.a(zephyrPinctrl.cpp.o)
 *(.rodata._ZN6zephyr7arduinoL42__pinctrl_state_pins_2__device_dts_ord_111E)
 .rodata._ZN6zephyr7arduinoL42__pinctrl_state_pins_2__device_dts_ord_111E
                0x0000000000000700       0x18 /home/arduino/ArduinoApps/edgeaispectrophotometer/.cache/sketch/core/core.a(zephyrPinctrl.cpp.o)
 *(.rodata._ZN6zephyr7arduinoL42__pinctrl_state_pins_2__device_dts_ord_117E)
 .rodata._ZN6zephyr7arduinoL42__pinctrl_state_pins_2__device_dts_ord_117E
                0x0000000000000718       0x20 /home/arduino/ArduinoApps/edgeaispectrophotometer/.cache/sketch/core/core.a(zephyrPinctrl.cpp.o)
 *(.rodata._ZN6zephyr7arduinoL42__pinctrl_state_pins_2__device_dts_ord_120E)
 .rodata._ZN6zephyr7arduinoL42__pinctrl_state_pins_2__device_dts_ord_120E
                0x0000000000000738        0x8 /home/arduino/ArduinoApps/edgeaispectrophotometer/.cache/sketch/core/core.a(zephyrPinctrl.cpp.o)
 *(.rodata._ZN7RpcCallIJEE6resultIbEEbRT_.part.0.str1.1)
 .rodata._ZN7RpcCallIJEE6resultIbEEbRT_.part.0.str1.1
                0x0000000000000740       0x21 /home/arduino/ArduinoApps/edgeaispectrophotometer/.cache/sketch/sketch/sketch.ino.cpp.o
 *(.rodata._ZN7RpcCallIJEEC2ERKN7arduino6StringEP9RPCClientP7k_mutexS8_.str1.1)
 .rodata._ZN7RpcCallIJEEC2ERKN7arduino6StringEP9RPCClientP7k_mutexS8_.str1.1
                0x0000000000000761       0x1e /home/arduino/ArduinoApps/edgeaispectrophotometer/.cache/sketch/sketch/sketch.ino.cpp.o
 *(.rodata._ZN7arduino5Print10printFloatEdi.str1.1)
 .rodata._ZN7arduino5Print10printFloatEdi.str1.1
                0x000000000000077f        0xe /home/arduino/ArduinoApps/edgeaispectrophotometer/.cache/sketch/core/core.a(Print.cpp.o)
 *(.rodata._ZN7arduino5Print7printlnEv.str1.1)
 .rodata._ZN7arduino5Print7printlnEv.str1.1
                0x000000000000078d        0x3 /home/arduino/ArduinoApps/edgeaispectrophotometer/.cache/sketch/core/core.a(Print.cpp.o)
 *(.rodata._ZN7arduino7msgpack6object3extC2EaPKhj.str1.1)
 .rodata._ZN7arduino7msgpack6object3extC2EaPKhj.str1.1
                0x0000000000000790       0x28 /home/arduino/ArduinoApps/edgeaispectrophotometer/.cache/sketch/sketch/sketch.ino.cpp.o
 *(.rodata._ZN8RpcErrorC2Ev.str1.1)
 .rodata._ZN8RpcErrorC2Ev.str1.1
                0x00000000000007b8        0x1 /home/arduino/ArduinoApps/edgeaispectrophotometer/.cache/sketch/sketch/sketch.ino.cpp.o
 .rodata._ZN8RpcErrorC2Ev.str1.1
                0x00000000000007b9        0x1 /home/arduino/ArduinoApps/edgeaispectrophotometer/.cache/sketch/libraries/Arduino_RouterBridge/singletons.cpp.o
 *(.rodata._ZNSt6vectorIjSaIjEE17_M_realloc_insertIJRjEEEvN9__gnu_cxx17__normal_iteratorIPjS1_EEDpOT_.str1.1)
 .rodata._ZNSt6vectorIjSaIjEE17_M_realloc_insertIJRjEEEvN9__gnu_cxx17__normal_iteratorIPjS1_EEDpOT_.str1.1
                0x00000000000007ba       0x1a /home/arduino/ArduinoApps/edgeaispectrophotometer/.cache/sketch/sketch/sketch.ino.cpp.o
 .rodata._ZNSt6vectorIjSaIjEE17_M_realloc_insertIJRjEEEvN9__gnu_cxx17__normal_iteratorIPjS1_EEDpOT_.str1.1
                0x00000000000007d4       0x1a /home/arduino/ArduinoApps/edgeaispectrophotometer/.cache/sketch/libraries/Arduino_RouterBridge/singletons.cpp.o
 *(.rodata.loop.str1.1)
 .rodata.loop.str1.1
                0x00000000000007ee       0x83 /home/arduino/ArduinoApps/edgeaispectrophotometer/.cache/sketch/sketch/sketch.ino.cpp.o
 *(.rodata.setup.str1.1)
 .rodata.setup.str1.1
                0x0000000000000871       0xc9 /home/arduino/ArduinoApps/edgeaispectrophotometer/.cache/sketch/sketch/sketch.ino.cpp.o
 *(.rodata.str1.1)
 .rodata.str1.1
                0x000000000000093a       0x26 /home/arduino/ArduinoApps/edgeaispectrophotometer/.cache/sketch/sketch/sketch.ino.cpp.o
 .rodata.str1.1
                0x0000000000000960       0x51 /home/arduino/ArduinoApps/edgeaispectrophotometer/.cache/sketch/core/core.a(main.cpp.o)

.rel.rodata
 *(.rel.rodata)
 *(.rel.rodata.*)

.rela.rodata
 *(.rela.rodata)
 *(.rela.rodata.*)

/DISCARD/
 *(.ARM.attributes)
 *(.ARM.attributes.*)
 *(.ARM.exidx)
 *(.ARM.exidx.*)
 *(.ARM.extidx)
 *(.ARM.extidx.*)
 *(.ARM.extab)
 *(.ARM.extab.*)
 *(.comment)
 *(.comment.*)
 *(.llvmbc)
 *(.llvmcmd)
 *(.eh_frame)
 *stdexcept.o()
 *eh_*.o()
 *cow-stdexcept.o()
 *cow-string-inst.o()

.text           0x0000000000000000     0x6dc4
 *(.text)
 *(.stub)
 *(.text*)
 .text._ZN15SerialTransport9availableEv
                0x0000000000000000       0x12 /home/arduino/ArduinoApps/edgeaispectrophotometer/.cache/sketch/sketch/sketch.ino.cpp.o
                0x0000000000000000                SerialTransport::available()
 .text._ZN15SerialTransport5writeEPKhj
                0x0000000000000012       0x10 /home/arduino/ArduinoApps/edgeaispectrophotometer/.cache/sketch/sketch/sketch.ino.cpp.o
                0x0000000000000012                SerialTransport::write(unsigned char const*, unsigned int)
 .text._ZN8sfTkIBus9writeDataEh
                0x0000000000000022       0x1c /home/arduino/ArduinoApps/edgeaispectrophotometer/.cache/sketch/sketch/sketch.ino.cpp.o
                0x0000000000000022                sfTkIBus::writeData(unsigned char)
 .text._ZN8sfTkIBus9writeDataEPKhj
                0x000000000000003e       0x14 /home/arduino/ArduinoApps/edgeaispectrophotometer/.cache/sketch/sketch/sketch.ino.cpp.o
                0x000000000000003e                sfTkIBus::writeData(unsigned char const*, unsigned int)
 .text._ZN8sfTkIBus13writeRegisterEhPKhj
                0x0000000000000052       0x1a /home/arduino/ArduinoApps/edgeaispectrophotometer/.cache/sketch/sketch/sketch.ino.cpp.o
                0x0000000000000052                sfTkIBus::writeRegister(unsigned char, unsigned char const*, unsigned int)
 .text._ZN8sfTkIBus13writeRegisterEth
                0x000000000000006c       0x16 /home/arduino/ArduinoApps/edgeaispectrophotometer/.cache/sketch/sketch/sketch.ino.cpp.o
                0x000000000000006c                sfTkIBus::writeRegister(unsigned short, unsigned char)
 .text._ZN8sfTkIBus13writeRegisterEtt
                0x0000000000000082       0x16 /home/arduino/ArduinoApps/edgeaispectrophotometer/.cache/sketch/sketch/sketch.ino.cpp.o
                0x0000000000000082                sfTkIBus::writeRegister(unsigned short, unsigned short)
 .text._ZN8sfTkIBus12readRegisterEhRh
                0x0000000000000098       0x24 /home/arduino/ArduinoApps/edgeaispectrophotometer/.cache/sketch/sketch/sketch.ino.cpp.o
                0x0000000000000098                sfTkIBus::readRegister(unsigned char, unsigned char&)
 .text._ZN8sfTkIBus12readRegisterEhPhjRj
                0x00000000000000bc       0x24 /home/arduino/ArduinoApps/edgeaispectrophotometer/.cache/sketch/sketch/sketch.ino.cpp.o
                0x00000000000000bc                sfTkIBus::readRegister(unsigned char, unsigned char*, unsigned int, unsigned int&)
 .text._ZN8sfTkIBus4typeEv
                0x00000000000000e0        0x4 /home/arduino/ArduinoApps/edgeaispectrophotometer/.cache/sketch/sketch/sketch.ino.cpp.o
                0x00000000000000e0                sfTkIBus::type()
 .text._ZN8sfTkII2C10setAddressEh
                0x00000000000000e4        0x4 /home/arduino/ArduinoApps/edgeaispectrophotometer/.cache/sketch/sketch/sketch.ino.cpp.o
                0x00000000000000e4                sfTkII2C::setAddress(unsigned char)
 .text._ZN8sfTkII2C7addressEv
                0x00000000000000e8        0x4 /home/arduino/ArduinoApps/edgeaispectrophotometer/.cache/sketch/sketch/sketch.ino.cpp.o
                0x00000000000000e8                sfTkII2C::address()
 .text._ZN8sfTkII2C7setStopEb
                0x00000000000000ec        0x4 /home/arduino/ArduinoApps/edgeaispectrophotometer/.cache/sketch/sketch/sketch.ino.cpp.o
                0x00000000000000ec                sfTkII2C::setStop(bool)
 .text._ZN8sfTkII2C4stopEv
                0x00000000000000f0        0x4 /home/arduino/ArduinoApps/edgeaispectrophotometer/.cache/sketch/sketch/sketch.ino.cpp.o
                0x00000000000000f0                sfTkII2C::stop()
 .text._ZN8sfTkII2C4typeEv
                0x00000000000000f4        0x4 /home/arduino/ArduinoApps/edgeaispectrophotometer/.cache/sketch/sketch/sketch.ino.cpp.o
                0x00000000000000f4                sfTkII2C::type()
 .text._ZN15SerialTransportD2Ev
                0x00000000000000f8        0x2 /home/arduino/ArduinoApps/edgeaispectrophotometer/.cache/sketch/sketch/sketch.ino.cpp.o
                0x00000000000000f8                SerialTransport::~SerialTransport()
                0x00000000000000f8                SerialTransport::~SerialTransport()
 *fill*         0x00000000000000fa        0x2 
 .text.k_yield  0x00000000000000fc        0x8 /home/arduino/ArduinoApps/edgeaispectrophotometer/.cache/sketch/sketch/sketch.ino.cpp.o
 .text.k_mutex_lock
                0x0000000000000104        0x8 /home/arduino/ArduinoApps/edgeaispectrophotometer/.cache/sketch/sketch/sketch.ino.cpp.o
 .text.__tcf_0  0x000000000000010c       0x10 /home/arduino/ArduinoApps/edgeaispectrophotometer/.cache/sketch/sketch/sketch.ino.cpp.o
 .text._ZN15SerialTransport4readEPhj
                0x000000000000011c       0x28 /home/arduino/ArduinoApps/edgeaispectrophotometer/.cache/sketch/sketch/sketch.ino.cpp.o
                0x000000000000011c                SerialTransport::read(unsigned char*, unsigned int)
 .text._ZN15SerialTransport9read_byteERh
                0x0000000000000144       0x20 /home/arduino/ArduinoApps/edgeaispectrophotometer/.cache/sketch/sketch/sketch.ino.cpp.o
                0x0000000000000144                SerialTransport::read_byte(unsigned char&)
 .text._ZN15SerialTransportD0Ev
                0x0000000000000164       0x14 /home/arduino/ArduinoApps/edgeaispectrophotometer/.cache/sketch/sketch/sketch.ino.cpp.o
                0x0000000000000164                SerialTransport::~SerialTransport()
 .text._ZN8sfTkIBus12readRegisterEhRt
                0x0000000000000178       0x4c /home/arduino/ArduinoApps/edgeaispectrophotometer/.cache/sketch/sketch/sketch.ino.cpp.o
                0x0000000000000178                sfTkIBus::readRegister(unsigned char, unsigned short&)
 .text._ZN8sfTkIBus13writeRegisterEtPKhj
                0x00000000000001c4       0x40 /home/arduino/ArduinoApps/edgeaispectrophotometer/.cache/sketch/sketch/sketch.ino.cpp.o
                0x00000000000001c4                sfTkIBus::writeRegister(unsigned short, unsigned char const*, unsigned int)
 .text._ZN8sfTkIBus13writeRegisterEht
                0x0000000000000204       0x48 /home/arduino/ArduinoApps/edgeaispectrophotometer/.cache/sketch/sketch/sketch.ino.cpp.o
                0x0000000000000204                sfTkIBus::writeRegister(unsigned char, unsigned short)
 .text._ZN8sfTkIBus9writeDataEt
                0x000000000000024c       0x40 /home/arduino/ArduinoApps/edgeaispectrophotometer/.cache/sketch/sketch/sketch.ino.cpp.o
                0x000000000000024c                sfTkIBus::writeData(unsigned short)
 .text._ZN8sfTkIBus12readRegisterEhRj
                0x000000000000028c       0x4c /home/arduino/ArduinoApps/edgeaispectrophotometer/.cache/sketch/sketch/sketch.ino.cpp.o
                0x000000000000028c                sfTkIBus::readRegister(unsigned char, unsigned int&)
 .text._ZN8sfTkIBus13writeRegisterEtj
                0x00000000000002d8       0x38 /home/arduino/ArduinoApps/edgeaispectrophotometer/.cache/sketch/sketch/sketch.ino.cpp.o
                0x00000000000002d8                sfTkIBus::writeRegister(unsigned short, unsigned int)
 .text._ZN8sfTkIBus13writeRegisterEhj
                0x0000000000000310       0x40 /home/arduino/ArduinoApps/edgeaispectrophotometer/.cache/sketch/sketch/sketch.ino.cpp.o
                0x0000000000000310                sfTkIBus::writeRegister(unsigned char, unsigned int)
 .text._ZN8sfTkIBus9writeDataEj
                0x0000000000000350       0x38 /home/arduino/ArduinoApps/edgeaispectrophotometer/.cache/sketch/sketch/sketch.ino.cpp.o
                0x0000000000000350                sfTkIBus::writeData(unsigned int)
 .text._ZN8sfTkIBus13writeRegisterEtPKtj
                0x0000000000000388       0x68 /home/arduino/ArduinoApps/edgeaispectrophotometer/.cache/sketch/sketch/sketch.ino.cpp.o
                0x0000000000000388                sfTkIBus::writeRegister(unsigned short, unsigned short const*, unsigned int)
 .text._ZSt14__relocate_a_1IhhENSt9enable_ifIXsrSt24__is_bitwise_relocatableIT_vE5valueEPS2_E4typeES4_S4_S4_RSaIT0_E.isra.0
                0x00000000000003f0       0x20 /home/arduino/ArduinoApps/edgeaispectrophotometer/.cache/sketch/sketch/sketch.ino.cpp.o
 .text._ZNSt12_Vector_baseIhSaIhEE11_M_allocateEj.isra.0
                0x0000000000000410       0x20 /home/arduino/ArduinoApps/edgeaispectrophotometer/.cache/sketch/sketch/sketch.ino.cpp.o
 .text.k_mutex_unlock.isra.0
                0x0000000000000430        0x8 /home/arduino/ArduinoApps/edgeaispectrophotometer/.cache/sketch/sketch/sketch.ino.cpp.o
 .text.k_mutex_init.isra.0
                0x0000000000000438        0x8 /home/arduino/ArduinoApps/edgeaispectrophotometer/.cache/sketch/sketch/sketch.ino.cpp.o
 .text.k_sleep.isra.0
                0x0000000000000440        0x8 /home/arduino/ArduinoApps/edgeaispectrophotometer/.cache/sketch/sketch/sketch.ino.cpp.o
 .text.k_msleep.constprop.0.isra.0
                0x0000000000000448        0xc /home/arduino/ArduinoApps/edgeaispectrophotometer/.cache/sketch/sketch/sketch.ino.cpp.o
 .text._ZN7arduino7msgpack8Unpacker11deserializeEv
                0x0000000000000454       0x16 /home/arduino/ArduinoApps/edgeaispectrophotometer/.cache/sketch/sketch/sketch.ino.cpp.o
                0x0000000000000454                arduino::msgpack::Unpacker::deserialize()
 .text._ZN7arduino7msgpack8Unpacker5clearEv
                0x000000000000046a       0x14 /home/arduino/ArduinoApps/edgeaispectrophotometer/.cache/sketch/sketch/sketch.ino.cpp.o
                0x000000000000046a                arduino::msgpack::Unpacker::clear()
 .text._ZNK7arduino7msgpack8Unpacker13getRawBytePtrEjj
                0x000000000000047e       0x1e /home/arduino/ArduinoApps/edgeaispectrophotometer/.cache/sketch/sketch/sketch.ino.cpp.o
                0x000000000000047e                arduino::msgpack::Unpacker::getRawBytePtr(unsigned int, unsigned int) const
 .text._ZN8RpcErrorC2Ev
                0x000000000000049c       0x2c /home/arduino/ArduinoApps/edgeaispectrophotometer/.cache/sketch/sketch/sketch.ino.cpp.o
                0x000000000000049c                RpcError::RpcError()
                0x000000000000049c                RpcError::RpcError()
 .text._ZN17RpcDecoderManager10getDecoderER10ITransport
                0x00000000000004c8       0x7c /home/arduino/ArduinoApps/edgeaispectrophotometer/.cache/sketch/sketch/sketch.ino.cpp.o
                0x00000000000004c8                RpcDecoderManager::getDecoder(ITransport&)
 .text._ZN17RpcDecoderManager11getInstanceEv
                0x0000000000000544       0x30 /home/arduino/ArduinoApps/edgeaispectrophotometer/.cache/sketch/sketch/sketch.ino.cpp.o
                0x0000000000000544                RpcDecoderManager::getInstance()
 .text._ZN7arduino7msgpack8UnpackerC2Ev
                0x0000000000000574       0x10 /home/arduino/ArduinoApps/edgeaispectrophotometer/.cache/sketch/sketch/sketch.ino.cpp.o
                0x0000000000000574                arduino::msgpack::Unpacker::Unpacker()
                0x0000000000000574                arduino::msgpack::Unpacker::Unpacker()
 .text._ZN10RPCRequestILj256EEC2Ev
                0x0000000000000584       0x4c /home/arduino/ArduinoApps/edgeaispectrophotometer/.cache/sketch/sketch/sketch.ino.cpp.o
                0x0000000000000584                RPCRequest<256u>::RPCRequest()
                0x0000000000000584                RPCRequest<256u>::RPCRequest()
 .text._ZN11BridgeClass10is_startedEv
                0x00000000000005d0       0x2c /home/arduino/ArduinoApps/edgeaispectrophotometer/.cache/sketch/sketch/sketch.ino.cpp.o
                0x00000000000005d0                BridgeClass::is_started()
 .text._ZN8sfTkIBus12readRegisterEtPhjRj
                0x00000000000005fc       0x4c /home/arduino/ArduinoApps/edgeaispectrophotometer/.cache/sketch/sketch/sketch.ino.cpp.o
                0x00000000000005fc                sfTkIBus::readRegister(unsigned short, unsigned char*, unsigned int, unsigned int&)
 .text._ZN8sfTkIBus12readRegisterEtPtjRj
                0x0000000000000648       0x58 /home/arduino/ArduinoApps/edgeaispectrophotometer/.cache/sketch/sketch/sketch.ino.cpp.o
                0x0000000000000648                sfTkIBus::readRegister(unsigned short, unsigned short*, unsigned int, unsigned int&)
 .text._ZN8sfTkIBus12readRegisterEtRj
                0x00000000000006a0       0x3c /home/arduino/ArduinoApps/edgeaispectrophotometer/.cache/sketch/sketch/sketch.ino.cpp.o
                0x00000000000006a0                sfTkIBus::readRegister(unsigned short, unsigned int&)
 .text._ZN8sfTkIBus12readRegisterEtRt
                0x00000000000006dc       0x3c /home/arduino/ArduinoApps/edgeaispectrophotometer/.cache/sketch/sketch/sketch.ino.cpp.o
                0x00000000000006dc                sfTkIBus::readRegister(unsigned short, unsigned short&)
 .text._ZN8sfTkIBus12readRegisterEtRh
                0x0000000000000718       0x18 /home/arduino/ArduinoApps/edgeaispectrophotometer/.cache/sketch/sketch/sketch.ino.cpp.o
                0x0000000000000718                sfTkIBus::readRegister(unsigned short, unsigned char&)
 .text._Z4haltPKc
                0x0000000000000730       0x2c /home/arduino/ArduinoApps/edgeaispectrophotometer/.cache/sketch/sketch/sketch.ino.cpp.o
                0x0000000000000730                halt(char const*)
 .text._ZNSt12_Vector_baseIhSaIhEED2Ev
                0x000000000000075c       0x18 /home/arduino/ArduinoApps/edgeaispectrophotometer/.cache/sketch/sketch/sketch.ino.cpp.o
                0x000000000000075c                std::_Vector_base<unsigned char, std::allocator<unsigned char> >::~_Vector_base()
                0x000000000000075c                std::_Vector_base<unsigned char, std::allocator<unsigned char> >::~_Vector_base()
 .text.__tcf_2  0x0000000000000774       0x14 /home/arduino/ArduinoApps/edgeaispectrophotometer/.cache/sketch/sketch/sketch.ino.cpp.o
 .text.__tcf_1  0x0000000000000788       0x14 /home/arduino/ArduinoApps/edgeaispectrophotometer/.cache/sketch/sketch/sketch.ino.cpp.o
 .text._ZNSt6vectorIhSaIhEE14_M_move_assignEOS1_St17integral_constantIbLb1EE.isra.0
                0x000000000000079c       0x34 /home/arduino/ArduinoApps/edgeaispectrophotometer/.cache/sketch/sketch/sketch.ino.cpp.o
 .text._ZNK7arduino7msgpack8Unpacker11getRawBytesIhEET_jj
                0x00000000000007d0       0x1e /home/arduino/ArduinoApps/edgeaispectrophotometer/.cache/sketch/sketch/sketch.ino.cpp.o
                0x00000000000007d0                unsigned char arduino::msgpack::Unpacker::getRawBytes<unsigned char>(unsigned int, unsigned int) const
 *fill*         0x00000000000007ee        0x2 
 .text._ZNK7arduino7msgpack8Unpacker7getTypeEj
                0x00000000000007f0       0x58 /home/arduino/ArduinoApps/edgeaispectrophotometer/.cache/sketch/sketch/sketch.ino.cpp.o
                0x00000000000007f0                arduino::msgpack::Unpacker::getType(unsigned int) const
 .text._ZNK7arduino7msgpack8Unpacker7getTypeEv
                0x0000000000000848       0x10 /home/arduino/ArduinoApps/edgeaispectrophotometer/.cache/sketch/sketch/sketch.ino.cpp.o
                0x0000000000000848                arduino::msgpack::Unpacker::getType() const
 .text._ZN7arduino7msgpack8Unpacker11unpackInt32Ev
                0x0000000000000858       0x58 /home/arduino/ArduinoApps/edgeaispectrophotometer/.cache/sketch/sketch/sketch.ino.cpp.o
                0x0000000000000858                arduino::msgpack::Unpacker::unpackInt32()
 .text._ZN7arduino7msgpack8Unpacker11unpackInt64Ev
                0x00000000000008b0       0x60 /home/arduino/ArduinoApps/edgeaispectrophotometer/.cache/sketch/sketch/sketch.ino.cpp.o
                0x00000000000008b0                arduino::msgpack::Unpacker::unpackInt64()
 .text._ZN7arduino7msgpack8Unpacker9unpackNilEv
                0x0000000000000910       0x3c /home/arduino/ArduinoApps/edgeaispectrophotometer/.cache/sketch/sketch/sketch.ino.cpp.o
                0x0000000000000910                arduino::msgpack::Unpacker::unpackNil()
 .text._ZNK7arduino7msgpack8Unpacker7isArrayEv
                0x000000000000094c       0x20 /home/arduino/ArduinoApps/edgeaispectrophotometer/.cache/sketch/sketch/sketch.ino.cpp.o
                0x000000000000094c                arduino::msgpack::Unpacker::isArray() const
 .text._ZNK7arduino7msgpack8Unpacker5isMapEv
                0x000000000000096c       0x20 /home/arduino/ArduinoApps/edgeaispectrophotometer/.cache/sketch/sketch/sketch.ino.cpp.o
                0x000000000000096c                arduino::msgpack::Unpacker::isMap() const
 .text._ZN7arduino7msgpack8Unpacker11unpackInt16Ev
                0x000000000000098c       0x4c /home/arduino/ArduinoApps/edgeaispectrophotometer/.cache/sketch/sketch/sketch.ino.cpp.o
                0x000000000000098c                arduino::msgpack::Unpacker::unpackInt16()
 .text._ZN7arduino7msgpack8Unpacker13unpackFloat32Ev
                0x00000000000009d8       0x60 /home/arduino/ArduinoApps/edgeaispectrophotometer/.cache/sketch/sketch/sketch.ino.cpp.o
                0x00000000000009d8                arduino::msgpack::Unpacker::unpackFloat32()
 .text._ZN7arduino7msgpack8Unpacker13unpackFloat64Ev
                0x0000000000000a38       0x6c /home/arduino/ArduinoApps/edgeaispectrophotometer/.cache/sketch/sketch/sketch.ino.cpp.o
                0x0000000000000a38                arduino::msgpack::Unpacker::unpackFloat64()
 .text._ZN7arduino7msgpack8Unpacker10unpackInt5Ev
                0x0000000000000aa4       0x4c /home/arduino/ArduinoApps/edgeaispectrophotometer/.cache/sketch/sketch/sketch.ino.cpp.o
                0x0000000000000aa4                arduino::msgpack::Unpacker::unpackInt5()
 .text._ZN7arduino7msgpack8Unpacker11unpackUInt7Ev
                0x0000000000000af0       0x48 /home/arduino/ArduinoApps/edgeaispectrophotometer/.cache/sketch/sketch/sketch.ino.cpp.o
                0x0000000000000af0                arduino::msgpack::Unpacker::unpackUInt7()
 .text._ZN7arduino7msgpack8Unpacker11unpackUInt8Ev
                0x0000000000000b38       0x48 /home/arduino/ArduinoApps/edgeaispectrophotometer/.cache/sketch/sketch/sketch.ino.cpp.o
                0x0000000000000b38                arduino::msgpack::Unpacker::unpackUInt8()
 .text._ZNK7arduino7msgpack8Unpacker11getRawBytesItEET_jj
                0x0000000000000b80       0x26 /home/arduino/ArduinoApps/edgeaispectrophotometer/.cache/sketch/sketch/sketch.ino.cpp.o
                0x0000000000000b80                unsigned short arduino::msgpack::Unpacker::getRawBytes<unsigned short>(unsigned int, unsigned int) const
 *fill*         0x0000000000000ba6        0x2 
 .text._ZN7arduino7msgpack8Unpacker12unpackUInt16Ev
                0x0000000000000ba8       0x48 /home/arduino/ArduinoApps/edgeaispectrophotometer/.cache/sketch/sketch/sketch.ino.cpp.o
                0x0000000000000ba8                arduino::msgpack::Unpacker::unpackUInt16()
 .text._ZNK7arduino7msgpack8Unpacker11getRawBytesIjEET_jj
                0x0000000000000bf0       0x34 /home/arduino/ArduinoApps/edgeaispectrophotometer/.cache/sketch/sketch/sketch.ino.cpp.o
                0x0000000000000bf0                unsigned int arduino::msgpack::Unpacker::getRawBytes<unsigned int>(unsigned int, unsigned int) const
 .text._ZNK7arduino7msgpack8Unpacker14getElementSizeEj
                0x0000000000000c24      0x11c /home/arduino/ArduinoApps/edgeaispectrophotometer/.cache/sketch/sketch/sketch.ino.cpp.o
                0x0000000000000c24                arduino::msgpack::Unpacker::getElementSize(unsigned int) const
 .text._ZN7arduino7msgpack8Unpacker15unpackArraySizeEv
                0x0000000000000d40       0x78 /home/arduino/ArduinoApps/edgeaispectrophotometer/.cache/sketch/sketch/sketch.ino.cpp.o
                0x0000000000000d40                arduino::msgpack::Unpacker::unpackArraySize()
 .text._ZN7arduino7msgpack8Unpacker12unpackUInt32Ev
                0x0000000000000db8       0x48 /home/arduino/ArduinoApps/edgeaispectrophotometer/.cache/sketch/sketch/sketch.ino.cpp.o
                0x0000000000000db8                arduino::msgpack::Unpacker::unpackUInt32()
 .text._ZN7arduino7msgpack8Unpacker13unpackMapSizeEv
                0x0000000000000e00       0x78 /home/arduino/ArduinoApps/edgeaispectrophotometer/.cache/sketch/sketch/sketch.ino.cpp.o
                0x0000000000000e00                arduino::msgpack::Unpacker::unpackMapSize()
 .text._ZNK7arduino7msgpack8Unpacker11getRawBytesIyEET_jj
                0x0000000000000e78       0x3a /home/arduino/ArduinoApps/edgeaispectrophotometer/.cache/sketch/sketch/sketch.ino.cpp.o
                0x0000000000000e78                unsigned long long arduino::msgpack::Unpacker::getRawBytes<unsigned long long>(unsigned int, unsigned int) const
 *fill*         0x0000000000000eb2        0x2 
 .text._ZN7arduino7msgpack8Unpacker12unpackUInt64Ev
                0x0000000000000eb4       0x4c /home/arduino/ArduinoApps/edgeaispectrophotometer/.cache/sketch/sketch/sketch.ino.cpp.o
                0x0000000000000eb4                arduino::msgpack::Unpacker::unpackUInt64()
 .text._ZNK7arduino7msgpack8Unpacker11getRawBytesIaEET_jj
                0x0000000000000f00       0x1e /home/arduino/ArduinoApps/edgeaispectrophotometer/.cache/sketch/sketch/sketch.ino.cpp.o
                0x0000000000000f00                signed char arduino::msgpack::Unpacker::getRawBytes<signed char>(unsigned int, unsigned int) const
 *fill*         0x0000000000000f1e        0x2 
 .text._ZN7arduino7msgpack8Unpacker10unpackInt8Ev
                0x0000000000000f20       0x48 /home/arduino/ArduinoApps/edgeaispectrophotometer/.cache/sketch/sketch/sketch.ino.cpp.o
                0x0000000000000f20                arduino::msgpack::Unpacker::unpackInt8()
 .text._ZNK7arduino7msgpack8Unpacker13isTimestamp32Ev
                0x0000000000000f68       0x2c /home/arduino/ArduinoApps/edgeaispectrophotometer/.cache/sketch/sketch/sketch.ino.cpp.o
                0x0000000000000f68                arduino::msgpack::Unpacker::isTimestamp32() const
 .text._ZNK7arduino7msgpack8Unpacker13isTimestamp64Ev
                0x0000000000000f94       0x2c /home/arduino/ArduinoApps/edgeaispectrophotometer/.cache/sketch/sketch/sketch.ino.cpp.o
                0x0000000000000f94                arduino::msgpack::Unpacker::isTimestamp64() const
 .text._ZNK7arduino7msgpack8Unpacker13isTimestamp96Ev
                0x0000000000000fc0       0x40 /home/arduino/ArduinoApps/edgeaispectrophotometer/.cache/sketch/sketch/sketch.ino.cpp.o
                0x0000000000000fc0                arduino::msgpack::Unpacker::isTimestamp96() const
 .text._ZNK7arduino7msgpack8Unpacker11getRawBytesIcEET_jj
                0x0000000000001000       0x1e /home/arduino/ArduinoApps/edgeaispectrophotometer/.cache/sketch/sketch/sketch.ino.cpp.o
                0x0000000000001000                char arduino::msgpack::Unpacker::getRawBytes<char>(unsigned int, unsigned int) const
 *fill*         0x000000000000101e        0x2 
 .text._ZN7arduino7msgpack8Unpacker11deserializeINS0_4type9ArraySizeEJEEEbRT_DpOT0_
                0x0000000000001020       0x40 /home/arduino/ArduinoApps/edgeaispectrophotometer/.cache/sketch/sketch/sketch.ino.cpp.o
                0x0000000000001020                bool arduino::msgpack::Unpacker::deserialize<arduino::msgpack::type::ArraySize>(arduino::msgpack::type::ArraySize&)
 .text._ZN7arduino7msgpack8Unpacker11deserializeINS0_6object5nil_tEJEEEbRT_DpOT0_
                0x0000000000001060       0x40 /home/arduino/ArduinoApps/edgeaispectrophotometer/.cache/sketch/sketch/sketch.ino.cpp.o
                0x0000000000001060                bool arduino::msgpack::Unpacker::deserialize<arduino::msgpack::object::nil_t>(arduino::msgpack::object::nil_t&)
 .text._ZN7arduino7msgpack8Unpacker11deserializeIbJEEEbRT_DpOT0_
                0x00000000000010a0       0x68 /home/arduino/ArduinoApps/edgeaispectrophotometer/.cache/sketch/sketch/sketch.ino.cpp.o
                0x00000000000010a0                bool arduino::msgpack::Unpacker::deserialize<bool>(bool&)
 .text._ZN7arduino7msgpack8Unpacker11deserializeINS_6StringEJEEEbRT_DpOT0_
                0x0000000000001108      0x174 /home/arduino/ArduinoApps/edgeaispectrophotometer/.cache/sketch/sketch/sketch.ino.cpp.o
                0x0000000000001108                bool arduino::msgpack::Unpacker::deserialize<arduino::String>(arduino::String&)
 .text._ZN7arduino7msgpack8Unpacker11deserializeINS0_6object8timespecEJEEEbRT_DpOT0_
                0x000000000000127c       0xc4 /home/arduino/ArduinoApps/edgeaispectrophotometer/.cache/sketch/sketch/sketch.ino.cpp.o
                0x000000000000127c                bool arduino::msgpack::Unpacker::deserialize<arduino::msgpack::object::timespec>(arduino::msgpack::object::timespec&)
 .text._ZNSt12_Vector_baseIjSaIjEED2Ev
                0x0000000000001340       0x18 /home/arduino/ArduinoApps/edgeaispectrophotometer/.cache/sketch/sketch/sketch.ino.cpp.o
                0x0000000000001340                std::_Vector_base<unsigned int, std::allocator<unsigned int> >::~_Vector_base()
                0x0000000000001340                std::_Vector_base<unsigned int, std::allocator<unsigned int> >::~_Vector_base()
 .text._ZN10RPCRequestILj256EED2Ev
                0x0000000000001358       0x2c /home/arduino/ArduinoApps/edgeaispectrophotometer/.cache/sketch/sketch/sketch.ino.cpp.o
                0x0000000000001358                RPCRequest<256u>::~RPCRequest()
                0x0000000000001358                RPCRequest<256u>::~RPCRequest()
 .text._ZNSt6vectorIjSaIjEE17_M_realloc_insertIJRjEEEvN9__gnu_cxx17__normal_iteratorIPjS1_EEDpOT_
                0x0000000000001384       0xdc /home/arduino/ArduinoApps/edgeaispectrophotometer/.cache/sketch/sketch/sketch.ino.cpp.o
                0x0000000000001384                void std::vector<unsigned int, std::allocator<unsigned int> >::_M_realloc_insert<unsigned int&>(__gnu_cxx::__normal_iterator<unsigned int*, std::vector<unsigned int, std::allocator<unsigned int> > >, unsigned int&)
 .text._ZN7arduino7msgpack8Unpacker4feedEPKhj
                0x0000000000001460       0x78 /home/arduino/ArduinoApps/edgeaispectrophotometer/.cache/sketch/sketch/sketch.ino.cpp.o
                0x0000000000001460                arduino::msgpack::Unpacker::feed(unsigned char const*, unsigned int)
 .text._ZN7RpcCallIJEE8setErrorEiN7arduino6StringE
                0x00000000000014d8       0x40 /home/arduino/ArduinoApps/edgeaispectrophotometer/.cache/sketch/sketch/sketch.ino.cpp.o
                0x00000000000014d8                RpcCall<>::setError(int, arduino::String)
 .text._ZN7RpcCallIJEEC2ERKN7arduino6StringEP9RPCClientP7k_mutexS8_
                0x0000000000001518       0x7c /home/arduino/ArduinoApps/edgeaispectrophotometer/.cache/sketch/sketch/sketch.ino.cpp.o
                0x0000000000001518                RpcCall<>::RpcCall(arduino::String const&, RPCClient*, k_mutex*, k_mutex*)
                0x0000000000001518                RpcCall<>::RpcCall(arduino::String const&, RPCClient*, k_mutex*, k_mutex*)
 .text._ZN7RpcCallIJEE6resultIbEEbRT_.part.0
                0x0000000000001594       0x34 /home/arduino/ArduinoApps/edgeaispectrophotometer/.cache/sketch/sketch/sketch.ino.cpp.o
 .text._ZN7RpcCallIJEE7isErrorEv
                0x00000000000015c8       0x34 /home/arduino/ArduinoApps/edgeaispectrophotometer/.cache/sketch/sketch/sketch.ino.cpp.o
                0x00000000000015c8                RpcCall<>::isError()
 .text._ZNKSt6vectorIhSaIhEE12_M_check_lenEjPKc
                0x00000000000015fc       0x38 /home/arduino/ArduinoApps/edgeaispectrophotometer/.cache/sketch/sketch/sketch.ino.cpp.o
                0x00000000000015fc                std::vector<unsigned char, std::allocator<unsigned char> >::_M_check_len(unsigned int, char const*) const
 .text._ZNSt6vectorIhSaIhEE12emplace_backIJhEEERhDpOT_.isra.0
                0x0000000000001634       0x90 /home/arduino/ArduinoApps/edgeaispectrophotometer/.cache/sketch/sketch/sketch.ino.cpp.o
 .text._ZN7arduino7msgpack6Packer11packRawByteERKNS0_4TypeE.isra.0
                0x00000000000016c4       0x18 /home/arduino/ArduinoApps/edgeaispectrophotometer/.cache/sketch/sketch/sketch.ino.cpp.o
 .text._ZNSt6vectorIhSaIhEE12emplace_backIJRKhEEERhDpOT_.isra.0
                0x00000000000016dc       0x90 /home/arduino/ArduinoApps/edgeaispectrophotometer/.cache/sketch/sketch/sketch.ino.cpp.o
 .text._ZN7arduino7msgpack6Packer9packUInt8Eh
                0x000000000000176c       0x2c /home/arduino/ArduinoApps/edgeaispectrophotometer/.cache/sketch/sketch/sketch.ino.cpp.o
                0x000000000000176c                arduino::msgpack::Packer::packUInt8(unsigned char)
 .text._ZNSt6vectorIhSaIhEE12emplace_backIJRhEEES3_DpOT_.isra.0
                0x0000000000001798       0x90 /home/arduino/ArduinoApps/edgeaispectrophotometer/.cache/sketch/sketch/sketch.ino.cpp.o
 .text._ZN7arduino7msgpack6Packer9packFloatIfEENSt9enable_ifIXaasrSt13is_arithmeticIT_E5valuesrSt17is_floating_pointIS5_E5valueEvE4typeERKS5_.isra.0
                0x0000000000001828       0x30 /home/arduino/ArduinoApps/edgeaispectrophotometer/.cache/sketch/sketch/sketch.ino.cpp.o
 .text._ZN7arduino7msgpack6Packer15packRawReversedIjEEvRKT_
                0x0000000000001858       0x1c /home/arduino/ArduinoApps/edgeaispectrophotometer/.cache/sketch/sketch/sketch.ino.cpp.o
                0x0000000000001858                void arduino::msgpack::Packer::packRawReversed<unsigned int>(unsigned int const&)
 .text._ZN7arduino7msgpack6Packer10packUInt32Ej
                0x0000000000001874       0x28 /home/arduino/ArduinoApps/edgeaispectrophotometer/.cache/sketch/sketch/sketch.ino.cpp.o
                0x0000000000001874                arduino::msgpack::Packer::packUInt32(unsigned int)
 .text._ZN7arduino7msgpack6Packer15packRawReversedItEEvRKT_
                0x000000000000189c       0x1c /home/arduino/ArduinoApps/edgeaispectrophotometer/.cache/sketch/sketch/sketch.ino.cpp.o
                0x000000000000189c                void arduino::msgpack::Packer::packRawReversed<unsigned short>(unsigned short const&)
 .text._ZN7arduino7msgpack6Packer13packArraySizeEj
                0x00000000000018b8       0x58 /home/arduino/ArduinoApps/edgeaispectrophotometer/.cache/sketch/sketch/sketch.ino.cpp.o
                0x00000000000018b8                arduino::msgpack::Packer::packArraySize(unsigned int)
 .text._ZN7arduino7msgpack6Packer10packUInt16Et
                0x0000000000001910       0x2c /home/arduino/ArduinoApps/edgeaispectrophotometer/.cache/sketch/sketch/sketch.ino.cpp.o
                0x0000000000001910                arduino::msgpack::Packer::packUInt16(unsigned short)
 .text._ZN7arduino7msgpack6Packer11packIntegerIjEENSt9enable_ifIXaaaaaasrSt13is_arithmeticIT_E5valuesrSt11is_integralIS5_E5valuentsrSt7is_sameIS5_bE5valuentsrS9_INSt9remove_cvIS5_E4typeEPcE5valueEvE4typeERKS5_.isra.0
                0x000000000000193c       0x50 /home/arduino/ArduinoApps/edgeaispectrophotometer/.cache/sketch/sketch/sketch.ino.cpp.o
 .text._ZN7arduino7msgpack6Packer11packIntegerIiEENSt9enable_ifIXaaaaaasrSt13is_arithmeticIT_E5valuesrSt11is_integralIS5_E5valuentsrSt7is_sameIS5_bE5valuentsrS9_INSt9remove_cvIS5_E4typeEPcE5valueEvE4typeERKS5_.isra.0
                0x000000000000198c       0xb8 /home/arduino/ArduinoApps/edgeaispectrophotometer/.cache/sketch/sketch/sketch.ino.cpp.o
 .text._ZN7arduino7msgpack6Packer12packRawBytesEPKcj
                0x0000000000001a44       0x9c /home/arduino/ArduinoApps/edgeaispectrophotometer/.cache/sketch/sketch/sketch.ino.cpp.o
                0x0000000000001a44                arduino::msgpack::Packer::packRawBytes(char const*, unsigned int)
 .text._ZN7arduino7msgpack6Packer4packERKNS_6StringE
                0x0000000000001ae0       0x7c /home/arduino/ArduinoApps/edgeaispectrophotometer/.cache/sketch/sketch/sketch.ino.cpp.o
                0x0000000000001ae0                arduino::msgpack::Packer::pack(arduino::String const&)
 .text._ZN7arduino7msgpack8Unpacker9unpackIntIiEENSt9enable_ifIXaaaaaaaasrSt13is_arithmeticIT_E5valuesrSt11is_integralIS5_E5valuentsrSt7is_sameIS5_bE5valuentsrS9_INSt9remove_cvIS5_E4typeEPcE5valuesrSt9is_signedIS5_E5valueES5_E4typeEv
                0x0000000000001b5c       0xd0 /home/arduino/ArduinoApps/edgeaispectrophotometer/.cache/sketch/sketch/sketch.ino.cpp.o
                0x0000000000001b5c                std::enable_if<(((std::is_arithmetic<int>::value&&std::is_integral<int>::value)&&(!std::is_same<int, bool>::value))&&(!std::is_same<std::remove_cv<int>::type, char*>::value))&&std::is_signed<int>::value, int>::type arduino::msgpack::Unpacker::unpackInt<int>()
 .text._ZN7arduino7msgpack8Unpacker11deserializeIiJEEEbRT_DpOT0_
                0x0000000000001c2c       0x40 /home/arduino/ArduinoApps/edgeaispectrophotometer/.cache/sketch/sketch/sketch.ino.cpp.o
                0x0000000000001c2c                bool arduino::msgpack::Unpacker::deserialize<int>(int&)
 .text._ZN7arduino7msgpack8Unpacker11unpackFloatIfEENSt9enable_ifIXaasrSt13is_arithmeticIT_E5valuesrSt17is_floating_pointIS5_E5valueES5_E4typeEv
                0x0000000000001c6c      0x118 /home/arduino/ArduinoApps/edgeaispectrophotometer/.cache/sketch/sketch/sketch.ino.cpp.o
                0x0000000000001c6c                std::enable_if<std::is_arithmetic<float>::value&&std::is_floating_point<float>::value, float>::type arduino::msgpack::Unpacker::unpackFloat<float>()
 *fill*         0x0000000000001d84        0x4 
 .text._ZN7arduino7msgpack8Unpacker11unpackFloatIdEENSt9enable_ifIXaasrSt13is_arithmeticIT_E5valuesrSt17is_floating_pointIS5_E5valueES5_E4typeEv
                0x0000000000001d88      0x118 /home/arduino/ArduinoApps/edgeaispectrophotometer/.cache/sketch/sketch/sketch.ino.cpp.o
                0x0000000000001d88                std::enable_if<std::is_arithmetic<double>::value&&std::is_floating_point<double>::value, double>::type arduino::msgpack::Unpacker::unpackFloat<double>()
 .text._ZN7arduino7msgpack8Unpacker12unpackBinaryIhEENSt9enable_ifIXoosrSt7is_sameIT_cE5valuesrS4_IS5_hE5valueESt6vectorINS3_IXoosrS7_5valuesrS6_5valueES5_E4typeESaIS5_EEE4typeEv
                0x0000000000001ea0      0x114 /home/arduino/ArduinoApps/edgeaispectrophotometer/.cache/sketch/sketch/sketch.ino.cpp.o
                0x0000000000001ea0                std::enable_if<std::is_same<unsigned char, char>::value||std::is_same<unsigned char, unsigned char>::value, std::vector<std::enable_if<std::is_same<unsigned char, unsigned char>::value||std::is_same<unsigned char, char>::value, unsigned char>::type, std::allocator<unsigned char> > >::type arduino::msgpack::Unpacker::unpackBinary<unsigned char>()
 .text._ZN7arduino7msgpack8Unpacker11deserializeINS0_4type9ArraySizeEJRiEEEbRT_DpOT0_
                0x0000000000001fb4       0x44 /home/arduino/ArduinoApps/edgeaispectrophotometer/.cache/sketch/sketch/sketch.ino.cpp.o
                0x0000000000001fb4                bool arduino::msgpack::Unpacker::deserialize<arduino::msgpack::type::ArraySize, int&>(arduino::msgpack::type::ArraySize&, int&)
 .text._ZNK10RpcDecoderILj1024EE4sendEPKhj
                0x0000000000001ff8       0x22 /home/arduino/ArduinoApps/edgeaispectrophotometer/.cache/sketch/sketch/sketch.ino.cpp.o
                0x0000000000001ff8                RpcDecoder<1024u>::send(unsigned char const*, unsigned int) const
 *fill*         0x000000000000201a        0x2 
 .text._ZN9RPCClient8send_rpcIJEEEbRKN7arduino6StringERjDpOT_.isra.0
                0x000000000000201c       0x8c /home/arduino/ArduinoApps/edgeaispectrophotometer/.cache/sketch/sketch/sketch.ino.cpp.o
 .text.loop     0x00000000000020a8      0x224 /home/arduino/ArduinoApps/edgeaispectrophotometer/.cache/sketch/sketch/sketch.ino.cpp.o
                0x00000000000020a8                loop
 .text._ZN11BridgeClass6notifyIJiEEEvN7arduino6StringEDpOT_
                0x00000000000022cc       0xac /home/arduino/ArduinoApps/edgeaispectrophotometer/.cache/sketch/sketch/sketch.ino.cpp.o
                0x00000000000022cc                void BridgeClass::notify<int>(arduino::String, int&&)
 .text._ZNK9RPCServer13send_responseILj256EEEbRK10RPCRequestIXT_EE.isra.0
                0x0000000000002378       0x24 /home/arduino/ArduinoApps/edgeaispectrophotometer/.cache/sketch/sketch/sketch.ino.cpp.o
 .text._ZN10RpcDecoderILj1024EE7consumeEjj
                0x000000000000239c       0x50 /home/arduino/ArduinoApps/edgeaispectrophotometer/.cache/sketch/sketch/sketch.ino.cpp.o
                0x000000000000239c                RpcDecoder<1024u>::consume(unsigned int, unsigned int)
 .text._ZN10RpcDecoderILj1024EE7discardEv
                0x00000000000023ec       0x2c /home/arduino/ArduinoApps/edgeaispectrophotometer/.cache/sketch/sketch/sketch.ino.cpp.o
                0x00000000000023ec                RpcDecoder<1024u>::discard()
 .text._ZN7arduino7msgpack8Unpacker11deserializeI8RpcErrorJRNS0_6object5nil_tEEEEbRT_DpOT0_
                0x0000000000002418       0x90 /home/arduino/ArduinoApps/edgeaispectrophotometer/.cache/sketch/sketch/sketch.ino.cpp.o
                0x0000000000002418                bool arduino::msgpack::Unpacker::deserialize<RpcError, arduino::msgpack::object::nil_t&>(RpcError&, arduino::msgpack::object::nil_t&)
 .text._ZN7arduino7msgpack8Unpacker10unpackUIntIjEENSt9enable_ifIXaaaaaaaasrSt13is_arithmeticIT_E5valuesrSt11is_integralIS5_E5valuentsrSt7is_sameIS5_bE5valuentsrS9_INSt9remove_cvIS5_E4typeEPcE5valuentsrSt9is_signedIS5_E5valueES5_E4typeEv
                0x00000000000024a8       0x80 /home/arduino/ArduinoApps/edgeaispectrophotometer/.cache/sketch/sketch/sketch.ino.cpp.o
                0x00000000000024a8                std::enable_if<(((std::is_arithmetic<unsigned int>::value&&std::is_integral<unsigned int>::value)&&(!std::is_same<unsigned int, bool>::value))&&(!std::is_same<std::remove_cv<unsigned int>::type, char*>::value))&&(!std::is_signed<unsigned int>::value), unsigned int>::type arduino::msgpack::Unpacker::unpackUInt<unsigned int>()
 .text._ZN7arduino7msgpack8Unpacker11deserializeIjJRNS_6StringEEEEbRT_DpOT0_
                0x0000000000002528       0x44 /home/arduino/ArduinoApps/edgeaispectrophotometer/.cache/sketch/sketch/sketch.ino.cpp.o
                0x0000000000002528                bool arduino::msgpack::Unpacker::deserialize<unsigned int, arduino::String&>(unsigned int&, arduino::String&)
 .text._ZN10RpcDecoderILj1024EE16fetch_rpc_methodEv
                0x000000000000256c       0xe8 /home/arduino/ArduinoApps/edgeaispectrophotometer/.cache/sketch/sketch/sketch.ino.cpp.o
                0x000000000000256c                RpcDecoder<1024u>::fetch_rpc_method()
 .text._ZN10RPCRequestILj256EE22unpack_request_headersEv
                0x0000000000002654       0xb8 /home/arduino/ArduinoApps/edgeaispectrophotometer/.cache/sketch/sketch/sketch.ino.cpp.o
                0x0000000000002654                RPCRequest<256u>::unpack_request_headers()
 .text._ZN9RPCServer15process_requestILj256EEEvR10RPCRequestIXT_EE
                0x000000000000270c      0x138 /home/arduino/ArduinoApps/edgeaispectrophotometer/.cache/sketch/sketch/sketch.ino.cpp.o
                0x000000000000270c                void RPCServer::process_request<256u>(RPCRequest<256u>&)
 .text._ZN7arduino7msgpack8Unpacker11deserializeINS0_4type9ArraySizeEJRiRjEEEbRT_DpOT0_
                0x0000000000002844       0xa0 /home/arduino/ArduinoApps/edgeaispectrophotometer/.cache/sketch/sketch/sketch.ino.cpp.o
                0x0000000000002844                bool arduino::msgpack::Unpacker::deserialize<arduino::msgpack::type::ArraySize, int&, unsigned int&>(arduino::msgpack::type::ArraySize&, int&, unsigned int&)
 .text._ZN10RpcDecoderILj1024EE12get_responseIbEEbjRT_R8RpcError
                0x00000000000028e4      0x17c /home/arduino/ArduinoApps/edgeaispectrophotometer/.cache/sketch/sketch/sketch.ino.cpp.o
                0x00000000000028e4                bool RpcDecoder<1024u>::get_response<bool>(unsigned int, bool&, RpcError&)
 .text._ZN10RpcDecoderILj1024EE12get_responseIN7arduino6StringEEEbjRT_R8RpcError
                0x0000000000002a60      0x17c /home/arduino/ArduinoApps/edgeaispectrophotometer/.cache/sketch/sketch/sketch.ino.cpp.o
                0x0000000000002a60                bool RpcDecoder<1024u>::get_response<arduino::String>(unsigned int, arduino::String&, RpcError&)
 .text._ZN10RpcDecoderILj1024EE12get_responseIN7arduino7msgpack6object5nil_tEEEbjRT_R8RpcError
                0x0000000000002bdc      0x17c /home/arduino/ArduinoApps/edgeaispectrophotometer/.cache/sketch/sketch/sketch.ino.cpp.o
                0x0000000000002bdc                bool RpcDecoder<1024u>::get_response<arduino::msgpack::object::nil_t>(unsigned int, arduino::msgpack::object::nil_t&, RpcError&)
 .text._ZNSt11__copy_moveILb0ELb1ESt26random_access_iterator_tagE8__copy_mIhEEPT_PKS3_S6_S4_
                0x0000000000002d58       0x1c /home/arduino/ArduinoApps/edgeaispectrophotometer/.cache/sketch/sketch/sketch.ino.cpp.o
                0x0000000000002d58                unsigned char* std::__copy_move<false, true, std::random_access_iterator_tag>::__copy_m<unsigned char>(unsigned char const*, unsigned char const*, unsigned char*)
 .text._ZNSt11__copy_moveILb1ELb1ESt26random_access_iterator_tagE8__copy_mIhEEPT_PKS3_S6_S4_
                0x0000000000002d74       0x1c /home/arduino/ArduinoApps/edgeaispectrophotometer/.cache/sketch/sketch/sketch.ino.cpp.o
                0x0000000000002d74                unsigned char* std::__copy_move<true, true, std::random_access_iterator_tag>::__copy_m<unsigned char>(unsigned char const*, unsigned char const*, unsigned char*)
 .text._ZN7arduino7msgpack6object3extC2EaPKhj
                0x0000000000002d90      0x104 /home/arduino/ArduinoApps/edgeaispectrophotometer/.cache/sketch/sketch/sketch.ino.cpp.o
                0x0000000000002d90                arduino::msgpack::object::ext::ext(signed char, unsigned char const*, unsigned int)
                0x0000000000002d90                arduino::msgpack::object::ext::ext(signed char, unsigned char const*, unsigned int)
 .text._ZN7arduino7msgpack8Unpacker9unpackExtEv
                0x0000000000002e94      0x178 /home/arduino/ArduinoApps/edgeaispectrophotometer/.cache/sketch/sketch/sketch.ino.cpp.o
                0x0000000000002e94                arduino::msgpack::Unpacker::unpackExt()
 .text._ZN8RpcUtils6detail12unpackObjectERN7arduino7msgpack8UnpackerE
                0x000000000000300c      0x29c /home/arduino/ArduinoApps/edgeaispectrophotometer/.cache/sketch/sketch/sketch.ino.cpp.o
                0x000000000000300c                RpcUtils::detail::unpackObject(arduino::msgpack::Unpacker&)
 .text._ZN10RpcDecoderILj1024EE12parse_packetEv
                0x00000000000032a8      0x13c /home/arduino/ArduinoApps/edgeaispectrophotometer/.cache/sketch/sketch/sketch.ino.cpp.o
                0x00000000000032a8                RpcDecoder<1024u>::parse_packet()
 .text._ZN10RpcDecoderILj1024EE6decodeEv
                0x00000000000033e4       0x40 /home/arduino/ArduinoApps/edgeaispectrophotometer/.cache/sketch/sketch/sketch.ino.cpp.o
                0x00000000000033e4                RpcDecoder<1024u>::decode()
 .text._ZN9RPCServer7get_rpcILj256EEEbR10RPCRequestIXT_EEN7arduino6StringE
                0x0000000000003424       0xd0 /home/arduino/ArduinoApps/edgeaispectrophotometer/.cache/sketch/sketch/sketch.ino.cpp.o
                0x0000000000003424                bool RPCServer::get_rpc<256u>(RPCRequest<256u>&, arduino::String)
 .text._ZN11BridgeClass11update_safeEv
                0x00000000000034f4       0xb0 /home/arduino/ArduinoApps/edgeaispectrophotometer/.cache/sketch/sketch/sketch.ino.cpp.o
                0x00000000000034f4                BridgeClass::update_safe()
 .text._Z10__loopHookv
                0x00000000000035a4       0x28 /home/arduino/ArduinoApps/edgeaispectrophotometer/.cache/sketch/sketch/sketch.ino.cpp.o
                0x00000000000035a4                __loopHook()
 .text._ZN11BridgeClass6updateEv
                0x00000000000035cc       0xb0 /home/arduino/ArduinoApps/edgeaispectrophotometer/.cache/sketch/sketch/sketch.ino.cpp.o
                0x00000000000035cc                BridgeClass::update()
 .text._Z16updateEntryPointPvS_S_
                0x000000000000367c       0x28 /home/arduino/ArduinoApps/edgeaispectrophotometer/.cache/sketch/sketch/sketch.ino.cpp.o
                0x000000000000367c                updateEntryPoint(void*, void*, void*)
 .text._ZN7RpcCallIJEE6resultIbEEbRT_
                0x00000000000036a4      0x114 /home/arduino/ArduinoApps/edgeaispectrophotometer/.cache/sketch/sketch/sketch.ino.cpp.o
                0x00000000000036a4                bool RpcCall<>::result<bool>(bool&)
 .text._ZN7RpcCallIJEED2Ev
                0x00000000000037b8      0x120 /home/arduino/ArduinoApps/edgeaispectrophotometer/.cache/sketch/sketch/sketch.ino.cpp.o
                0x00000000000037b8                RpcCall<>::~RpcCall()
                0x00000000000037b8                RpcCall<>::~RpcCall()
 .text._ZN11BridgeClass5beginEm
                0x00000000000038d8      0x1f0 /home/arduino/ArduinoApps/edgeaispectrophotometer/.cache/sketch/sketch/sketch.ino.cpp.o
                0x00000000000038d8                BridgeClass::begin(unsigned long)
 .text._ZN7RpcCallIJEE6resultIN7arduino6StringEEEbRT_
                0x0000000000003ac8      0x114 /home/arduino/ArduinoApps/edgeaispectrophotometer/.cache/sketch/sketch/sketch.ino.cpp.o
                0x0000000000003ac8                bool RpcCall<>::result<arduino::String>(arduino::String&)
 .text._ZN8RpcUtils6detail9unpackMapERN7arduino7msgpack8UnpackerERj
                0x0000000000003bdc       0x80 /home/arduino/ArduinoApps/edgeaispectrophotometer/.cache/sketch/sketch/sketch.ino.cpp.o
                0x0000000000003bdc                RpcUtils::detail::unpackMap(arduino::msgpack::Unpacker&, unsigned int&)
 .text._GLOBAL__sub_I_mySensor
                0x0000000000003c5c       0x70 /home/arduino/ArduinoApps/edgeaispectrophotometer/.cache/sketch/sketch/sketch.ino.cpp.o
 .text._GLOBAL__sub_D_mySensor
                0x0000000000003ccc       0x20 /home/arduino/ArduinoApps/edgeaispectrophotometer/.cache/sketch/sketch/sketch.ino.cpp.o
 .text.setup    0x0000000000003cec      0x288 /home/arduino/ArduinoApps/edgeaispectrophotometer/.cache/sketch/sketch/sketch.ino.cpp.o
                0x0000000000003cec                setup
 .text._ZN7arduino5Print17availableForWriteEv
                0x0000000000003f74        0x4 /home/arduino/ArduinoApps/edgeaispectrophotometer/.cache/sketch/libraries/Wire/Wire.cpp.o
                0x0000000000003f74                arduino::Print::availableForWrite()
 .text._ZN7arduino9ZephyrI2C5writeEi
                0x0000000000003f78        0x8 /home/arduino/ArduinoApps/edgeaispectrophotometer/.cache/sketch/libraries/Wire/Wire.cpp.o
                0x0000000000003f78                arduino::ZephyrI2C::write(int)
 .text._ZN7arduino9ZephyrI2C15endTransmissionEv
                0x0000000000003f80        0x8 /home/arduino/ArduinoApps/edgeaispectrophotometer/.cache/sketch/libraries/Wire/Wire.cpp.o
                0x0000000000003f80                arduino::ZephyrI2C::endTransmission()
 .text._ZN7arduino9ZephyrI2C11requestFromEhj
                0x0000000000003f88       0x10 /home/arduino/ArduinoApps/edgeaispectrophotometer/.cache/sketch/libraries/Wire/Wire.cpp.o
                0x0000000000003f88                arduino::ZephyrI2C::requestFrom(unsigned char, unsigned int)
 .text._ZN7arduino9ZephyrI2C9availableEv
                0x0000000000003f98        0xe /home/arduino/ArduinoApps/edgeaispectrophotometer/.cache/sketch/libraries/Wire/Wire.cpp.o
                0x0000000000003f98                arduino::ZephyrI2C::available()
 .text._ZN7arduino9ZephyrI2C5flushEv
                0x0000000000003fa6        0x2 /home/arduino/ArduinoApps/edgeaispectrophotometer/.cache/sketch/libraries/Wire/Wire.cpp.o
                0x0000000000003fa6                arduino::ZephyrI2C::flush()
 .text._ZN7arduino9ZephyrI2C9onReceiveEPFviE
                0x0000000000003fa8        0x6 /home/arduino/ArduinoApps/edgeaispectrophotometer/.cache/sketch/libraries/Wire/Wire.cpp.o
                0x0000000000003fa8                arduino::ZephyrI2C::onReceive(void (*)(int))
 .text._ZN7arduino9ZephyrI2C9onRequestEPFvvE
                0x0000000000003fae        0x6 /home/arduino/ArduinoApps/edgeaispectrophotometer/.cache/sketch/libraries/Wire/Wire.cpp.o
                0x0000000000003fae                arduino::ZephyrI2C::onRequest(void (*)())
 .text._ZN7arduino9ZephyrI2C5beginEv
                0x0000000000003fb4        0xc /home/arduino/ArduinoApps/edgeaispectrophotometer/.cache/sketch/libraries/Wire/Wire.cpp.o
                0x0000000000003fb4                arduino::ZephyrI2C::begin()
 .text._ZN7arduino9ZephyrI2C5writeEh
                0x0000000000003fc0       0x1c /home/arduino/ArduinoApps/edgeaispectrophotometer/.cache/sketch/libraries/Wire/Wire.cpp.o
                0x0000000000003fc0                arduino::ZephyrI2C::write(unsigned char)
 .text._ZN7arduino9ZephyrI2C5writeEPKhj
                0x0000000000003fdc        0xc /home/arduino/ArduinoApps/edgeaispectrophotometer/.cache/sketch/libraries/Wire/Wire.cpp.o
                0x0000000000003fdc                arduino::ZephyrI2C::write(unsigned char const*, unsigned int)
 .text._ZN7arduino9ZephyrI2C4readEv
                0x0000000000003fe8       0x28 /home/arduino/ArduinoApps/edgeaispectrophotometer/.cache/sketch/libraries/Wire/Wire.cpp.o
                0x0000000000003fe8                arduino::ZephyrI2C::read()
 .text._ZL28i2c_target_read_processed_cbP17i2c_target_configPh
                0x0000000000004010       0x18 /home/arduino/ArduinoApps/edgeaispectrophotometer/.cache/sketch/libraries/Wire/Wire.cpp.o
 .text._ZN7arduino9ZephyrI2C4peekEv
                0x0000000000004028       0x28 /home/arduino/ArduinoApps/edgeaispectrophotometer/.cache/sketch/libraries/Wire/Wire.cpp.o
                0x0000000000004028                arduino::ZephyrI2C::peek()
 .text._ZN7arduino9ZephyrI2C5beginEh
                0x0000000000004050       0x2c /home/arduino/ArduinoApps/edgeaispectrophotometer/.cache/sketch/libraries/Wire/Wire.cpp.o
                0x0000000000004050                arduino::ZephyrI2C::begin(unsigned char)
 .text._ZN7arduino9ZephyrI2C8setClockEj
                0x000000000000407c       0x3c /home/arduino/ArduinoApps/edgeaispectrophotometer/.cache/sketch/libraries/Wire/Wire.cpp.o
                0x000000000000407c                arduino::ZephyrI2C::setClock(unsigned int)
 .text._ZN7arduino9ZephyrI2C11requestFromEhjb
                0x00000000000040b8       0x88 /home/arduino/ArduinoApps/edgeaispectrophotometer/.cache/sketch/libraries/Wire/Wire.cpp.o
                0x00000000000040b8                arduino::ZephyrI2C::requestFrom(unsigned char, unsigned int, bool)
 .text._ZN7arduino9ZephyrI2C3endEv
                0x0000000000004140       0x34 /home/arduino/ArduinoApps/edgeaispectrophotometer/.cache/sketch/libraries/Wire/Wire.cpp.o
                0x0000000000004140                arduino::ZephyrI2C::end()
 .text._ZN7arduino9ZephyrI2C15endTransmissionEb
                0x0000000000004174       0x74 /home/arduino/ArduinoApps/edgeaispectrophotometer/.cache/sketch/libraries/Wire/Wire.cpp.o
                0x0000000000004174                arduino::ZephyrI2C::endTransmission(bool)
 .text._ZL29i2c_target_write_requested_cbP17i2c_target_config
                0x00000000000041e8        0xe /home/arduino/ArduinoApps/edgeaispectrophotometer/.cache/sketch/libraries/Wire/Wire.cpp.o
 .text._ZN7arduino9ZephyrI2C17beginTransmissionEh
                0x00000000000041f6       0x14 /home/arduino/ArduinoApps/edgeaispectrophotometer/.cache/sketch/libraries/Wire/Wire.cpp.o
                0x00000000000041f6                arduino::ZephyrI2C::beginTransmission(unsigned char)
 *fill*         0x000000000000420a        0x2 
 .text._ZN7arduino9ZephyrI2CC2EPK6device
                0x000000000000420c       0x4c /home/arduino/ArduinoApps/edgeaispectrophotometer/.cache/sketch/libraries/Wire/Wire.cpp.o
                0x000000000000420c                arduino::ZephyrI2C::ZephyrI2C(device const*)
                0x000000000000420c                arduino::ZephyrI2C::ZephyrI2C(device const*)
 .text._ZN7arduino9ZephyrI2C21writeReceivedCallbackEP17i2c_target_configh
                0x0000000000004258       0x44 /home/arduino/ArduinoApps/edgeaispectrophotometer/.cache/sketch/libraries/Wire/Wire.cpp.o
                0x0000000000004258                arduino::ZephyrI2C::writeReceivedCallback(i2c_target_config*, unsigned char)
 .text._ZL28i2c_target_write_received_cbP17i2c_target_configh
                0x000000000000429c       0x10 /home/arduino/ArduinoApps/edgeaispectrophotometer/.cache/sketch/libraries/Wire/Wire.cpp.o
 .text._ZN7arduino9ZephyrI2C21readRequestedCallbackEP17i2c_target_configPh
                0x00000000000042ac       0x30 /home/arduino/ArduinoApps/edgeaispectrophotometer/.cache/sketch/libraries/Wire/Wire.cpp.o
                0x00000000000042ac                arduino::ZephyrI2C::readRequestedCallback(i2c_target_config*, unsigned char*)
 .text._ZL28i2c_target_read_requested_cbP17i2c_target_configPh
                0x00000000000042dc       0x10 /home/arduino/ArduinoApps/edgeaispectrophotometer/.cache/sketch/libraries/Wire/Wire.cpp.o
 .text._ZN7arduino9ZephyrI2C12stopCallbackEP17i2c_target_config
                0x00000000000042ec       0x1c /home/arduino/ArduinoApps/edgeaispectrophotometer/.cache/sketch/libraries/Wire/Wire.cpp.o
                0x00000000000042ec                arduino::ZephyrI2C::stopCallback(i2c_target_config*)
 .text._ZL18i2c_target_stop_cbP17i2c_target_config
                0x0000000000004308        0xc /home/arduino/ArduinoApps/edgeaispectrophotometer/.cache/sketch/libraries/Wire/Wire.cpp.o
 .text._GLOBAL__sub_I__ZN7arduino9ZephyrI2CC2EPK6device
                0x0000000000004314       0x60 /home/arduino/ArduinoApps/edgeaispectrophotometer/.cache/sketch/libraries/Wire/Wire.cpp.o
 .text._GLOBAL__sub_D__ZN7arduino9ZephyrI2CC2EPK6device
                0x0000000000004374       0x20 /home/arduino/ArduinoApps/edgeaispectrophotometer/.cache/sketch/libraries/Wire/Wire.cpp.o
 .text._ZN7arduino9ZephyrSPI14usingInterruptEi
                0x0000000000004394        0x2 /home/arduino/ArduinoApps/edgeaispectrophotometer/.cache/sketch/libraries/SPI/SPI.cpp.o
                0x0000000000004394                arduino::ZephyrSPI::notUsingInterrupt(int)
                0x0000000000004394                arduino::ZephyrSPI::usingInterrupt(int)
 .text._ZN7arduino9ZephyrSPI15attachInterruptEv
                0x0000000000004396        0x2 /home/arduino/ArduinoApps/edgeaispectrophotometer/.cache/sketch/libraries/SPI/SPI.cpp.o
                0x0000000000004396                arduino::ZephyrSPI::attachInterrupt()
                0x0000000000004396                arduino::ZephyrSPI::detachInterrupt()
 .text._ZN7arduino9ZephyrSPID2Ev
                0x0000000000004398        0x2 /home/arduino/ArduinoApps/edgeaispectrophotometer/.cache/sketch/libraries/SPI/SPI.cpp.o
                0x0000000000004398                arduino::ZephyrSPI::~ZephyrSPI()
                0x0000000000004398                arduino::ZephyrSPI::~ZephyrSPI()
 *fill*         0x000000000000439a        0x2 
 .text._ZN7arduino9ZephyrSPID0Ev
                0x000000000000439c       0x14 /home/arduino/ArduinoApps/edgeaispectrophotometer/.cache/sketch/libraries/SPI/SPI.cpp.o
                0x000000000000439c                arduino::ZephyrSPI::~ZephyrSPI()
 .text._ZN7arduino9ZephyrSPI16beginTransactionENS_11SPISettingsE
                0x00000000000043b0       0x80 /home/arduino/ArduinoApps/edgeaispectrophotometer/.cache/sketch/libraries/SPI/SPI.cpp.o
                0x00000000000043b0                arduino::ZephyrSPI::beginTransaction(arduino::SPISettings)
 .text._ZN7arduino9ZephyrSPI5beginEv
                0x0000000000004430        0xc /home/arduino/ArduinoApps/edgeaispectrophotometer/.cache/sketch/libraries/SPI/SPI.cpp.o
                0x0000000000004430                arduino::ZephyrSPI::begin()
 .text._ZN7arduino9ZephyrSPI14endTransactionEv
                0x000000000000443c        0xc /home/arduino/ArduinoApps/edgeaispectrophotometer/.cache/sketch/libraries/SPI/SPI.cpp.o
                0x000000000000443c                arduino::ZephyrSPI::endTransaction()
 .text._ZN7arduino9ZephyrSPI3endEv
                0x0000000000004448        0xc /home/arduino/ArduinoApps/edgeaispectrophotometer/.cache/sketch/libraries/SPI/SPI.cpp.o
                0x0000000000004448                arduino::ZephyrSPI::end()
 .text._ZN7arduino9ZephyrSPI8transferEPvjPK10spi_config
                0x0000000000004454       0x2e /home/arduino/ArduinoApps/edgeaispectrophotometer/.cache/sketch/libraries/SPI/SPI.cpp.o
                0x0000000000004454                arduino::ZephyrSPI::transfer(void*, unsigned int, spi_config const*)
 *fill*         0x0000000000004482        0x2 
 .text._ZN7arduino9ZephyrSPI8transferEh
                0x0000000000004484       0x28 /home/arduino/ArduinoApps/edgeaispectrophotometer/.cache/sketch/libraries/SPI/SPI.cpp.o
                0x0000000000004484                arduino::ZephyrSPI::transfer(unsigned char)
 .text._ZN7arduino9ZephyrSPI10transfer16Et
                0x00000000000044ac       0x28 /home/arduino/ArduinoApps/edgeaispectrophotometer/.cache/sketch/libraries/SPI/SPI.cpp.o
                0x00000000000044ac                arduino::ZephyrSPI::transfer16(unsigned short)
 .text._ZN7arduino9ZephyrSPI8transferEPvj
                0x00000000000044d4       0x14 /home/arduino/ArduinoApps/edgeaispectrophotometer/.cache/sketch/libraries/SPI/SPI.cpp.o
                0x00000000000044d4                arduino::ZephyrSPI::transfer(void*, unsigned int)
 .text._GLOBAL__sub_I__ZN7arduino9ZephyrSPIC2EPK6device
                0x00000000000044e8       0x5c /home/arduino/ArduinoApps/edgeaispectrophotometer/.cache/sketch/libraries/SPI/SPI.cpp.o
 .text._GLOBAL__sub_D__ZN7arduino9ZephyrSPIC2EPK6device
                0x0000000000004544       0x20 /home/arduino/ArduinoApps/edgeaispectrophotometer/.cache/sketch/libraries/SPI/SPI.cpp.o
 .text._ZN7arduino5Print5flushEv
                0x0000000000004564        0x2 /home/arduino/ArduinoApps/edgeaispectrophotometer/.cache/sketch/libraries/Arduino_RouterBridge/singletons.cpp.o
                0x0000000000004564                arduino::Print::flush()
 .text._ZN13BridgeMonitorILj512EE5writeEh
                0x0000000000004566       0x18 /home/arduino/ArduinoApps/edgeaispectrophotometer/.cache/sketch/libraries/Arduino_RouterBridge/singletons.cpp.o
                0x0000000000004566                BridgeMonitor<512u>::write(unsigned char)
 *fill*         0x000000000000457e        0x2 
 .text.k_yield  0x0000000000004580        0x8 /home/arduino/ArduinoApps/edgeaispectrophotometer/.cache/sketch/libraries/Arduino_RouterBridge/singletons.cpp.o
 .text.k_mutex_lock
                0x0000000000004588        0x8 /home/arduino/ArduinoApps/edgeaispectrophotometer/.cache/sketch/libraries/Arduino_RouterBridge/singletons.cpp.o
 .text._ZSt14__relocate_a_1IhhENSt9enable_ifIXsrSt24__is_bitwise_relocatableIT_vE5valueEPS2_E4typeES4_S4_S4_RSaIT0_E.isra.0
                0x0000000000004590       0x20 /home/arduino/ArduinoApps/edgeaispectrophotometer/.cache/sketch/libraries/Arduino_RouterBridge/singletons.cpp.o
 .text._ZNSt12_Vector_baseIhSaIhEE11_M_allocateEj.isra.0
                0x00000000000045b0       0x20 /home/arduino/ArduinoApps/edgeaispectrophotometer/.cache/sketch/libraries/Arduino_RouterBridge/singletons.cpp.o
 .text.k_mutex_unlock.isra.0
                0x00000000000045d0        0x8 /home/arduino/ArduinoApps/edgeaispectrophotometer/.cache/sketch/libraries/Arduino_RouterBridge/singletons.cpp.o
 .text._ZN7RpcCallIJEE7isErrorEv.isra.0
                0x00000000000045d8       0x28 /home/arduino/ArduinoApps/edgeaispectrophotometer/.cache/sketch/libraries/Arduino_RouterBridge/singletons.cpp.o
 .text._ZN7RpcCallIJRN7arduino6StringEEE7isErrorEv.isra.0
                0x0000000000004600       0x28 /home/arduino/ArduinoApps/edgeaispectrophotometer/.cache/sketch/libraries/Arduino_RouterBridge/singletons.cpp.o
 .text._ZN13BridgeMonitorILj512EE4readEv
                0x0000000000004628       0x68 /home/arduino/ArduinoApps/edgeaispectrophotometer/.cache/sketch/libraries/Arduino_RouterBridge/singletons.cpp.o
                0x0000000000004628                BridgeMonitor<512u>::read()
 .text._ZN13BridgeMonitorILj512EE4peekEv
                0x0000000000004690       0x44 /home/arduino/ArduinoApps/edgeaispectrophotometer/.cache/sketch/libraries/Arduino_RouterBridge/singletons.cpp.o
                0x0000000000004690                BridgeMonitor<512u>::peek()
 .text.k_msleep.constprop.0.isra.0
                0x00000000000046d4        0xc /home/arduino/ArduinoApps/edgeaispectrophotometer/.cache/sketch/libraries/Arduino_RouterBridge/singletons.cpp.o
 .text._ZNSt6vectorIhSaIhEE14_M_move_assignEOS1_St17integral_constantIbLb1EE.isra.0
                0x00000000000046e0       0x34 /home/arduino/ArduinoApps/edgeaispectrophotometer/.cache/sketch/libraries/Arduino_RouterBridge/singletons.cpp.o
 .text._ZNSt6vectorIhSaIhEE12emplace_backIJRKhEEERhDpOT_.isra.0
                0x0000000000004714       0x90 /home/arduino/ArduinoApps/edgeaispectrophotometer/.cache/sketch/libraries/Arduino_RouterBridge/singletons.cpp.o
 .text._ZNSt6vectorIhSaIhEE12emplace_backIJhEEERhDpOT_.isra.0
                0x00000000000047a4       0x90 /home/arduino/ArduinoApps/edgeaispectrophotometer/.cache/sketch/libraries/Arduino_RouterBridge/singletons.cpp.o
 .text._ZN7arduino7msgpack8Unpacker11deserializeISt6vectorIhSaIhEEJEEEbRT_DpOT0_
                0x0000000000004834      0x13c /home/arduino/ArduinoApps/edgeaispectrophotometer/.cache/sketch/libraries/Arduino_RouterBridge/singletons.cpp.o
                0x0000000000004834                bool arduino::msgpack::Unpacker::deserialize<std::vector<unsigned char, std::allocator<unsigned char> >>(std::vector<unsigned char, std::allocator<unsigned char> >&)
 .text._ZN7arduino7msgpack6Packer11packRawByteERKNS0_4TypeE.isra.0
                0x0000000000004970       0x18 /home/arduino/ArduinoApps/edgeaispectrophotometer/.cache/sketch/libraries/Arduino_RouterBridge/singletons.cpp.o
 .text._ZNSt6vectorIhSaIhEE12emplace_backIJRhEEES3_DpOT_.isra.0
                0x0000000000004988       0x90 /home/arduino/ArduinoApps/edgeaispectrophotometer/.cache/sketch/libraries/Arduino_RouterBridge/singletons.cpp.o
 .text._ZN7arduino7msgpack6Packer11packIntegerIjEENSt9enable_ifIXaaaaaasrSt13is_arithmeticIT_E5valuesrSt11is_integralIS5_E5valuentsrSt7is_sameIS5_bE5valuentsrS9_INSt9remove_cvIS5_E4typeEPcE5valueEvE4typeERKS5_.isra.0
                0x0000000000004a18       0x50 /home/arduino/ArduinoApps/edgeaispectrophotometer/.cache/sketch/libraries/Arduino_RouterBridge/singletons.cpp.o
 .text._ZN7arduino7msgpack6Packer11packIntegerIiEENSt9enable_ifIXaaaaaasrSt13is_arithmeticIT_E5valuesrSt11is_integralIS5_E5valuentsrSt7is_sameIS5_bE5valuentsrS9_INSt9remove_cvIS5_E4typeEPcE5valueEvE4typeERKS5_.isra.0
                0x0000000000004a68       0xb8 /home/arduino/ArduinoApps/edgeaispectrophotometer/.cache/sketch/libraries/Arduino_RouterBridge/singletons.cpp.o
 .text._ZN7arduino7msgpack6Packer9serializeIJRKiRjRKNS_6StringEEEEvRKNS0_4type9ArraySizeEDpOT_.isra.0
                0x0000000000004b20       0x38 /home/arduino/ArduinoApps/edgeaispectrophotometer/.cache/sketch/libraries/Arduino_RouterBridge/singletons.cpp.o
 .text._ZN9RPCClient8send_rpcIJEEEbRKN7arduino6StringERjDpOT_.isra.0
                0x0000000000004b58       0x74 /home/arduino/ArduinoApps/edgeaispectrophotometer/.cache/sketch/libraries/Arduino_RouterBridge/singletons.cpp.o
 .text._ZN9RPCClient8send_rpcIJRKN7arduino6StringEEEEbS4_RjDpOT_.isra.0
                0x0000000000004bcc       0x84 /home/arduino/ArduinoApps/edgeaispectrophotometer/.cache/sketch/libraries/Arduino_RouterBridge/singletons.cpp.o
 .text._ZN9RPCClient8send_rpcIJRKjEEEbRKN7arduino6StringERjDpOT_.isra.0
                0x0000000000004c50       0x84 /home/arduino/ArduinoApps/edgeaispectrophotometer/.cache/sketch/libraries/Arduino_RouterBridge/singletons.cpp.o
 .text._ZN7arduino7msgpack8Unpacker11deserializeIjJEEEbRT_DpOT0_
                0x0000000000004cd4       0x40 /home/arduino/ArduinoApps/edgeaispectrophotometer/.cache/sketch/libraries/Arduino_RouterBridge/singletons.cpp.o
                0x0000000000004cd4                bool arduino::msgpack::Unpacker::deserialize<unsigned int>(unsigned int&)
 .text._ZN9RPCClient12get_responseIN7arduino7msgpack6object5nil_tEEEbjRT_R8RpcError
                0x0000000000004d14       0x40 /home/arduino/ArduinoApps/edgeaispectrophotometer/.cache/sketch/libraries/Arduino_RouterBridge/singletons.cpp.o
                0x0000000000004d14                bool RPCClient::get_response<arduino::msgpack::object::nil_t>(unsigned int, arduino::msgpack::object::nil_t&, RpcError&)
 .text._ZN13BridgeMonitorILj512EEcvbEv
                0x0000000000004d54      0x28c /home/arduino/ArduinoApps/edgeaispectrophotometer/.cache/sketch/libraries/Arduino_RouterBridge/singletons.cpp.o
                0x0000000000004d54                BridgeMonitor<512u>::operator bool()
 .text._ZN11BridgeClass6notifyIJRN7arduino6StringEEEEvS2_DpOT_
                0x0000000000004fe0       0xac /home/arduino/ArduinoApps/edgeaispectrophotometer/.cache/sketch/libraries/Arduino_RouterBridge/singletons.cpp.o
                0x0000000000004fe0                void BridgeClass::notify<arduino::String&>(arduino::String, arduino::String&)
 .text._ZN7RpcCallIJRN7arduino6StringEEE8setErrorEiS1_