Archive member included to satisfy reference by file (symbol)

/home/arduino/ArduinoApps/edgeaispectrophotometer/.cache/sketch/core/core.a(Print.cpp.o)
                              /home/arduino/ArduinoApps/edgeaispectrophotometer/.cache/sketch/sketch/sketch.ino.cpp.o (arduino::Print::print(char const*))
/home/arduino/ArduinoApps/edgeaispectrophotometer/.cache/sketch/core/core.a(Stream.cpp.o)
                              /home/arduino/ArduinoApps/edgeaispectrophotometer/.cache/sketch/sketch/sketch.ino.cpp.o (arduino::Stream::setTimeout(unsigned long))
/home/arduino/ArduinoApps/edgeaispectrophotometer/.cache/sketch/core/core.a(String.cpp.o)
                              /home/arduino/ArduinoApps/edgeaispectrophotometer/.cache/sketch/sketch/sketch.ino.cpp.o (arduino::String::String(arduino::String&&))
/home/arduino/ArduinoApps/edgeaispectrophotometer/.cache/sketch/core/core.a(itoa.cpp.o)
                              /home/arduino/ArduinoApps/edgeaispectrophotometer/.cache/sketch/core/core.a(String.cpp.o) (dtostrf)
/home/arduino/ArduinoApps/edgeaispectrophotometer/.cache/sketch/core/core.a(llext_wrappers.c.o)
                              /home/arduino/ArduinoApps/edgeaispectrophotometer/.cache/sketch/sketch/sketch.ino.cpp.o (memcpy)
/home/arduino/ArduinoApps/edgeaispectrophotometer/.cache/sketch/core/core.a(main.cpp.o)
                              (main)
/home/arduino/ArduinoApps/edgeaispectrophotometer/.cache/sketch/core/core.a(new.cpp.o)
                              /home/arduino/ArduinoApps/edgeaispectrophotometer/.cache/sketch/sketch/sketch.ino.cpp.o (operator new(unsigned int))
/home/arduino/ArduinoApps/edgeaispectrophotometer/.cache/sketch/core/core.a(threads.cpp.o)
                              /home/arduino/ArduinoApps/edgeaispectrophotometer/.cache/sketch/core/core.a(main.cpp.o) (start_static_threads())
/home/arduino/ArduinoApps/edgeaispectrophotometer/.cache/sketch/core/core.a(wiring_digital.cpp.o)
                              /home/arduino/ArduinoApps/edgeaispectrophotometer/.cache/sketch/libraries/SparkFun Toolkit/sfTkArdSPI.cpp.o (digitalWrite)
/home/arduino/ArduinoApps/edgeaispectrophotometer/.cache/sketch/core/core.a(zephyrCommon.cpp.o)
                              /home/arduino/ArduinoApps/edgeaispectrophotometer/.cache/sketch/libraries/SparkFun Toolkit/sfTkArduino.cpp.o (millis)
/home/arduino/ArduinoApps/edgeaispectrophotometer/.cache/sketch/core/core.a(zephyrPinctrl.cpp.o)
                              /home/arduino/ArduinoApps/edgeaispectrophotometer/.cache/sketch/libraries/Wire/Wire.cpp.o (zephyr::arduino::init_dev_apply_pinctrl(device const*))
/home/arduino/ArduinoApps/edgeaispectrophotometer/.cache/sketch/core/core.a(zephyrSerial.cpp.o)
                              /home/arduino/ArduinoApps/edgeaispectrophotometer/.cache/sketch/libraries/Arduino_RouterBridge/singletons.cpp.o (Serial2)
/home/arduino/.arduino15/packages/zephyr/tools/arm-zephyr-eabi/0.16.8/bin/../lib/gcc/arm-zephyr-eabi/12.2.0/../../../../arm-zephyr-eabi/lib/thumb/v8-m.main+fp/hard/libstdc++_nano.a(functexcept.o)
                              /home/arduino/ArduinoApps/edgeaispectrophotometer/.cache/sketch/sketch/sketch.ino.cpp.o (std::__throw_bad_alloc())

Discarded input sections

 .group         0x0000000000000000        0x8 /home/arduino/ArduinoApps/edgeaispectrophotometer/.cache/sketch/sketch/sketch.ino.cpp.o
 .group         0x0000000000000000        0x8 /home/arduino/ArduinoApps/edgeaispectrophotometer/.cache/sketch/sketch/sketch.ino.cpp.o
 .group         0x0000000000000000        0x8 /home/arduino/ArduinoApps/edgeaispectrophotometer/.cache/sketch/sketch/sketch.ino.cpp.o
 .group         0x0000000000000000        0x8 /home/arduino/ArduinoApps/edgeaispectrophotometer/.cache/sketch/sketch/sketch.ino.cpp.o
 .group         0x0000000000000000        0x8 /home/arduino/ArduinoApps/edgeaispectrophotometer/.cache/sketch/sketch/sketch.ino.cpp.o
 .group         0x0000000000000000        0x8 /home/arduino/ArduinoApps/edgeaispectrophotometer/.cache/sketch/sketch/sketch.ino.cpp.o
 .group         0x0000000000000000        0x8 /home/arduino/ArduinoApps/edgeaispectrophotometer/.cache/sketch/sketch/sketch.ino.cpp.o
 .group         0x0000000000000000        0x8 /home/arduino/ArduinoApps/edgeaispectrophotometer/.cache/sketch/sketch/sketch.ino.cpp.o
 .group         0x0000000000000000        0x8 /home/arduino/ArduinoApps/edgeaispectrophotometer/.cache/sketch/sketch/sketch.ino.cpp.o
 .group         0x0000000000000000        0x8 /home/arduino/ArduinoApps/edgeaispectrophotometer/.cache/sketch/sketch/sketch.ino.cpp.o
 .group         0x0000000000000000        0x8 /home/arduino/ArduinoApps/edgeaispectrophotometer/.cache/sketch/sketch/sketch.ino.cpp.o
 .group         0x0000000000000000        0x8 /home/arduino/ArduinoApps/edgeaispectrophotometer/.cache/sketch/sketch/sketch.ino.cpp.o
 .group         0x0000000000000000        0x8 /home/arduino/ArduinoApps/edgeaispectrophotometer/.cache/sketch/sketch/sketch.ino.cpp.o
[...]
Memory Configuration

Name             Origin             Length             Attributes
*default*        0x0000000000000000 0xffffffffffffffff

Linker script and memory map

LOAD /home/arduino/.arduino15/packages/zephyr/tools/arm-zephyr-eabi/0.16.8/bin/../lib/gcc/arm-zephyr-eabi/12.2.0/../../../../arm-zephyr-eabi/lib/thumb/v8-m.main+fp/hard/libstdc++_nano.a
LOAD /home/arduino/.arduino15/packages/zephyr/tools/arm-zephyr-eabi/0.16.8/bin/../lib/gcc/arm-zephyr-eabi/12.2.0/../../../../arm-zephyr-eabi/lib/thumb/v8-m.main+fp/hard/libsupc++_nano.a
LOAD /home/arduino/.arduino15/packages/zephyr/tools/arm-zephyr-eabi/0.16.8/bin/../lib/gcc/arm-zephyr-eabi/12.2.0/../../../../arm-zephyr-eabi/lib/thumb/v8-m.main+fp/hard/libnosys.a
LOAD /home/arduino/ArduinoApps/edgeaispectrophotometer/.cache/sketch/sketch/sketch.ino.cpp.o
LOAD /home/arduino/ArduinoApps/edgeaispectrophotometer/.cache/sketch/libraries/Wire/Wire.cpp.o
LOAD /home/arduino/ArduinoApps/edgeaispectrophotometer/.cache/sketch/libraries/SPI/SPI.cpp.o
LOAD /home/arduino/ArduinoApps/edgeaispectrophotometer/.cache/sketch/libraries/Arduino_RouterBridge/singletons.cpp.o
LOAD /home/arduino/ArduinoApps/edgeaispectrophotometer/.cache/sketch/libraries/SparkFun AS7343 Arduino Library/sfTk/sfDevAS7343.cpp.o
LOAD /home/arduino/ArduinoApps/edgeaispectrophotometer/.cache/sketch/libraries/SparkFun Toolkit/sfTk/sfToolkit.cpp.o
LOAD /home/arduino/ArduinoApps/edgeaispectrophotometer/.cache/sketch/libraries/SparkFun Toolkit/sfTkArdI2C.cpp.o
LOAD /home/arduino/ArduinoApps/edgeaispectrophotometer/.cache/sketch/libraries/SparkFun Toolkit/sfTkArdSPI.cpp.o
LOAD /home/arduino/ArduinoApps/edgeaispectrophotometer/.cache/sketch/libraries/SparkFun Toolkit/sfTkArduino.cpp.o
LOAD /home/arduino/ArduinoApps/edgeaispectrophotometer/.cache/sketch/core/analogReference.cpp.o
LOAD /home/arduino/ArduinoApps/edgeaispectrophotometer/.cache/sketch/core/tls-syms.S.o
START GROUP
LOAD /home/arduino/ArduinoApps/edgeaispectrophotometer/.cache/sketch/core/core.a
LOAD /home/arduino/.arduino15/packages/zephyr/tools/arm-zephyr-eabi/0.16.8/bin/../lib/gcc/arm-zephyr-eabi/12.2.0/../../../../arm-zephyr-eabi/lib/thumb/v8-m.main+fp/hard/libstdc++_nano.a
LOAD /home/arduino/.arduino15/packages/zephyr/tools/arm-zephyr-eabi/0.16.8/bin/../lib/gcc/arm-zephyr-eabi/12.2.0/../../../../arm-zephyr-eabi/lib/thumb/v8-m.main+fp/hard/libsupc++_nano.a
LOAD /home/arduino/.arduino15/packages/zephyr/tools/arm-zephyr-eabi/0.16.8/bin/../lib/gcc/arm-zephyr-eabi/12.2.0/../../../../arm-zephyr-eabi/lib/thumb/v8-m.main+fp/hard/libm_nano.a
END GROUP

.rodata         0x0000000000000000      0x3ec
 *(.rodata._ZN6zephyr7arduinoL11pinctrl_mapE)
 .rodata._ZN6zephyr7arduinoL11pinctrl_mapE
                0x0000000000000000       0x88 /home/arduino/ArduinoApps/edgeaispectrophotometer/.cache/sketch/core/core.a(zephyrPinctrl.cpp.o)
 *(.rodata._ZN6zephyr7arduinoL35__pinctrl_states__device_dts_ord_17E)
 .rodata._ZN6zephyr7arduinoL35__pinctrl_states__device_dts_ord_17E
                0x0000000000000088       0x18 /home/arduino/ArduinoApps/edgeaispectrophotometer/.cache/sketch/core/core.a(zephyrPinctrl.cpp.o)
 *(.rodata._ZN6zephyr7arduinoL35__pinctrl_states__device_dts_ord_25E)
 .rodata._ZN6zephyr7arduinoL35__pinctrl_states__device_dts_ord_25E
                0x00000000000000a0        0x8 /home/arduino/ArduinoApps/edgeaispectrophotometer/.cache/sketch/core/core.a(zephyrPinctrl.cpp.o)
 *(.rodata._ZN6zephyr7arduinoL35__pinctrl_states__device_dts_ord_29E)
 .rodata._ZN6zephyr7arduinoL35__pinctrl_states__device_dts_ord_29E
                0x00000000000000a8        0x8 /home/arduino/ArduinoApps/edgeaispectrophotometer/.cache/sketch/core/core.a(zephyrPinctrl.cpp.o)
 *(.rodata._ZN6zephyr7arduinoL35__pinctrl_states__device_dts_ord_35E)
 .rodata._ZN6zephyr7arduinoL35__pinctrl_states__device_dts_ord_35E
                0x00000000000000b0       0x10 /home/arduino/ArduinoApps/edgeaispectrophotometer/.cache/sketch/core/core.a(zephyrPinctrl.cpp.o)
 *(.rodata._ZN6zephyr7arduinoL35__pinctrl_states__device_dts_ord_55E)
 .rodata._ZN6zephyr7arduinoL35__pinctrl_states__device_dts_ord_55E
                0x00000000000000c0        0x8 /home/arduino/ArduinoApps/edgeaispectrophotometer/.cache/sketch/core/core.a(zephyrPinctrl.cpp.o)
 *(.rodata._ZN6zephyr7arduinoL35__pinctrl_states__device_dts_ord_64E)
 .rodata._ZN6zephyr7arduinoL35__pinctrl_states__device_dts_ord_64E
                0x00000000000000c8        0x8 /home/arduino/ArduinoApps/edgeaispectrophotometer/.cache/sketch/core/core.a(zephyrPinctrl.cpp.o)
 *(.rodata._ZN6zephyr7arduinoL35__pinctrl_states__device_dts_ord_67E)
 .rodata._ZN6zephyr7arduinoL35__pinctrl_states__device_dts_ord_67E
                0x00000000000000d0        0x8 /home/arduino/ArduinoApps/edgeaispectrophotometer/.cache/sketch/core/core.a(zephyrPinctrl.cpp.o)
 *(.rodata._ZN6zephyr7arduinoL35__pinctrl_states__device_dts_ord_72E)
 .rodata._ZN6zephyr7arduinoL35__pinctrl_states__device_dts_ord_72E
                0x00000000000000d8        0x8 /home/arduino/ArduinoApps/edgeaispectrophotometer/.cache/sketch/core/core.a(zephyrPinctrl.cpp.o)
 *(.rodata._ZN6zephyr7arduinoL35__pinctrl_states__device_dts_ord_80E)
 .rodata._ZN6zephyr7arduinoL35__pinctrl_states__device_dts_ord_80E
                0x00000000000000e0       0x10 /home/arduino/ArduinoApps/edgeaispectrophotometer/.cache/sketch/core/core.a(zephyrPinctrl.cpp.o)
 *(.rodata._ZN6zephyr7arduinoL35__pinctrl_states__device_dts_ord_85E)
 .rodata._ZN6zephyr7arduinoL35__pinctrl_states__device_dts_ord_85E
                0x00000000000000f0        0x8 /home/arduino/ArduinoApps/edgeaispectrophotometer/.cache/sketch/core/core.a(zephyrPinctrl.cpp.o)
 *(.rodata._ZN6zephyr7arduinoL35__pinctrl_states__device_dts_ord_97E)
 .rodata._ZN6zephyr7arduinoL35__pinctrl_states__device_dts_ord_97E
                0x00000000000000f8       0x18 /home/arduino/ArduinoApps/edgeaispectrophotometer/.cache/sketch/core/core.a(zephyrPinctrl.cpp.o)
 *(.rodata._ZN6zephyr7arduinoL36__pinctrl_states__device_dts_ord_102E)
 .rodata._ZN6zephyr7arduinoL36__pinctrl_states__device_dts_ord_102E
                0x0000000000000110       0x18 /home/arduino/ArduinoApps/edgeaispectrophotometer/.cache/sketch/core/core.a(zephyrPinctrl.cpp.o)
 *(.rodata._ZN6zephyr7arduinoL36__pinctrl_states__device_dts_ord_106E)
 .rodata._ZN6zephyr7arduinoL36__pinctrl_states__device_dts_ord_106E
                0x0000000000000128       0x18 /home/arduino/ArduinoApps/edgeaispectrophotometer/.cache/sketch/core/core.a(zephyrPinctrl.cpp.o)
 *(.rodata._ZN6zephyr7arduinoL36__pinctrl_states__device_dts_ord_111E)
 .rodata._ZN6zephyr7arduinoL36__pinctrl_states__device_dts_ord_111E
                0x0000000000000140       0x18 /home/arduino/ArduinoApps/edgeaispectrophotometer/.cache/sketch/core/core.a(zephyrPinctrl.cpp.o)
 *(.rodata._ZN6zephyr7arduinoL36__pinctrl_states__device_dts_ord_117E)
 .rodata._ZN6zephyr7arduinoL36__pinctrl_states__device_dts_ord_117E
                0x0000000000000158       0x18 /home/arduino/ArduinoApps/edgeaispectrophotometer/.cache/sketch/core/core.a(zephyrPinctrl.cpp.o)
 *(.rodata._ZN6zephyr7arduinoL36__pinctrl_states__device_dts_ord_120E)
 .rodata._ZN6zephyr7arduinoL36__pinctrl_states__device_dts_ord_120E
                0x0000000000000170       0x18 /home/arduino/ArduinoApps/edgeaispectrophotometer/.cache/sketch/core/core.a(zephyrPinctrl.cpp.o)
 *(.rodata._ZN6zephyr7arduinoL39__pinctrl_dev_config__device_dts_ord_17E)
 .rodata._ZN6zephyr7arduinoL39__pinctrl_dev_config__device_dts_ord_17E
                0x0000000000000188        0x8 /home/arduino/ArduinoApps/edgeaispectrophotometer/.cache/sketch/core/core.a(zephyrPinctrl.cpp.o)
 *(.rodata._ZN6zephyr7arduinoL39__pinctrl_dev_config__device_dts_ord_25E)
 .rodata._ZN6zephyr7arduinoL39__pinctrl_dev_config__device_dts_ord_25E
                0x0000000000000190        0x8 /home/arduino/ArduinoApps/edgeaispectrophotometer/.cache/sketch/core/core.a(zephyrPinctrl.cpp.o)
 *(.rodata._ZN6zephyr7arduinoL39__pinctrl_dev_config__device_dts_ord_29E)
 .rodata._ZN6zephyr7arduinoL39__pinctrl_dev_config__device_dts_ord_29E
                0x0000000000000198        0x8 /home/arduino/ArduinoApps/edgeaispectrophotometer/.cache/sketch/core/core.a(zephyrPinctrl.cpp.o)
 *(.rodata._ZN6zephyr7arduinoL39__pinctrl_dev_config__device_dts_ord_35E)
 .rodata._ZN6zephyr7arduinoL39__pinctrl_dev_config__device_dts_ord_35E
                0x00000000000001a0        0x8 /home/arduino/ArduinoApps/edgeaispectrophotometer/.cache/sketch/core/core.a(zephyrPinctrl.cpp.o)
 *(.rodata._ZN6zephyr7arduinoL39__pinctrl_dev_config__device_dts_ord_55E)
 .rodata._ZN6zephyr7arduinoL39__pinctrl_dev_config__device_dts_ord_55E
                0x00000000000001a8        0x8 /home/arduino/ArduinoApps/edgeaispectrophotometer/.cache/sketch/core/core.a(zephyrPinctrl.cpp.o)
 *(.rodata._ZN6zephyr7arduinoL39__pinctrl_dev_config__device_dts_ord_64E)
 .rodata._ZN6zephyr7arduinoL39__pinctrl_dev_config__device_dts_ord_64E
                0x00000000000001b0        0x8 /home/arduino/ArduinoApps/edgeaispectrophotometer/.cache/sketch/core/core.a(zephyrPinctrl.cpp.o)
 *(.rodata._ZN6zephyr7arduinoL39__pinctrl_dev_config__device_dts_ord_67E)
 .rodata._ZN6zephyr7arduinoL39__pinctrl_dev_config__device_dts_ord_67E
                0x00000000000001b8        0x8 /home/arduino/ArduinoApps/edgeaispectrophotometer/.cache/sketch/core/core.a(zephyrPinctrl.cpp.o)
 *(.rodata._ZN6zephyr7arduinoL39__pinctrl_dev_config__device_dts_ord_72E)
 .rodata._ZN6zephyr7arduinoL39__pinctrl_dev_config__device_dts_ord_72E
                0x00000000000001c0        0x8 /home/arduino/ArduinoApps/edgeaispectrophotometer/.cache/sketch/core/core.a(zephyrPinctrl.cpp.o)
 *(.rodata._ZN6zephyr7arduinoL39__pinctrl_dev_config__device_dts_ord_80E)
 .rodata._ZN6zephyr7arduinoL39__pinctrl_dev_config__device_dts_ord_80E
                0x00000000000001c8        0x8 /home/arduino/ArduinoApps/edgeaispectrophotometer/.cache/sketch/core/core.a(zephyrPinctrl.cpp.o)
 *(.rodata._ZN6zephyr7arduinoL39__pinctrl_dev_config__device_dts_ord_85E)
 .rodata._ZN6zephyr7arduinoL39__pinctrl_dev_config__device_dts_ord_85E
                0x00000000000001d0        0x8 /home/arduino/ArduinoApps/edgeaispectrophotometer/.cache/sketch/core/core.a(zephyrPinctrl.cpp.o)
 *(.rodata._ZN6zephyr7arduinoL39__pinctrl_dev_config__device_dts_ord_97E)
 .rodata._ZN6zephyr7arduinoL39__pinctrl_dev_config__device_dts_ord_97E
                0x00000000000001d8        0x8 /home/arduino/ArduinoApps/edgeaispectrophotometer/.cache/sketch/core/core.a(zephyrPinctrl.cpp.o)
 *(.rodata._ZN6zephyr7arduinoL40__pinctrl_dev_config__device_dts_ord_102E)
 .rodata._ZN6zephyr7arduinoL40__pinctrl_dev_config__device_dts_ord_102E
                0x00000000000001e0        0x8 /home/arduino/ArduinoApps/edgeaispectrophotometer/.cache/sketch/core/core.a(zephyrPinctrl.cpp.o)
 *(.rodata._ZN6zephyr7arduinoL40__pinctrl_dev_config__device_dts_ord_106E)
 .rodata._ZN6zephyr7arduinoL40__pinctrl_dev_config__device_dts_ord_106E
                0x00000000000001e8        0x8 /home/arduino/ArduinoApps/edgeaispectrophotometer/.cache/sketch/core/core.a(zephyrPinctrl.cpp.o)
 *(.rodata._ZN6zephyr7arduinoL40__pinctrl_dev_config__device_dts_ord_111E)
 .rodata._ZN6zephyr7arduinoL40__pinctrl_dev_config__device_dts_ord_111E
                0x00000000000001f0        0x8 /home/arduino/ArduinoApps/edgeaispectrophotometer/.cache/sketch/core/core.a(zephyrPinctrl.cpp.o)
 *(.rodata._ZN6zephyr7arduinoL40__pinctrl_dev_config__device_dts_ord_117E)
 .rodata._ZN6zephyr7arduinoL40__pinctrl_dev_config__device_dts_ord_117E
                0x00000000000001f8        0x8 /home/arduino/ArduinoApps/edgeaispectrophotometer/.cache/sketch/core/core.a(zephyrPinctrl.cpp.o)
 *(.rodata._ZN6zephyr7arduinoL40__pinctrl_dev_config__device_dts_ord_120E)
 .rodata._ZN6zephyr7arduinoL40__pinctrl_dev_config__device_dts_ord_120E
                0x0000000000000200        0x8 /home/arduino/ArduinoApps/edgeaispectrophotometer/.cache/sketch/core/core.a(zephyrPinctrl.cpp.o)
 *(.rodata._ZTV10sfTkArdI2C)
 .rodata._ZTV10sfTkArdI2C
                0x0000000000000208       0x78 /home/arduino/ArduinoApps/edgeaispectrophotometer/.cache/sketch/libraries/SparkFun Toolkit/sfTkArdI2C.cpp.o
                0x0000000000000208                vtable for sfTkArdI2C
 *(.rodata._ZTV13BridgeMonitorILj512EE)
 .rodata._ZTV13BridgeMonitorILj512EE
                0x0000000000000280       0x24 /home/arduino/ArduinoApps/edgeaispectrophotometer/.cache/sketch/libraries/Arduino_RouterBridge/singletons.cpp.o
                0x0000000000000280                vtable for BridgeMonitor<512u>
 *(.rodata._ZTV15SerialTransport)
 .rodata._ZTV15SerialTransport
                0x00000000000002a4       0x20 /home/arduino/ArduinoApps/edgeaispectrophotometer/.cache/sketch/sketch/sketch.ino.cpp.o
                0x00000000000002a4                vtable for SerialTransport
 *(.rodata._ZTV8sfTkIBus)
 .rodata._ZTV8sfTkIBus
                0x00000000000002c4       0x64 /home/arduino/ArduinoApps/edgeaispectrophotometer/.cache/sketch/sketch/sketch.ino.cpp.o
                0x00000000000002c4                vtable for sfTkIBus
 *(.rodata._ZTVN7arduino12ZephyrSerialE)
 .rodata._ZTVN7arduino12ZephyrSerialE
                0x0000000000000328       0x34 /home/arduino/ArduinoApps/edgeaispectrophotometer/.cache/sketch/core/core.a(zephyrSerial.cpp.o)
                0x0000000000000328                vtable for arduino::ZephyrSerial
 *(.rodata._ZTVN7arduino9ZephyrI2CE)
 .rodata._ZTVN7arduino9ZephyrI2CE
                0x000000000000035c       0x54 /home/arduino/ArduinoApps/edgeaispectrophotometer/.cache/sketch/libraries/Wire/Wire.cpp.o
                0x000000000000035c                vtable for arduino::ZephyrI2C
 *(.rodata._ZTVN7arduino9ZephyrSPIE)
 .rodata._ZTVN7arduino9ZephyrSPIE
                0x00000000000003b0       0x3c /home/arduino/ArduinoApps/edgeaispectrophotometer/.cache/sketch/libraries/SPI/SPI.cpp.o
                0x00000000000003b0                vtable for arduino::ZephyrSPI

.llext.rodata.noreloc
                0x00000000000003ec      0x645
 *(.rodata._ZN10RpcDecoderILj1024EE12get_responseIN7arduino7msgpack6object5nil_tEEEbjRT_R8RpcError.str1.1)
 .rodata._ZN10RpcDecoderILj1024EE12get_responseIN7arduino7msgpack6object5nil_tEEEbjRT_R8RpcError.str1.1
                0x00000000000003ec       0x7b /home/arduino/ArduinoApps/edgeaispectrophotometer/.cache/sketch/libraries/Arduino_RouterBridge/singletons.cpp.o
 *(.rodata._ZN10RpcDecoderILj1024EE12get_responseIbEEbjRT_R8RpcError.str1.1)
 .rodata._ZN10RpcDecoderILj1024EE12get_responseIbEEbjRT_R8RpcError.str1.1
                0x0000000000000467       0x7b /home/arduino/ArduinoApps/edgeaispectrophotometer/.cache/sketch/sketch/sketch.ino.cpp.o
 *(.rodata._ZN11BridgeClass11update_safeEv.str1.1)
 .rodata._ZN11BridgeClass11update_safeEv.str1.1
                0x00000000000004e2        0x9 /home/arduino/ArduinoApps/edgeaispectrophotometer/.cache/sketch/sketch/sketch.ino.cpp.o
 *(.rodata._ZN11BridgeClass5beginEm.str1.1)
 .rodata._ZN11BridgeClass5beginEm.str1.1
                0x00000000000004eb       0x45 /home/arduino/ArduinoApps/edgeaispectrophotometer/.cache/sketch/sketch/sketch.ino.cpp.o
 *(.rodata._ZN13BridgeMonitorILj512EE5_readEj.str1.1)
 .rodata._ZN13BridgeMonitorILj512EE5_readEj.str1.1
                0x0000000000000530        0x9 /home/arduino/ArduinoApps/edgeaispectrophotometer/.cache/sketch/libraries/Arduino_RouterBridge/singletons.cpp.o
 *(.rodata._ZN13BridgeMonitorILj512EE5writeEPKhj.str1.1)
 .rodata._ZN13BridgeMonitorILj512EE5writeEPKhj.str1.1
                0x0000000000000539        0xa /home/arduino/ArduinoApps/edgeaispectrophotometer/.cache/sketch/libraries/Arduino_RouterBridge/singletons.cpp.o
 *(.rodata._ZN13BridgeMonitorILj512EEcvbEv.str1.1)
 .rodata._ZN13BridgeMonitorILj512EEcvbEv.str1.1
                0x0000000000000543       0x4d /home/arduino/ArduinoApps/edgeaispectrophotometer/.cache/sketch/libraries/Arduino_RouterBridge/singletons.cpp.o
 *(.rodata._ZN6zephyr7arduinoL41__pinctrl_state_pins_0__device_dts_ord_17E)
 .rodata._ZN6zephyr7arduinoL41__pinctrl_state_pins_0__device_dts_ord_17E
                0x0000000000000590        0x0 /home/arduino/ArduinoApps/edgeaispectrophotometer/.cache/sketch/core/core.a(zephyrPinctrl.cpp.o)
 *(.rodata._ZN6zephyr7arduinoL41__pinctrl_state_pins_0__device_dts_ord_25E)
 .rodata._ZN6zephyr7arduinoL41__pinctrl_state_pins_0__device_dts_ord_25E
                0x0000000000000590       0x10 /home/arduino/ArduinoApps/edgeaispectrophotometer/.cache/sketch/core/core.a(zephyrPinctrl.cpp.o)
 *(.rodata._ZN6zephyr7arduinoL41__pinctrl_state_pins_0__device_dts_ord_29E)
 .rodata._ZN6zephyr7arduinoL41__pinctrl_state_pins_0__device_dts_ord_29E
                0x00000000000005a0       0x10 /home/arduino/ArduinoApps/edgeaispectrophotometer/.cache/sketch/core/core.a(zephyrPinctrl.cpp.o)
 *(.rodata._ZN6zephyr7arduinoL41__pinctrl_state_pins_0__device_dts_ord_35E)
 .rodata._ZN6zephyr7arduinoL41__pinctrl_state_pins_0__device_dts_ord_35E
                0x00000000000005b0       0x10 /home/arduino/ArduinoApps/edgeaispectrophotometer/.cache/sketch/core/core.a(zephyrPinctrl.cpp.o)
 *(.rodata._ZN6zephyr7arduinoL41__pinctrl_state_pins_0__device_dts_ord_55E)
 .rodata._ZN6zephyr7arduinoL41__pinctrl_state_pins_0__device_dts_ord_55E
                0x00000000000005c0       0x10 /home/arduino/ArduinoApps/edgeaispectrophotometer/.cache/sketch/core/core.a(zephyrPinctrl.cpp.o)
 *(.rodata._ZN6zephyr7arduinoL41__pinctrl_state_pins_0__device_dts_ord_64E)
 .rodata._ZN6zephyr7arduinoL41__pinctrl_state_pins_0__device_dts_ord_64E
                0x00000000000005d0       0x10 /home/arduino/ArduinoApps/edgeaispectrophotometer/.cache/sketch/core/core.a(zephyrPinctrl.cpp.o)
 *(.rodata._ZN6zephyr7arduinoL41__pinctrl_state_pins_0__device_dts_ord_67E)
 .rodata._ZN6zephyr7arduinoL41__pinctrl_state_pins_0__device_dts_ord_67E
                0x00000000000005e0       0x10 /home/arduino/ArduinoApps/edgeaispectrophotometer/.cache/sketch/core/core.a(zephyrPinctrl.cpp.o)
 *(.rodata._ZN6zephyr7arduinoL41__pinctrl_state_pins_0__device_dts_ord_72E)
 .rodata._ZN6zephyr7arduinoL41__pinctrl_state_pins_0__device_dts_ord_72E
                0x00000000000005f0       0x20 /home/arduino/ArduinoApps/edgeaispectrophotometer/.cache/sketch/core/core.a(zephyrPinctrl.cpp.o)
 *(.rodata._ZN6zephyr7arduinoL41__pinctrl_state_pins_0__device_dts_ord_80E)
 .rodata._ZN6zephyr7arduinoL41__pinctrl_state_pins_0__device_dts_ord_80E
                0x0000000000000610       0x20 /home/arduino/ArduinoApps/edgeaispectrophotometer/.cache/sketch/core/core.a(zephyrPinctrl.cpp.o)
 *(.rodata._ZN6zephyr7arduinoL41__pinctrl_state_pins_0__device_dts_ord_85E)
 .rodata._ZN6zephyr7arduinoL41__pinctrl_state_pins_0__device_dts_ord_85E
                0x0000000000000630       0x20 /home/arduino/ArduinoApps/edgeaispectrophotometer/.cache/sketch/core/core.a(zephyrPinctrl.cpp.o)
 *(.rodata._ZN6zephyr7arduinoL41__pinctrl_state_pins_0__device_dts_ord_97E)
 .rodata._ZN6zephyr7arduinoL41__pinctrl_state_pins_0__device_dts_ord_97E
                0x0000000000000650        0x0 /home/arduino/ArduinoApps/edgeaispectrophotometer/.cache/sketch/core/core.a(zephyrPinctrl.cpp.o)
 *(.rodata._ZN6zephyr7arduinoL41__pinctrl_state_pins_1__device_dts_ord_17E)
 .rodata._ZN6zephyr7arduinoL41__pinctrl_state_pins_1__device_dts_ord_17E
                0x0000000000000650        0x0 /home/arduino/ArduinoApps/edgeaispectrophotometer/.cache/sketch/core/core.a(zephyrPinctrl.cpp.o)
 *(.rodata._ZN6zephyr7arduinoL41__pinctrl_state_pins_1__device_dts_ord_35E)
 .rodata._ZN6zephyr7arduinoL41__pinctrl_state_pins_1__device_dts_ord_35E
                0x0000000000000650       0x10 /home/arduino/ArduinoApps/edgeaispectrophotometer/.cache/sketch/core/core.a(zephyrPinctrl.cpp.o)
 *(.rodata._ZN6zephyr7arduinoL41__pinctrl_state_pins_1__device_dts_ord_80E)
 .rodata._ZN6zephyr7arduinoL41__pinctrl_state_pins_1__device_dts_ord_80E
                0x0000000000000660       0x18 /home/arduino/ArduinoApps/edgeaispectrophotometer/.cache/sketch/core/core.a(zephyrPinctrl.cpp.o)
 *(.rodata._ZN6zephyr7arduinoL41__pinctrl_state_pins_1__device_dts_ord_97E)
 .rodata._ZN6zephyr7arduinoL41__pinctrl_state_pins_1__device_dts_ord_97E
                0x0000000000000678        0x0 /home/arduino/ArduinoApps/edgeaispectrophotometer/.cache/sketch/core/core.a(zephyrPinctrl.cpp.o)
 *(.rodata._ZN6zephyr7arduinoL41__pinctrl_state_pins_2__device_dts_ord_17E)
 .rodata._ZN6zephyr7arduinoL41__pinctrl_state_pins_2__device_dts_ord_17E
                0x0000000000000678       0x30 /home/arduino/ArduinoApps/edgeaispectrophotometer/.cache/sketch/core/core.a(zephyrPinctrl.cpp.o)
 *(.rodata._ZN6zephyr7arduinoL41__pinctrl_state_pins_2__device_dts_ord_97E)
 .rodata._ZN6zephyr7arduinoL41__pinctrl_state_pins_2__device_dts_ord_97E
                0x00000000000006a8       0x18 /home/arduino/ArduinoApps/edgeaispectrophotometer/.cache/sketch/core/core.a(zephyrPinctrl.cpp.o)
 *(.rodata._ZN6zephyr7arduinoL42__pinctrl_state_pins_0__device_dts_ord_102E)
 .rodata._ZN6zephyr7arduinoL42__pinctrl_state_pins_0__device_dts_ord_102E
                0x00000000000006c0        0x0 /home/arduino/ArduinoApps/edgeaispectrophotometer/.cache/sketch/core/core.a(zephyrPinctrl.cpp.o)
 *(.rodata._ZN6zephyr7arduinoL42__pinctrl_state_pins_0__device_dts_ord_106E)
 .rodata._ZN6zephyr7arduinoL42__pinctrl_state_pins_0__device_dts_ord_106E
                0x00000000000006c0        0x0 /home/arduino/ArduinoApps/edgeaispectrophotometer/.cache/sketch/core/core.a(zephyrPinctrl.cpp.o)
 *(.rodata._ZN6zephyr7arduinoL42__pinctrl_state_pins_0__device_dts_ord_111E)
 .rodata._ZN6zephyr7arduinoL42__pinctrl_state_pins_0__device_dts_ord_111E
                0x00000000000006c0        0x0 /home/arduino/ArduinoApps/edgeaispectrophotometer/.cache/sketch/core/core.a(zephyrPinctrl.cpp.o)
 *(.rodata._ZN6zephyr7arduinoL42__pinctrl_state_pins_0__device_dts_ord_117E)
 .rodata._ZN6zephyr7arduinoL42__pinctrl_state_pins_0__device_dts_ord_117E
                0x00000000000006c0        0x0 /home/arduino/ArduinoApps/edgeaispectrophotometer/.cache/sketch/core/core.a(zephyrPinctrl.cpp.o)
 *(.rodata._ZN6zephyr7arduinoL42__pinctrl_state_pins_0__device_dts_ord_120E)
 .rodata._ZN6zephyr7arduinoL42__pinctrl_state_pins_0__device_dts_ord_120E
                0x00000000000006c0        0x0 /home/arduino/ArduinoApps/edgeaispectrophotometer/.cache/sketch/core/core.a(zephyrPinctrl.cpp.o)
 *(.rodata._ZN6zephyr7arduinoL42__pinctrl_state_pins_1__device_dts_ord_102E)
 .rodata._ZN6zephyr7arduinoL42__pinctrl_state_pins_1__device_dts_ord_102E
                0x00000000000006c0        0x0 /home/arduino/ArduinoApps/edgeaispectrophotometer/.cache/sketch/core/core.a(zephyrPinctrl.cpp.o)
 *(.rodata._ZN6zephyr7arduinoL42__pinctrl_state_pins_1__device_dts_ord_106E)
 .rodata._ZN6zephyr7arduinoL42__pinctrl_state_pins_1__device_dts_ord_106E
                0x00000000000006c0        0x0 /home/arduino/ArduinoApps/edgeaispectrophotometer/.cache/sketch/core/core.a(zephyrPinctrl.cpp.o)
 *(.rodata._ZN6zephyr7arduinoL42__pinctrl_state_pins_1__device_dts_ord_111E)
 .rodata._ZN6zephyr7arduinoL42__pinctrl_state_pins_1__device_dts_ord_111E
                0x00000000000006c0        0x0 /home/arduino/ArduinoApps/edgeaispectrophotometer/.cache/sketch/core/core.a(zephyrPinctrl.cpp.o)
 *(.rodata._ZN6zephyr7arduinoL42__pinctrl_state_pins_1__device_dts_ord_117E)
 .rodata._ZN6zephyr7arduinoL42__pinctrl_state_pins_1__device_dts_ord_117E
                0x00000000000006c0        0x0 /home/arduino/ArduinoApps/edgeaispectrophotometer/.cache/sketch/core/core.a(zephyrPinctrl.cpp.o)
 *(.rodata._ZN6zephyr7arduinoL42__pinctrl_state_pins_1__device_dts_ord_120E)
 .rodata._ZN6zephyr7arduinoL42__pinctrl_state_pins_1__device_dts_ord_120E
                0x00000000000006c0        0x0 /home/arduino/ArduinoApps/edgeaispectrophotometer/.cache/sketch/core/core.a(zephyrPinctrl.cpp.o)
 *(.rodata._ZN6zephyr7arduinoL42__pinctrl_state_pins_2__device_dts_ord_102E)
 .rodata._ZN6zephyr7arduinoL42__pinctrl_state_pins_2__device_dts_ord_102E
                0x00000000000006c0       0x18 /home/arduino/ArduinoApps/edgeaispectrophotometer/.cache/sketch/core/core.a(zephyrPinctrl.cpp.o)
 *(.rodata._ZN6zephyr7arduinoL42__pinctrl_state_pins_2__device_dts_ord_106E)
 .rodata._ZN6zephyr7arduinoL42__pinctrl_state_pins_2__device_dts_ord_106E
                0x00000000000006d8       0x10 /home/arduino/ArduinoApps/edgeaispectrophotometer/.cache/sketch/core/core.a(zephyrPinctrl.cpp.o)
 *(.rodata._ZN6zephyr7arduinoL42__pinctrl_state_pins_2__device_dts_ord_111E)
 .rodata._ZN6zephyr7arduinoL42__pinctrl_state_pins_2__device_dts_ord_111E
                0x00000000000006e8       0x18 /home/arduino/ArduinoApps/edgeaispectrophotometer/.cache/sketch/core/core.a(zephyrPinctrl.cpp.o)
 *(.rodata._ZN6zephyr7arduinoL42__pinctrl_state_pins_2__device_dts_ord_117E)
 .rodata._ZN6zephyr7arduinoL42__pinctrl_state_pins_2__device_dts_ord_117E
                0x0000000000000700       0x20 /home/arduino/ArduinoApps/edgeaispectrophotometer/.cache/sketch/core/core.a(zephyrPinctrl.cpp.o)
 *(.rodata._ZN6zephyr7arduinoL42__pinctrl_state_pins_2__device_dts_ord_120E)
 .rodata._ZN6zephyr7arduinoL42__pinctrl_state_pins_2__device_dts_ord_120E
                0x0000000000000720        0x8 /home/arduino/ArduinoApps/edgeaispectrophotometer/.cache/sketch/core/core.a(zephyrPinctrl.cpp.o)
 *(.rodata._ZN7RpcCallIJEE6resultIbEEbRT_.part.0.str1.1)
 .rodata._ZN7RpcCallIJEE6resultIbEEbRT_.part.0.str1.1
                0x0000000000000728       0x21 /home/arduino/ArduinoApps/edgeaispectrophotometer/.cache/sketch/sketch/sketch.ino.cpp.o
 *(.rodata._ZN7RpcCallIJEEC2ERKN7arduino6StringEP9RPCClientP7k_mutexS8_.str1.1)
 .rodata._ZN7RpcCallIJEEC2ERKN7arduino6StringEP9RPCClientP7k_mutexS8_.str1.1
                0x0000000000000749       0x1e /home/arduino/ArduinoApps/edgeaispectrophotometer/.cache/sketch/sketch/sketch.ino.cpp.o
 *(.rodata._ZN7arduino5Print10printFloatEdi.str1.1)
 .rodata._ZN7arduino5Print10printFloatEdi.str1.1
                0x0000000000000767        0xe /home/arduino/ArduinoApps/edgeaispectrophotometer/.cache/sketch/core/core.a(Print.cpp.o)
 *(.rodata._ZN7arduino5Print7printlnEv.str1.1)
 .rodata._ZN7arduino5Print7printlnEv.str1.1
                0x0000000000000775        0x3 /home/arduino/ArduinoApps/edgeaispectrophotometer/.cache/sketch/core/core.a(Print.cpp.o)
 *(.rodata._ZN7arduino7msgpack6object3extC2EaPKhj.str1.1)
 .rodata._ZN7arduino7msgpack6object3extC2EaPKhj.str1.1
                0x0000000000000778       0x28 /home/arduino/ArduinoApps/edgeaispectrophotometer/.cache/sketch/sketch/sketch.ino.cpp.o
 *(.rodata._ZN8RpcErrorC2Ev.str1.1)
 .rodata._ZN8RpcErrorC2Ev.str1.1
                0x00000000000007a0        0x1 /home/arduino/ArduinoApps/edgeaispectrophotometer/.cache/sketch/sketch/sketch.ino.cpp.o
 .rodata._ZN8RpcErrorC2Ev.str1.1
                0x00000000000007a1        0x1 /home/arduino/ArduinoApps/edgeaispectrophotometer/.cache/sketch/libraries/Arduino_RouterBridge/singletons.cpp.o
 *(.rodata._ZNSt6vectorIjSaIjEE17_M_realloc_insertIJRjEEEvN9__gnu_cxx17__normal_iteratorIPjS1_EEDpOT_.str1.1)
 .rodata._ZNSt6vectorIjSaIjEE17_M_realloc_insertIJRjEEEvN9__gnu_cxx17__normal_iteratorIPjS1_EEDpOT_.str1.1
                0x00000000000007a2       0x1a /home/arduino/ArduinoApps/edgeaispectrophotometer/.cache/sketch/sketch/sketch.ino.cpp.o
 .rodata._ZNSt6vectorIjSaIjEE17_M_realloc_insertIJRjEEEvN9__gnu_cxx17__normal_iteratorIPjS1_EEDpOT_.str1.1
                0x00000000000007bc       0x1a /home/arduino/ArduinoApps/edgeaispectrophotometer/.cache/sketch/libraries/Arduino_RouterBridge/singletons.cpp.o
 *(.rodata.loop.str1.1)
 .rodata.loop.str1.1
                0x00000000000007d6       0xbe /home/arduino/ArduinoApps/edgeaispectrophotometer/.cache/sketch/sketch/sketch.ino.cpp.o
 *(.rodata.setup.str1.1)
 .rodata.setup.str1.1
                0x0000000000000894      0x14c /home/arduino/ArduinoApps/edgeaispectrophotometer/.cache/sketch/sketch/sketch.ino.cpp.o
 *(.rodata.str1.1)
 .rodata.str1.1
                0x00000000000009e0       0x51 /home/arduino/ArduinoApps/edgeaispectrophotometer/.cache/sketch/core/core.a(main.cpp.o)

.rel.rodata
 *(.rel.rodata)
 *(.rel.rodata.*)

.rela.rodata
 *(.rela.rodata)
 *(.rela.rodata.*)

/DISCARD/
 *(.ARM.attributes)
 *(.ARM.attributes.*)
 *(.ARM.exidx)
 *(.ARM.exidx.*)
 *(.ARM.extidx)
 *(.ARM.extidx.*)
 *(.ARM.extab)
 *(.ARM.extab.*)
 *(.comment)
 *(.comment.*)
 *(.llvmbc)
 *(.llvmcmd)
 *(.eh_frame)
 *stdexcept.o()
 *eh_*.o()
 *cow-stdexcept.o()
 *cow-string-inst.o()

.text           0x0000000000000000     0x6f70
 *(.text)
 *(.stub)
 *(.text*)
 .text._ZN15SerialTransport9availableEv
                0x0000000000000000       0x12 /home/arduino/ArduinoApps/edgeaispectrophotometer/.cache/sketch/sketch/sketch.ino.cpp.o
                0x0000000000000000                SerialTransport::available()
 .text._ZN15SerialTransport5writeEPKhj
                0x0000000000000012       0x10 /home/arduino/ArduinoApps/edgeaispectrophotometer/.cache/sketch/sketch/sketch.ino.cpp.o
                0x0000000000000012                SerialTransport::write(unsigned char const*, unsigned int)
 .text._ZN8sfTkIBus9writeDataEh
                0x0000000000000022       0x1c /home/arduino/ArduinoApps/edgeaispectrophotometer/.cache/sketch/sketch/sketch.ino.cpp.o
                0x0000000000000022                sfTkIBus::writeData(unsigned char)
 .text._ZN8sfTkIBus9writeDataEPKhj
                0x000000000000003e       0x14 /home/arduino/ArduinoApps/edgeaispectrophotometer/.cache/sketch/sketch/sketch.ino.cpp.o
                0x000000000000003e                sfTkIBus::writeData(unsigned char const*, unsigned int)
 .text._ZN8sfTkIBus13writeRegisterEhPKhj
                0x0000000000000052       0x1a /home/arduino/ArduinoApps/edgeaispectrophotometer/.cache/sketch/sketch/sketch.ino.cpp.o
                0x0000000000000052                sfTkIBus::writeRegister(unsigned char, unsigned char const*, unsigned int)
 .text._ZN8sfTkIBus13writeRegisterEth
                0x000000000000006c       0x16 /home/arduino/ArduinoApps/edgeaispectrophotometer/.cache/sketch/sketch/sketch.ino.cpp.o
                0x000000000000006c                sfTkIBus::writeRegister(unsigned short, unsigned char)
 .text._ZN8sfTkIBus13writeRegisterEtt
                0x0000000000000082       0x16 /home/arduino/ArduinoApps/edgeaispectrophotometer/.cache/sketch/sketch/sketch.ino.cpp.o
                0x0000000000000082                sfTkIBus::writeRegister(unsigned short, unsigned short)
 .text._ZN8sfTkIBus12readRegisterEhRh
                0x0000000000000098       0x24 /home/arduino/ArduinoApps/edgeaispectrophotometer/.cache/sketch/sketch/sketch.ino.cpp.o
                0x0000000000000098                sfTkIBus::readRegister(unsigned char, unsigned char&)
 .text._ZN8sfTkIBus12readRegisterEhPhjRj
                0x00000000000000bc       0x24 /home/arduino/ArduinoApps/edgeaispectrophotometer/.cache/sketch/sketch/sketch.ino.cpp.o
                0x00000000000000bc                sfTkIBus::readRegister(unsigned char, unsigned char*, unsigned int, unsigned int&)
 .text._ZN8sfTkIBus4typeEv
                0x00000000000000e0        0x4 /home/arduino/ArduinoApps/edgeaispectrophotometer/.cache/sketch/sketch/sketch.ino.cpp.o
                0x00000000000000e0                sfTkIBus::type()
 .text._ZN8sfTkII2C10setAddressEh
                0x00000000000000e4        0x4 /home/arduino/ArduinoApps/edgeaispectrophotometer/.cache/sketch/sketch/sketch.ino.cpp.o
                0x00000000000000e4                sfTkII2C::setAddress(unsigned char)
 .text._ZN8sfTkII2C7addressEv
                0x00000000000000e8        0x4 /home/arduino/ArduinoApps/edgeaispectrophotometer/.cache/sketch/sketch/sketch.ino.cpp.o
                0x00000000000000e8                sfTkII2C::address()
 .text._ZN8sfTkII2C7setStopEb
                0x00000000000000ec        0x4 /home/arduino/ArduinoApps/edgeaispectrophotometer/.cache/sketch/sketch/sketch.ino.cpp.o
                0x00000000000000ec                sfTkII2C::setStop(bool)
 .text._ZN8sfTkII2C4stopEv
                0x00000000000000f0        0x4 /home/arduino/ArduinoApps/edgeaispectrophotometer/.cache/sketch/sketch/sketch.ino.cpp.o
                0x00000000000000f0                sfTkII2C::stop()
 .text._ZN8sfTkII2C4typeEv
                0x00000000000000f4        0x4 /home/arduino/ArduinoApps/edgeaispectrophotometer/.cache/sketch/sketch/sketch.ino.cpp.o
                0x00000000000000f4                sfTkII2C::type()
 .text._ZN15SerialTransportD2Ev
                0x00000000000000f8        0x2 /home/arduino/ArduinoApps/edgeaispectrophotometer/.cache/sketch/sketch/sketch.ino.cpp.o
                0x00000000000000f8                SerialTransport::~SerialTransport()
                0x00000000000000f8                SerialTransport::~SerialTransport()
 *fill*         0x00000000000000fa        0x2 
 .text.k_yield  0x00000000000000fc        0x8 /home/arduino/ArduinoApps/edgeaispectrophotometer/.cache/sketch/sketch/sketch.ino.cpp.o
 .text.k_mutex_lock
                0x0000000000000104        0x8 /home/arduino/ArduinoApps/edgeaispectrophotometer/.cache/sketch/sketch/sketch.ino.cpp.o
 .text.__tcf_0  0x000000000000010c       0x10 /home/arduino/ArduinoApps/edgeaispectrophotometer/.cache/sketch/sketch/sketch.ino.cpp.o
 .text._ZN15SerialTransport4readEPhj
                0x000000000000011c       0x28 /home/arduino/ArduinoApps/edgeaispectrophotometer/.cache/sketch/sketch/sketch.ino.cpp.o
                0x000000000000011c                SerialTransport::read(unsigned char*, unsigned int)
 .text._ZN15SerialTransport9read_byteERh
                0x0000000000000144       0x20 /home/arduino/ArduinoApps/edgeaispectrophotometer/.cache/sketch/sketch/sketch.ino.cpp.o
                0x0000000000000144                SerialTransport::read_byte(unsigned char&)
 .text._ZN15SerialTransportD0Ev
                0x0000000000000164       0x14 /home/arduino/ArduinoApps/edgeaispectrophotometer/.cache/sketch/sketch/sketch.ino.cpp.o
                0x0000000000000164                SerialTransport::~SerialTransport()
 .text._ZN8sfTkIBus12readRegisterEhRt
                0x0000000000000178       0x4c /home/arduino/ArduinoApps/edgeaispectrophotometer/.cache/sketch/sketch/sketch.ino.cpp.o
                0x0000000000000178                sfTkIBus::readRegister(unsigned char, unsigned short&)
 .text._ZN8sfTkIBus13writeRegisterEtPKhj
                0x00000000000001c4       0x40 /home/arduino/ArduinoApps/edgeaispectrophotometer/.cache/sketch/sketch/sketch.ino.cpp.o
                0x00000000000001c4                sfTkIBus::writeRegister(unsigned short, unsigned char const*, unsigned int)
 .text._ZN8sfTkIBus13writeRegisterEht
                0x0000000000000204       0x48 /home/arduino/ArduinoApps/edgeaispectrophotometer/.cache/sketch/sketch/sketch.ino.cpp.o
                0x0000000000000204                sfTkIBus::writeRegister(unsigned char, unsigned short)
 .text._ZN8sfTkIBus9writeDataEt
                0x000000000000024c       0x40 /home/arduino/ArduinoApps/edgeaispectrophotometer/.cache/sketch/sketch/sketch.ino.cpp.o
                0x000000000000024c                sfTkIBus::writeData(unsigned short)
 .text._ZN8sfTkIBus12readRegisterEhRj
                0x000000000000028c       0x4c /home/arduino/ArduinoApps/edgeaispectrophotometer/.cache/sketch/sketch/sketch.ino.cpp.o
                0x000000000000028c                sfTkIBus::readRegister(unsigned char, unsigned int&)
 .text._ZN8sfTkIBus13writeRegisterEtj
                0x00000000000002d8       0x38 /home/arduino/ArduinoApps/edgeaispectrophotometer/.cache/sketch/sketch/sketch.ino.cpp.o
                0x00000000000002d8                sfTkIBus::writeRegister(unsigned short, unsigned int)
 .text._ZN8sfTkIBus13writeRegisterEhj
                0x0000000000000310       0x40 /home/arduino/ArduinoApps/edgeaispectrophotometer/.cache/sketch/sketch/sketch.ino.cpp.o
                0x0000000000000310                sfTkIBus::writeRegister(unsigned char, unsigned int)
 .text._ZN8sfTkIBus9writeDataEj
                0x0000000000000350       0x38 /home/arduino/ArduinoApps/edgeaispectrophotometer/.cache/sketch/sketch/sketch.ino.cpp.o
                0x0000000000000350                sfTkIBus::writeData(unsigned int)
 .text._ZN8sfTkIBus13writeRegisterEtPKtj
                0x0000000000000388       0x68 /home/arduino/ArduinoApps/edgeaispectrophotometer/.cache/sketch/sketch/sketch.ino.cpp.o
                0x0000000000000388                sfTkIBus::writeRegister(unsigned short, unsigned short const*, unsigned int)
 .text._ZSt14__relocate_a_1IhhENSt9enable_ifIXsrSt24__is_bitwise_relocatableIT_vE5valueEPS2_E4typeES4_S4_S4_RSaIT0_E.isra.0
                0x00000000000003f0       0x20 /home/arduino/ArduinoApps/edgeaispectrophotometer/.cache/sketch/sketch/sketch.ino.cpp.o
 .text._ZNSt12_Vector_baseIhSaIhEE11_M_allocateEj.isra.0
                0x0000000000000410       0x20 /home/arduino/ArduinoApps/edgeaispectrophotometer/.cache/sketch/sketch/sketch.ino.cpp.o
 .text.k_mutex_unlock.isra.0
                0x0000000000000430        0x8 /home/arduino/ArduinoApps/edgeaispectrophotometer/.cache/sketch/sketch/sketch.ino.cpp.o
 .text.k_mutex_init.isra.0
                0x0000000000000438        0x8 /home/arduino/ArduinoApps/edgeaispectrophotometer/.cache/sketch/sketch/sketch.ino.cpp.o
 .text.k_msleep.constprop.0.isra.0
                0x0000000000000440        0xc /home/arduino/ArduinoApps/edgeaispectrophotometer/.cache/sketch/sketch/sketch.ino.cpp.o
 .text._ZN7arduino7msgpack8Unpacker11deserializeEv
                0x000000000000044c       0x16 /home/arduino/ArduinoApps/edgeaispectrophotometer/.cache/sketch/sketch/sketch.ino.cpp.o
                0x000000000000044c                arduino::msgpack::Unpacker::deserialize()
 .text._ZN7arduino7msgpack8Unpacker5clearEv
                0x0000000000000462       0x14 /home/arduino/ArduinoApps/edgeaispectrophotometer/.cache/sketch/sketch/sketch.ino.cpp.o
                0x0000000000000462                arduino::msgpack::Unpacker::clear()
 .text._ZNK7arduino7msgpack8Unpacker13getRawBytePtrEjj
                0x0000000000000476       0x1e /home/arduino/ArduinoApps/edgeaispectrophotometer/.cache/sketch/sketch/sketch.ino.cpp.o
                0x0000000000000476                arduino::msgpack::Unpacker::getRawBytePtr(unsigned int, unsigned int) const
 .text._ZN8RpcErrorC2Ev
                0x0000000000000494       0x2c /home/arduino/ArduinoApps/edgeaispectrophotometer/.cache/sketch/sketch/sketch.ino.cpp.o
                0x0000000000000494                RpcError::RpcError()
                0x0000000000000494                RpcError::RpcError()
 .text._ZN17RpcDecoderManager10getDecoderER10ITransport
                0x00000000000004c0       0x7c /home/arduino/ArduinoApps/edgeaispectrophotometer/.cache/sketch/sketch/sketch.ino.cpp.o
                0x00000000000004c0                RpcDecoderManager::getDecoder(ITransport&)
 .text._ZN17RpcDecoderManager11getInstanceEv
                0x000000000000053c       0x30 /home/arduino/ArduinoApps/edgeaispectrophotometer/.cache/sketch/sketch/sketch.ino.cpp.o
                0x000000000000053c                RpcDecoderManager::getInstance()
 .text._ZN7arduino7msgpack8UnpackerC2Ev
                0x000000000000056c       0x10 /home/arduino/ArduinoApps/edgeaispectrophotometer/.cache/sketch/sketch/sketch.ino.cpp.o
                0x000000000000056c                arduino::msgpack::Unpacker::Unpacker()
                0x000000000000056c                arduino::msgpack::Unpacker::Unpacker()
 .text._ZN10RPCRequestILj256EEC2Ev
                0x000000000000057c       0x4c /home/arduino/ArduinoApps/edgeaispectrophotometer/.cache/sketch/sketch/sketch.ino.cpp.o
                0x000000000000057c                RPCRequest<256u>::RPCRequest()
                0x000000000000057c                RPCRequest<256u>::RPCRequest()
 .text._ZN11BridgeClass10is_startedEv
                0x00000000000005c8       0x2c /home/arduino/ArduinoApps/edgeaispectrophotometer/.cache/sketch/sketch/sketch.ino.cpp.o
                0x00000000000005c8                BridgeClass::is_started()
 .text._ZN8sfTkIBus12readRegisterEtPhjRj
                0x00000000000005f4       0x4c /home/arduino/ArduinoApps/edgeaispectrophotometer/.cache/sketch/sketch/sketch.ino.cpp.o
                0x00000000000005f4                sfTkIBus::readRegister(unsigned short, unsigned char*, unsigned int, unsigned int&)
 .text._ZN8sfTkIBus12readRegisterEtPtjRj
                0x0000000000000640       0x58 /home/arduino/ArduinoApps/edgeaispectrophotometer/.cache/sketch/sketch/sketch.ino.cpp.o
                0x0000000000000640                sfTkIBus::readRegister(unsigned short, unsigned short*, unsigned int, unsigned int&)
 .text._ZN8sfTkIBus12readRegisterEtRj
                0x0000000000000698       0x3c /home/arduino/ArduinoApps/edgeaispectrophotometer/.cache/sketch/sketch/sketch.ino.cpp.o
                0x0000000000000698                sfTkIBus::readRegister(unsigned short, unsigned int&)
 .text._ZN8sfTkIBus12readRegisterEtRt
                0x00000000000006d4       0x3c /home/arduino/ArduinoApps/edgeaispectrophotometer/.cache/sketch/sketch/sketch.ino.cpp.o
                0x00000000000006d4                sfTkIBus::readRegister(unsigned short, unsigned short&)
 .text._ZN8sfTkIBus12readRegisterEtRh
                0x0000000000000710       0x18 /home/arduino/ArduinoApps/edgeaispectrophotometer/.cache/sketch/sketch/sketch.ino.cpp.o
                0x0000000000000710                sfTkIBus::readRegister(unsigned short, unsigned char&)
 .text._ZNSt12_Vector_baseIhSaIhEED2Ev
                0x0000000000000728       0x18 /home/arduino/ArduinoApps/edgeaispectrophotometer/.cache/sketch/sketch/sketch.ino.cpp.o
                0x0000000000000728                std::_Vector_base<unsigned char, std::allocator<unsigned char> >::~_Vector_base()
                0x0000000000000728                std::_Vector_base<unsigned char, std::allocator<unsigned char> >::~_Vector_base()
 .text.__tcf_2  0x0000000000000740       0x14 /home/arduino/ArduinoApps/edgeaispectrophotometer/.cache/sketch/sketch/sketch.ino.cpp.o
 .text.__tcf_1  0x0000000000000754       0x14 /home/arduino/ArduinoApps/edgeaispectrophotometer/.cache/sketch/sketch/sketch.ino.cpp.o
 .text._ZNSt6vectorIhSaIhEE14_M_move_assignEOS1_St17integral_constantIbLb1EE.isra.0
                0x0000000000000768       0x34 /home/arduino/ArduinoApps/edgeaispectrophotometer/.cache/sketch/sketch/sketch.ino.cpp.o
 .text._ZNK7arduino7msgpack8Unpacker11getRawBytesIhEET_jj
                0x000000000000079c       0x1e /home/arduino/ArduinoApps/edgeaispectrophotometer/.cache/sketch/sketch/sketch.ino.cpp.o
                0x000000000000079c                unsigned char arduino::msgpack::Unpacker::getRawBytes<unsigned char>(unsigned int, unsigned int) const
 *fill*         0x00000000000007ba        0x2 
 .text._ZNK7arduino7msgpack8Unpacker7getTypeEj
                0x00000000000007bc       0x58 /home/arduino/ArduinoApps/edgeaispectrophotometer/.cache/sketch/sketch/sketch.ino.cpp.o
                0x00000000000007bc                arduino::msgpack::Unpacker::getType(unsigned int) const
 .text._ZNK7arduino7msgpack8Unpacker7getTypeEv
                0x0000000000000814       0x10 /home/arduino/ArduinoApps/edgeaispectrophotometer/.cache/sketch/sketch/sketch.ino.cpp.o
                0x0000000000000814                arduino::msgpack::Unpacker::getType() const
 .text._ZN7arduino7msgpack8Unpacker11unpackInt32Ev
                0x0000000000000824       0x58 /home/arduino/ArduinoApps/edgeaispectrophotometer/.cache/sketch/sketch/sketch.ino.cpp.o
                0x0000000000000824                arduino::msgpack::Unpacker::unpackInt32()
 .text._ZN7arduino7msgpack8Unpacker11unpackInt64Ev
                0x000000000000087c       0x60 /home/arduino/ArduinoApps/edgeaispectrophotometer/.cache/sketch/sketch/sketch.ino.cpp.o
                0x000000000000087c                arduino::msgpack::Unpacker::unpackInt64()
 .text._ZN7arduino7msgpack8Unpacker9unpackNilEv
                0x00000000000008dc       0x3c /home/arduino/ArduinoApps/edgeaispectrophotometer/.cache/sketch/sketch/sketch.ino.cpp.o
                0x00000000000008dc                arduino::msgpack::Unpacker::unpackNil()
 .text._ZNK7arduino7msgpack8Unpacker7isArrayEv
                0x0000000000000918       0x20 /home/arduino/ArduinoApps/edgeaispectrophotometer/.cache/sketch/sketch/sketch.ino.cpp.o
                0x0000000000000918                arduino::msgpack::Unpacker::isArray() const
 .text._ZNK7arduino7msgpack8Unpacker5isMapEv
                0x0000000000000938       0x20 /home/arduino/ArduinoApps/edgeaispectrophotometer/.cache/sketch/sketch/sketch.ino.cpp.o
                0x0000000000000938                arduino::msgpack::Unpacker::isMap() const
 .text._ZN7arduino7msgpack8Unpacker11unpackInt16Ev
                0x0000000000000958       0x4c /home/arduino/ArduinoApps/edgeaispectrophotometer/.cache/sketch/sketch/sketch.ino.cpp.o
                0x0000000000000958                arduino::msgpack::Unpacker::unpackInt16()
 .text._ZN7arduino7msgpack8Unpacker13unpackFloat32Ev
                0x00000000000009a4       0x60 /home/arduino/ArduinoApps/edgeaispectrophotometer/.cache/sketch/sketch/sketch.ino.cpp.o
                0x00000000000009a4                arduino::msgpack::Unpacker::unpackFloat32()
 *fill*         0x0000000000000a04        0x4 
 .text._ZN7arduino7msgpack8Unpacker13unpackFloat64Ev
                0x0000000000000a08       0x6c /home/arduino/ArduinoApps/edgeaispectrophotometer/.cache/sketch/sketch/sketch.ino.cpp.o
                0x0000000000000a08                arduino::msgpack::Unpacker::unpackFloat64()
 .text._ZN7arduino7msgpack8Unpacker10unpackInt5Ev
                0x0000000000000a74       0x4c /home/arduino/ArduinoApps/edgeaispectrophotometer/.cache/sketch/sketch/sketch.ino.cpp.o
                0x0000000000000a74                arduino::msgpack::Unpacker::unpackInt5()
 .text._ZN7arduino7msgpack8Unpacker11unpackUInt7Ev
                0x0000000000000ac0       0x48 /home/arduino/ArduinoApps/edgeaispectrophotometer/.cache/sketch/sketch/sketch.ino.cpp.o
                0x0000000000000ac0                arduino::msgpack::Unpacker::unpackUInt7()
 .text._ZN7arduino7msgpack8Unpacker11unpackUInt8Ev
                0x0000000000000b08       0x48 /home/arduino/ArduinoApps/edgeaispectrophotometer/.cache/sketch/sketch/sketch.ino.cpp.o
                0x0000000000000b08                arduino::msgpack::Unpacker::unpackUInt8()
 .text._ZNK7arduino7msgpack8Unpacker11getRawBytesItEET_jj
                0x0000000000000b50       0x26 /home/arduino/ArduinoApps/edgeaispectrophotometer/.cache/sketch/sketch/sketch.ino.cpp.o
                0x0000000000000b50                unsigned short arduino::msgpack::Unpacker::getRawBytes<unsigned short>(unsigned int, unsigned int) const
 *fill*         0x0000000000000b76        0x2 
 .text._ZN7arduino7msgpack8Unpacker12unpackUInt16Ev
                0x0000000000000b78       0x48 /home/arduino/ArduinoApps/edgeaispectrophotometer/.cache/sketch/sketch/sketch.ino.cpp.o
                0x0000000000000b78                arduino::msgpack::Unpacker::unpackUInt16()
 .text._ZNK7arduino7msgpack8Unpacker11getRawBytesIjEET_jj
                0x0000000000000bc0       0x34 /home/arduino/ArduinoApps/edgeaispectrophotometer/.cache/sketch/sketch/sketch.ino.cpp.o
                0x0000000000000bc0                unsigned int arduino::msgpack::Unpacker::getRawBytes<unsigned int>(unsigned int, unsigned int) const
 .text._ZNK7arduino7msgpack8Unpacker14getElementSizeEj
                0x0000000000000bf4      0x11c /home/arduino/ArduinoApps/edgeaispectrophotometer/.cache/sketch/sketch/sketch.ino.cpp.o
                0x0000000000000bf4                arduino::msgpack::Unpacker::getElementSize(unsigned int) const
 .text._ZN7arduino7msgpack8Unpacker15unpackArraySizeEv
                0x0000000000000d10       0x78 /home/arduino/ArduinoApps/edgeaispectrophotometer/.cache/sketch/sketch/sketch.ino.cpp.o
                0x0000000000000d10                arduino::msgpack::Unpacker::unpackArraySize()
 .text._ZN7arduino7msgpack8Unpacker12unpackUInt32Ev
                0x0000000000000d88       0x48 /home/arduino/ArduinoApps/edgeaispectrophotometer/.cache/sketch/sketch/sketch.ino.cpp.o
                0x0000000000000d88                arduino::msgpack::Unpacker::unpackUInt32()
 .text._ZN7arduino7msgpack8Unpacker13unpackMapSizeEv
                0x0000000000000dd0       0x78 /home/arduino/ArduinoApps/edgeaispectrophotometer/.cache/sketch/sketch/sketch.ino.cpp.o
                0x0000000000000dd0                arduino::msgpack::Unpacker::unpackMapSize()
 .text._ZNK7arduino7msgpack8Unpacker11getRawBytesIyEET_jj
                0x0000000000000e48       0x3a /home/arduino/ArduinoApps/edgeaispectrophotometer/.cache/sketch/sketch/sketch.ino.cpp.o
                0x0000000000000e48                unsigned long long arduino::msgpack::Unpacker::getRawBytes<unsigned long long>(unsigned int, unsigned int) const
 *fill*         0x0000000000000e82        0x2 
 .text._ZN7arduino7msgpack8Unpacker12unpackUInt64Ev
                0x0000000000000e84       0x4c /home/arduino/ArduinoApps/edgeaispectrophotometer/.cache/sketch/sketch/sketch.ino.cpp.o
                0x0000000000000e84                arduino::msgpack::Unpacker::unpackUInt64()
 .text._ZNK7arduino7msgpack8Unpacker11getRawBytesIaEET_jj
                0x0000000000000ed0       0x1e /home/arduino/ArduinoApps/edgeaispectrophotometer/.cache/sketch/sketch/sketch.ino.cpp.o
                0x0000000000000ed0                signed char arduino::msgpack::Unpacker::getRawBytes<signed char>(unsigned int, unsigned int) const
 *fill*         0x0000000000000eee        0x2 
 .text._ZN7arduino7msgpack8Unpacker10unpackInt8Ev
                0x0000000000000ef0       0x48 /home/arduino/ArduinoApps/edgeaispectrophotometer/.cache/sketch/sketch/sketch.ino.cpp.o
                0x0000000000000ef0                arduino::msgpack::Unpacker::unpackInt8()
 .text._ZNK7arduino7msgpack8Unpacker13isTimestamp32Ev
                0x0000000000000f38       0x2c /home/arduino/ArduinoApps/edgeaispectrophotometer/.cache/sketch/sketch/sketch.ino.cpp.o
                0x0000000000000f38                arduino::msgpack::Unpacker::isTimestamp32() const
 .text._ZNK7arduino7msgpack8Unpacker13isTimestamp64Ev
                0x0000000000000f64       0x2c /home/arduino/ArduinoApps/edgeaispectrophotometer/.cache/sketch/sketch/sketch.ino.cpp.o
                0x0000000000000f64                arduino::msgpack::Unpacker::isTimestamp64() const
 .text._ZNK7arduino7msgpack8Unpacker13isTimestamp96Ev
                0x0000000000000f90       0x40 /home/arduino/ArduinoApps/edgeaispectrophotometer/.cache/sketch/sketch/sketch.ino.cpp.o
                0x0000000000000f90                arduino::msgpack::Unpacker::isTimestamp96() const
 .text._ZNK7arduino7msgpack8Unpacker11getRawBytesIcEET_jj
                0x0000000000000fd0       0x1e /home/arduino/ArduinoApps/edgeaispectrophotometer/.cache/sketch/sketch/sketch.ino.cpp.o
                0x0000000000000fd0                char arduino::msgpack::Unpacker::getRawBytes<char>(unsigned int, unsigned int) const
 *fill*         0x0000000000000fee        0x2 
 .text._ZN7arduino7msgpack8Unpacker11deserializeINS0_4type9ArraySizeEJEEEbRT_DpOT0_
                0x0000000000000ff0       0x40 /home/arduino/ArduinoApps/edgeaispectrophotometer/.cache/sketch/sketch/sketch.ino.cpp.o
                0x0000000000000ff0                bool arduino::msgpack::Unpacker::deserialize<arduino::msgpack::type::ArraySize>(arduino::msgpack::type::ArraySize&)
 .text._ZN7arduino7msgpack8Unpacker11deserializeINS0_6object5nil_tEJEEEbRT_DpOT0_
                0x0000000000001030       0x40 /home/arduino/ArduinoApps/edgeaispectrophotometer/.cache/sketch/sketch/sketch.ino.cpp.o
                0x0000000000001030                bool arduino::msgpack::Unpacker::deserialize<arduino::msgpack::object::nil_t>(arduino::msgpack::object::nil_t&)
 .text._ZN7arduino7msgpack8Unpacker11deserializeIbJEEEbRT_DpOT0_
                0x0000000000001070       0x68 /home/arduino/ArduinoApps/edgeaispectrophotometer/.cache/sketch/sketch/sketch.ino.cpp.o
                0x0000000000001070                bool arduino::msgpack::Unpacker::deserialize<bool>(bool&)
 .text._ZN7arduino7msgpack8Unpacker11deserializeINS_6StringEJEEEbRT_DpOT0_
                0x00000000000010d8      0x174 /home/arduino/ArduinoApps/edgeaispectrophotometer/.cache/sketch/sketch/sketch.ino.cpp.o
                0x00000000000010d8                bool arduino::msgpack::Unpacker::deserialize<arduino::String>(arduino::String&)
 .text._ZN7arduino7msgpack8Unpacker11deserializeINS0_6object8timespecEJEEEbRT_DpOT0_
                0x000000000000124c       0xc4 /home/arduino/ArduinoApps/edgeaispectrophotometer/.cache/sketch/sketch/sketch.ino.cpp.o
                0x000000000000124c                bool arduino::msgpack::Unpacker::deserialize<arduino::msgpack::object::timespec>(arduino::msgpack::object::timespec&)
 .text._ZNSt12_Vector_baseIjSaIjEED2Ev
                0x0000000000001310       0x18 /home/arduino/ArduinoApps/edgeaispectrophotometer/.cache/sketch/sketch/sketch.ino.cpp.o
                0x0000000000001310                std::_Vector_base<unsigned int, std::allocator<unsigned int> >::~_Vector_base()
                0x0000000000001310                std::_Vector_base<unsigned int, std::allocator<unsigned int> >::~_Vector_base()
 .text._ZN10RPCRequestILj256EED2Ev
                0x0000000000001328       0x2c /home/arduino/ArduinoApps/edgeaispectrophotometer/.cache/sketch/sketch/sketch.ino.cpp.o
                0x0000000000001328                RPCRequest<256u>::~RPCRequest()
                0x0000000000001328                RPCRequest<256u>::~RPCRequest()
 .text._ZNSt6vectorIjSaIjEE17_M_realloc_insertIJRjEEEvN9__gnu_cxx17__normal_iteratorIPjS1_EEDpOT_
                0x0000000000001354       0xdc /home/arduino/ArduinoApps/edgeaispectrophotometer/.cache/sketch/sketch/sketch.ino.cpp.o
                0x0000000000001354                void std::vector<unsigned int, std::allocator<unsigned int> >::_M_realloc_insert<unsigned int&>(__gnu_cxx::__normal_iterator<unsigned int*, std::vector<unsigned int, std::allocator<unsigned int> > >, unsigned int&)
 .text._ZN7arduino7msgpack8Unpacker4feedEPKhj
                0x0000000000001430       0x78 /home/arduino/ArduinoApps/edgeaispectrophotometer/.cache/sketch/sketch/sketch.ino.cpp.o
                0x0000000000001430                arduino::msgpack::Unpacker::feed(unsigned char const*, unsigned int)
 .text._ZN7RpcCallIJEE8setErrorEiN7arduino6StringE
                0x00000000000014a8       0x40 /home/arduino/ArduinoApps/edgeaispectrophotometer/.cache/sketch/sketch/sketch.ino.cpp.o
                0x00000000000014a8                RpcCall<>::setError(int, arduino::String)
 .text._ZN7RpcCallIJEEC2ERKN7arduino6StringEP9RPCClientP7k_mutexS8_
                0x00000000000014e8       0x7c /home/arduino/ArduinoApps/edgeaispectrophotometer/.cache/sketch/sketch/sketch.ino.cpp.o
                0x00000000000014e8                RpcCall<>::RpcCall(arduino::String const&, RPCClient*, k_mutex*, k_mutex*)
                0x00000000000014e8                RpcCall<>::RpcCall(arduino::String const&, RPCClient*, k_mutex*, k_mutex*)
 .text._ZN7RpcCallIJEE6resultIbEEbRT_.part.0
                0x0000000000001564       0x34 /home/arduino/ArduinoApps/edgeaispectrophotometer/.cache/sketch/sketch/sketch.ino.cpp.o
 .text._ZN7RpcCallIJEE7isErrorEv
                0x0000000000001598       0x34 /home/arduino/ArduinoApps/edgeaispectrophotometer/.cache/sketch/sketch/sketch.ino.cpp.o
                0x0000000000001598                RpcCall<>::isError()
 .text._ZNKSt6vectorIhSaIhEE12_M_check_lenEjPKc
                0x00000000000015cc       0x38 /home/arduino/ArduinoApps/edgeaispectrophotometer/.cache/sketch/sketch/sketch.ino.cpp.o
                0x00000000000015cc                std::vector<unsigned char, std::allocator<unsigned char> >::_M_check_len(unsigned int, char const*) const
 .text._ZNSt6vectorIhSaIhEE12emplace_backIJhEEERhDpOT_.isra.0
                0x0000000000001604       0x90 /home/arduino/ArduinoApps/edgeaispectrophotometer/.cache/sketch/sketch/sketch.ino.cpp.o
 .text._ZN7arduino7msgpack6Packer11packRawByteERKNS0_4TypeE.isra.0
                0x0000000000001694       0x18 /home/arduino/ArduinoApps/edgeaispectrophotometer/.cache/sketch/sketch/sketch.ino.cpp.o
 .text._ZNSt6vectorIhSaIhEE12emplace_backIJRKhEEERhDpOT_.isra.0
                0x00000000000016ac       0x90 /home/arduino/ArduinoApps/edgeaispectrophotometer/.cache/sketch/sketch/sketch.ino.cpp.o
 .text._ZN7arduino7msgpack6Packer9packUInt8Eh
                0x000000000000173c       0x2c /home/arduino/ArduinoApps/edgeaispectrophotometer/.cache/sketch/sketch/sketch.ino.cpp.o
                0x000000000000173c                arduino::msgpack::Packer::packUInt8(unsigned char)
 .text._ZNSt6vectorIhSaIhEE12emplace_backIJRhEEES3_DpOT_.isra.0
                0x0000000000001768       0x90 /home/arduino/ArduinoApps/edgeaispectrophotometer/.cache/sketch/sketch/sketch.ino.cpp.o
 .text._ZN7arduino7msgpack6Packer9packFloatIfEENSt9enable_ifIXaasrSt13is_arithmeticIT_E5valuesrSt17is_floating_pointIS5_E5valueEvE4typeERKS5_.isra.0
                0x00000000000017f8       0x30 /home/arduino/ArduinoApps/edgeaispectrophotometer/.cache/sketch/sketch/sketch.ino.cpp.o
 .text._ZN7arduino7msgpack6Packer15packRawReversedIjEEvRKT_
                0x0000000000001828       0x1c /home/arduino/ArduinoApps/edgeaispectrophotometer/.cache/sketch/sketch/sketch.ino.cpp.o
                0x0000000000001828                void arduino::msgpack::Packer::packRawReversed<unsigned int>(unsigned int const&)
 .text._ZN7arduino7msgpack6Packer10packUInt32Ej
                0x0000000000001844       0x28 /home/arduino/ArduinoApps/edgeaispectrophotometer/.cache/sketch/sketch/sketch.ino.cpp.o
                0x0000000000001844                arduino::msgpack::Packer::packUInt32(unsigned int)
 .text._ZN7arduino7msgpack6Packer15packRawReversedItEEvRKT_
                0x000000000000186c       0x1c /home/arduino/ArduinoApps/edgeaispectrophotometer/.cache/sketch/sketch/sketch.ino.cpp.o
                0x000000000000186c                void arduino::msgpack::Packer::packRawReversed<unsigned short>(unsigned short const&)
 .text._ZN7arduino7msgpack6Packer13packArraySizeEj
                0x0000000000001888       0x58 /home/arduino/ArduinoApps/edgeaispectrophotometer/.cache/sketch/sketch/sketch.ino.cpp.o
                0x0000000000001888                arduino::msgpack::Packer::packArraySize(unsigned int)
 .text._ZN7arduino7msgpack6Packer10packUInt16Et
                0x00000000000018e0       0x2c /home/arduino/ArduinoApps/edgeaispectrophotometer/.cache/sketch/sketch/sketch.ino.cpp.o
                0x00000000000018e0                arduino::msgpack::Packer::packUInt16(unsigned short)
 .text._ZN7arduino7msgpack6Packer11packIntegerIjEENSt9enable_ifIXaaaaaasrSt13is_arithmeticIT_E5valuesrSt11is_integralIS5_E5valuentsrSt7is_sameIS5_bE5valuentsrS9_INSt9remove_cvIS5_E4typeEPcE5valueEvE4typeERKS5_.isra.0
                0x000000000000190c       0x50 /home/arduino/ArduinoApps/edgeaispectrophotometer/.cache/sketch/sketch/sketch.ino.cpp.o
 .text._ZN7arduino7msgpack6Packer11packIntegerIiEENSt9enable_ifIXaaaaaasrSt13is_arithmeticIT_E5valuesrSt11is_integralIS5_E5valuentsrSt7is_sameIS5_bE5valuentsrS9_INSt9remove_cvIS5_E4typeEPcE5valueEvE4typeERKS5_.isra.0
                0x000000000000195c       0xb8 /home/arduino/ArduinoApps/edgeaispectrophotometer/.cache/sketch/sketch/sketch.ino.cpp.o
 .text._ZN7arduino7msgpack6Packer12packRawBytesEPKcj
                0x0000000000001a14       0x9c /home/arduino/ArduinoApps/edgeaispectrophotometer/.cache/sketch/sketch/sketch.ino.cpp.o
                0x0000000000001a14                arduino::msgpack::Packer::packRawBytes(char const*, unsigned int)
 .text._ZN7arduino7msgpack6Packer4packERKNS_6StringE
                0x0000000000001ab0       0x7c /home/arduino/ArduinoApps/edgeaispectrophotometer/.cache/sketch/sketch/sketch.ino.cpp.o
                0x0000000000001ab0                arduino::msgpack::Packer::pack(arduino::String const&)
 .text._ZN7arduino7msgpack8Unpacker9unpackIntIiEENSt9enable_ifIXaaaaaaaasrSt13is_arithmeticIT_E5valuesrSt11is_integralIS5_E5valuentsrSt7is_sameIS5_bE5valuentsrS9_INSt9remove_cvIS5_E4typeEPcE5valuesrSt9is_signedIS5_E5valueES5_E4typeEv
                0x0000000000001b2c       0xd0 /home/arduino/ArduinoApps/edgeaispectrophotometer/.cache/sketch/sketch/sketch.ino.cpp.o
                0x0000000000001b2c                std::enable_if<(((std::is_arithmetic<int>::value&&std::is_integral<int>::value)&&(!std::is_same<int, bool>::value))&&(!std::is_same<std::remove_cv<int>::type, char*>::value))&&std::is_signed<int>::value, int>::type arduino::msgpack::Unpacker::unpackInt<int>()
 .text._ZN7arduino7msgpack8Unpacker11deserializeIiJEEEbRT_DpOT0_
                0x0000000000001bfc       0x40 /home/arduino/ArduinoApps/edgeaispectrophotometer/.cache/sketch/sketch/sketch.ino.cpp.o
                0x0000000000001bfc                bool arduino::msgpack::Unpacker::deserialize<int>(int&)
 .text._ZN7arduino7msgpack8Unpacker11unpackFloatIfEENSt9enable_ifIXaasrSt13is_arithmeticIT_E5valuesrSt17is_floating_pointIS5_E5valueES5_E4typeEv
                0x0000000000001c3c      0x118 /home/arduino/ArduinoApps/edgeaispectrophotometer/.cache/sketch/sketch/sketch.ino.cpp.o
                0x0000000000001c3c                std::enable_if<std::is_arithmetic<float>::value&&std::is_floating_point<float>::value, float>::type arduino::msgpack::Unpacker::unpackFloat<float>()
 *fill*         0x0000000000001d54        0x4 
 .text._ZN7arduino7msgpack8Unpacker11unpackFloatIdEENSt9enable_ifIXaasrSt13is_arithmeticIT_E5valuesrSt17is_floating_pointIS5_E5valueES5_E4typeEv
                0x0000000000001d58      0x118 /home/arduino/ArduinoApps/edgeaispectrophotometer/.cache/sketch/sketch/sketch.ino.cpp.o
                0x0000000000001d58                std::enable_if<std::is_arithmetic<double>::value&&std::is_floating_point<double>::value, double>::type arduino::msgpack::Unpacker::unpackFloat<double>()
 .text._ZN7arduino7msgpack8Unpacker12unpackBinaryIhEENSt9enable_ifIXoosrSt7is_sameIT_cE5valuesrS4_IS5_hE5valueESt6vectorINS3_IXoosrS7_5valuesrS6_5valueES5_E4typeESaIS5_EEE4typeEv
                0x0000000000001e70      0x114 /home/arduino/ArduinoApps/edgeaispectrophotometer/.cache/sketch/sketch/sketch.ino.cpp.o
                0x0000000000001e70                std::enable_if<std::is_same<unsigned char, char>::value||std::is_same<unsigned char, unsigned char>::value, std::vector<std::enable_if<std::is_same<unsigned char, unsigned char>::value||std::is_same<unsigned char, char>::value, unsigned char>::type, std::allocator<unsigned char> > >::type arduino::msgpack::Unpacker::unpackBinary<unsigned char>()
 .text._ZN7arduino7msgpack8Unpacker11deserializeINS0_4type9ArraySizeEJRiEEEbRT_DpOT0_
                0x0000000000001f84       0x44 /home/arduino/ArduinoApps/edgeaispectrophotometer/.cache/sketch/sketch/sketch.ino.cpp.o
                0x0000000000001f84                bool arduino::msgpack::Unpacker::deserialize<arduino::msgpack::type::ArraySize, int&>(arduino::msgpack::type::ArraySize&, int&)
 .text._ZNK10RpcDecoderILj1024EE4sendEPKhj
                0x0000000000001fc8       0x22 /home/arduino/ArduinoApps/edgeaispectrophotometer/.cache/sketch/sketch/sketch.ino.cpp.o
                0x0000000000001fc8                RpcDecoder<1024u>::send(unsigned char const*, unsigned int) const
 *fill*         0x0000000000001fea        0x2 
 .text._ZN9RPCClient8send_rpcIJEEEbRKN7arduino6StringERjDpOT_.isra.0
                0x0000000000001fec       0x8c /home/arduino/ArduinoApps/edgeaispectrophotometer/.cache/sketch/sketch/sketch.ino.cpp.o
 .text.loop     0x0000000000002078      0x3a8 /home/arduino/ArduinoApps/edgeaispectrophotometer/.cache/sketch/sketch/sketch.ino.cpp.o
                0x0000000000002078                loop
 .text._ZN11BridgeClass6notifyIJiEEEvN7arduino6StringEDpOT_
                0x0000000000002420       0xac /home/arduino/ArduinoApps/edgeaispectrophotometer/.cache/sketch/sketch/sketch.ino.cpp.o
                0x0000000000002420                void BridgeClass::notify<int>(arduino::String, int&&)
 .text._ZNK9RPCServer13send_responseILj256EEEbRK10RPCRequestIXT_EE.isra.0
                0x00000000000024cc       0x24 /home/arduino/ArduinoApps/edgeaispectrophotometer/.cache/sketch/sketch/sketch.ino.cpp.o
 .text._ZN10RpcDecoderILj1024EE7consumeEjj
                0x00000000000024f0       0x50 /home/arduino/ArduinoApps/edgeaispectrophotometer/.cache/sketch/sketch/sketch.ino.cpp.o
                0x00000000000024f0                RpcDecoder<1024u>::consume(unsigned int, unsigned int)
 .text._ZN10RpcDecoderILj1024EE7discardEv
                0x0000000000002540       0x2c /home/arduino/ArduinoApps/edgeaispectrophotometer/.cache/sketch/sketch/sketch.ino.cpp.o
                0x0000000000002540                RpcDecoder<1024u>::discard()
 .text._ZN7arduino7msgpack8Unpacker11deserializeI8RpcErrorJRNS0_6object5nil_tEEEEbRT_DpOT0_
                0x000000000000256c       0x90 /home/arduino/ArduinoApps/edgeaispectrophotometer/.cache/sketch/sketch/sketch.ino.cpp.o
                0x000000000000256c                bool arduino::msgpack::Unpacker::deserialize<RpcError, arduino::msgpack::object::nil_t&>(RpcError&, arduino::msgpack::object::nil_t&)
 .text._ZN7arduino7msgpack8Unpacker10unpackUIntIjEENSt9enable_ifIXaaaaaaaasrSt13is_arithmeticIT_E5valuesrSt11is_integralIS5_E5valuentsrSt7is_sameIS5_bE5valuentsrS9_INSt9remove_cvIS5_E4typeEPcE5valuentsrSt9is_signedIS5_E5valueES5_E4typeEv
                0x00000000000025fc       0x80 /home/arduino/ArduinoApps/edgeaispectrophotometer/.cache/sketch/sketch/sketch.ino.cpp.o
                0x00000000000025fc                std::enable_if<(((std::is_arithmetic<unsigned int>::value&&std::is_integral<unsigned int>::value)&&(!std::is_same<unsigned int, bool>::value))&&(!std::is_same<std::remove_cv<unsigned int>::type, char*>::value))&&(!std::is_signed<unsigned int>::value), unsigned int>::type arduino::msgpack::Unpacker::unpackUInt<unsigned int>()
 .text._ZN7arduino7msgpack8Unpacker11deserializeIjJRNS_6StringEEEEbRT_DpOT0_
                0x000000000000267c       0x44 /home/arduino/ArduinoApps/edgeaispectrophotometer/.cache/sketch/sketch/sketch.ino.cpp.o
                0x000000000000267c                bool arduino::msgpack::Unpacker::deserialize<unsigned int, arduino::String&>(unsigned int&, arduino::String&)
 .text._ZN10RpcDecoderILj1024EE16fetch_rpc_methodEv
                0x00000000000026c0       0xe8 /home/arduino/ArduinoApps/edgeaispectrophotometer/.cache/sketch/sketch/sketch.ino.cpp.o
                0x00000000000026c0                RpcDecoder<1024u>::fetch_rpc_method()
 .text._ZN10RPCRequestILj256EE22unpack_request_headersEv
                0x00000000000027a8       0xb8 /home/arduino/ArduinoApps/edgeaispectrophotometer/.cache/sketch/sketch/sketch.ino.cpp.o
                0x00000000000027a8                RPCRequest<256u>::unpack_request_headers()
 .text._ZN9RPCServer15process_requestILj256EEEvR10RPCRequestIXT_EE
                0x0000000000002860      0x138 /home/arduino/ArduinoApps/edgeaispectrophotometer/.cache/sketch/sketch/sketch.ino.cpp.o
                0x0000000000002860                void RPCServer::process_request<256u>(RPCRequest<256u>&)
 .text._ZN7arduino7msgpack8Unpacker11deserializeINS0_4type9ArraySizeEJRiRjEEEbRT_DpOT0_
                0x0000000000002998       0xa0 /home/arduino/ArduinoApps/edgeaispectrophotometer/.cache/sketch/sketch/sketch.ino.cpp.o
                0x0000000000002998                bool arduino::msgpack::Unpacker::deserialize<arduino::msgpack::type::ArraySize, int&, unsigned int&>(arduino::msgpack::type::ArraySize&, int&, unsigned int&)
 .text._ZN10RpcDecoderILj1024EE12get_responseIbEEbjRT_R8RpcError
                0x0000000000002a38      0x17c /home/arduino/ArduinoApps/edgeaispectrophotometer/.cache/sketch/sketch/sketch.ino.cpp.o
                0x0000000000002a38                bool RpcDecoder<1024u>::get_response<bool>(unsigned int, bool&, RpcError&)
 .text._ZN10RpcDecoderILj1024EE12get_responseIN7arduino6StringEEEbjRT_R8RpcError
                0x0000000000002bb4      0x17c /home/arduino/ArduinoApps/edgeaispectrophotometer/.cache/sketch/sketch/sketch.ino.cpp.o
                0x0000000000002bb4                bool RpcDecoder<1024u>::get_response<arduino::String>(unsigned int, arduino::String&, RpcError&)
 .text._ZN10RpcDecoderILj1024EE12get_responseIN7arduino7msgpack6object5nil_tEEEbjRT_R8RpcError
                0x0000000000002d30      0x17c /home/arduino/ArduinoApps/edgeaispectrophotometer/.cache/sketch/sketch/sketch.ino.cpp.o
                0x0000000000002d30                bool RpcDecoder<1024u>::get_response<arduino::msgpack::object::nil_t>(unsigned int, arduino::msgpack::object::nil_t&, RpcError&)
 .text._ZNSt11__copy_moveILb0ELb1ESt26random_access_iterator_tagE8__copy_mIhEEPT_PKS3_S6_S4_
                0x0000000000002eac       0x1c /home/arduino/ArduinoApps/edgeaispectrophotometer/.cache/sketch/sketch/sketch.ino.cpp.o
                0x0000000000002eac                unsigned char* std::__copy_move<false, true, std::random_access_iterator_tag>::__copy_m<unsigned char>(unsigned char const*, unsigned char const*, unsigned char*)
 .text._ZNSt11__copy_moveILb1ELb1ESt26random_access_iterator_tagE8__copy_mIhEEPT_PKS3_S6_S4_
                0x0000000000002ec8       0x1c /home/arduino/ArduinoApps/edgeaispectrophotometer/.cache/sketch/sketch/sketch.ino.cpp.o
                0x0000000000002ec8                unsigned char* std::__copy_move<true, true, std::random_access_iterator_tag>::__copy_m<unsigned char>(unsigned char const*, unsigned char const*, unsigned char*)
 .text._ZN7arduino7msgpack6object3extC2EaPKhj
                0x0000000000002ee4      0x104 /home/arduino/ArduinoApps/edgeaispectrophotometer/.cache/sketch/sketch/sketch.ino.cpp.o
                0x0000000000002ee4                arduino::msgpack::object::ext::ext(signed char, unsigned char const*, unsigned int)
                0x0000000000002ee4                arduino::msgpack::object::ext::ext(signed char, unsigned char const*, unsigned int)
 .text._ZN7arduino7msgpack8Unpacker9unpackExtEv
                0x0000000000002fe8      0x178 /home/arduino/ArduinoApps/edgeaispectrophotometer/.cache/sketch/sketch/sketch.ino.cpp.o
                0x0000000000002fe8                arduino::msgpack::Unpacker::unpackExt()
 .text._ZN8RpcUtils6detail12unpackObjectERN7arduino7msgpack8UnpackerE
                0x0000000000003160      0x29c /home/arduino/ArduinoApps/edgeaispectrophotometer/.cache/sketch/sketch/sketch.ino.cpp.o
                0x0000000000003160                RpcUtils::detail::unpackObject(arduino::msgpack::Unpacker&)
 .text._ZN10RpcDecoderILj1024EE12parse_packetEv
                0x00000000000033fc      0x13c /home/arduino/ArduinoApps/edgeaispectrophotometer/.cache/sketch/sketch/sketch.ino.cpp.o
                0x00000000000033fc                RpcDecoder<1024u>::parse_packet()
 .text._ZN10RpcDecoderILj1024EE6decodeEv
                0x0000000000003538       0x40 /home/arduino/ArduinoApps/edgeaispectrophotometer/.cache/sketch/sketch/sketch.ino.cpp.o
                0x0000000000003538                RpcDecoder<1024u>::decode()
 .text._ZN9RPCServer7get_rpcILj256EEEbR10RPCRequestIXT_EEN7arduino6StringE
                0x0000000000003578       0xd0 /home/arduino/ArduinoApps/edgeaispectrophotometer/.cache/sketch/sketch/sketch.ino.cpp.o
                0x0000000000003578                bool RPCServer::get_rpc<256u>(RPCRequest<256u>&, arduino::String)
 .text._ZN11BridgeClass11update_safeEv
                0x0000000000003648       0xb0 /home/arduino/ArduinoApps/edgeaispectrophotometer/.cache/sketch/sketch/sketch.ino.cpp.o
                0x0000000000003648                BridgeClass::update_safe()
 .text._Z10__loopHookv
                0x00000000000036f8       0x28 /home/arduino/ArduinoApps/edgeaispectrophotometer/.cache/sketch/sketch/sketch.ino.cpp.o
                0x00000000000036f8                __loopHook()
 .text._ZN11BridgeClass6updateEv
                0x0000000000003720       0xb0 /home/arduino/ArduinoApps/edgeaispectrophotometer/.cache/sketch/sketch/sketch.ino.cpp.o
                0x0000000000003720                BridgeClass::update()
 .text._Z16updateEntryPointPvS_S_
                0x00000000000037d0       0x28 /home/arduino/ArduinoApps/edgeaispectrophotometer/.cache/sketch/sketch/sketch.ino.cpp.o
                0x00000000000037d0                updateEntryPoint(void*, void*, void*)
 .text._ZN7RpcCallIJEE6resultIbEEbRT_
                0x00000000000037f8      0x114 /home/arduino/ArduinoApps/edgeaispectrophotometer/.cache/sketch/sketch/sketch.ino.cpp.o
                0x00000000000037f8                bool RpcCall<>::result<bool>(bool&)
 .text._ZN7RpcCallIJEED2Ev
                0x000000000000390c      0x120 /home/arduino/ArduinoApps/edgeaispectrophotometer/.cache/sketch/sketch/sketch.ino.cpp.o
                0x000000000000390c                RpcCall<>::~RpcCall()
                0x000000000000390c                RpcCall<>::~RpcCall()
 .text._ZN11BridgeClass5beginEm
                0x0000000000003a2c      0x1f0 /home/arduino/ArduinoApps/edgeaispectrophotometer/.cache/sketch/sketch/sketch.ino.cpp.o
                0x0000000000003a2c                BridgeClass::begin(unsigned long)
 .text._ZN7RpcCallIJEE6resultIN7arduino6StringEEEbRT_
                0x0000000000003c1c      0x114 /home/arduino/ArduinoApps/edgeaispectrophotometer/.cache/sketch/sketch/sketch.ino.cpp.o
                0x0000000000003c1c                bool RpcCall<>::result<arduino::String>(arduino::String&)
 .text._ZN8RpcUtils6detail9unpackMapERN7arduino7msgpack8UnpackerERj
                0x0000000000003d30       0x80 /home/arduino/ArduinoApps/edgeaispectrophotometer/.cache/sketch/sketch/sketch.ino.cpp.o
                0x0000000000003d30                RpcUtils::detail::unpackMap(arduino::msgpack::Unpacker&, unsigned int&)
 .text._GLOBAL__sub_I_mySensor
                0x0000000000003db0       0x70 /home/arduino/ArduinoApps/edgeaispectrophotometer/.cache/sketch/sketch/sketch.ino.cpp.o
 .text._GLOBAL__sub_D_mySensor
                0x0000000000003e20       0x20 /home/arduino/ArduinoApps/edgeaispectrophotometer/.cache/sketch/sketch/sketch.ino.cpp.o
 .text.setup    0x0000000000003e40      0x2e0 /home/arduino/ArduinoApps/edgeaispectrophotometer/.cache/sketch/sketch/sketch.ino.cpp.o
                0x0000000000003e40                setup
 .text._ZN7arduino5Print17availableForWriteEv
                0x0000000000004120        0x4 /home/arduino/ArduinoApps/edgeaispectrophotometer/.cache/sketch/libraries/Wire/Wire.cpp.o
                0x0000000000004120                arduino::Print::availableForWrite()
 .text._ZN7arduino9ZephyrI2C5writeEi
                0x0000000000004124        0x8 /home/arduino/ArduinoApps/edgeaispectrophotometer/.cache/sketch/libraries/Wire/Wire.cpp.o
                0x0000000000004124                arduino::ZephyrI2C::write(int)
 .text._ZN7arduino9ZephyrI2C15endTransmissionEv
                0x000000000000412c        0x8 /home/arduino/ArduinoApps/edgeaispectrophotometer/.cache/sketch/libraries/Wire/Wire.cpp.o
                0x000000000000412c                arduino::ZephyrI2C::endTransmission()
 .text._ZN7arduino9ZephyrI2C11requestFromEhj
                0x0000000000004134       0x10 /home/arduino/ArduinoApps/edgeaispectrophotometer/.cache/sketch/libraries/Wire/Wire.cpp.o
                0x0000000000004134                arduino::ZephyrI2C::requestFrom(unsigned char, unsigned int)
 .text._ZN7arduino9ZephyrI2C9availableEv
                0x0000000000004144        0xe /home/arduino/ArduinoApps/edgeaispectrophotometer/.cache/sketch/libraries/Wire/Wire.cpp.o
                0x0000000000004144                arduino::ZephyrI2C::available()
 .text._ZN7arduino9ZephyrI2C5flushEv
                0x0000000000004152        0x2 /home/arduino/ArduinoApps/edgeaispectrophotometer/.cache/sketch/libraries/Wire/Wire.cpp.o
                0x0000000000004152                arduino::ZephyrI2C::flush()
 .text._ZN7arduino9ZephyrI2C9onReceiveEPFviE
                0x0000000000004154        0x6 /home/arduino/ArduinoApps/edgeaispectrophotometer/.cache/sketch/libraries/Wire/Wire.cpp.o
                0x0000000000004154                arduino::ZephyrI2C::onReceive(void (*)(int))
 .text._ZN7arduino9ZephyrI2C9onRequestEPFvvE
                0x000000000000415a        0x6 /home/arduino/ArduinoApps/edgeaispectrophotometer/.cache/sketch/libraries/Wire/Wire.cpp.o
                0x000000000000415a                arduino::ZephyrI2C::onRequest(void (*)())
 .text._ZN7arduino9ZephyrI2C5beginEv
                0x0000000000004160        0xc /home/arduino/ArduinoApps/edgeaispectrophotometer/.cache/sketch/libraries/Wire/Wire.cpp.o
                0x0000000000004160                arduino::ZephyrI2C::begin()
 .text._ZN7arduino9ZephyrI2C5writeEh
                0x000000000000416c       0x1c /home/arduino/ArduinoApps/edgeaispectrophotometer/.cache/sketch/libraries/Wire/Wire.cpp.o
                0x000000000000416c                arduino::ZephyrI2C::write(unsigned char)
 .text._ZN7arduino9ZephyrI2C5writeEPKhj
                0x0000000000004188        0xc /home/arduino/ArduinoApps/edgeaispectrophotometer/.cache/sketch/libraries/Wire/Wire.cpp.o
                0x0000000000004188                arduino::ZephyrI2C::write(unsigned char const*, unsigned int)
 .text._ZN7arduino9ZephyrI2C4readEv
                0x0000000000004194       0x28 /home/arduino/ArduinoApps/edgeaispectrophotometer/.cache/sketch/libraries/Wire/Wire.cpp.o
                0x0000000000004194                arduino::ZephyrI2C::read()
 .text._ZL28i2c_target_read_processed_cbP17i2c_target_configPh
                0x00000000000041bc       0x18 /home/arduino/ArduinoApps/edgeaispectrophotometer/.cache/sketch/libraries/Wire/Wire.cpp.o
 .text._ZN7arduino9ZephyrI2C4peekEv
                0x00000000000041d4       0x28 /home/arduino/ArduinoApps/edgeaispectrophotometer/.cache/sketch/libraries/Wire/Wire.cpp.o
                0x00000000000041d4                arduino::ZephyrI2C::peek()
 .text._ZN7arduino9ZephyrI2C5beginEh
                0x00000000000041fc       0x2c /home/arduino/ArduinoApps/edgeaispectrophotometer/.cache/sketch/libraries/Wire/Wire.cpp.o
                0x00000000000041fc                arduino::ZephyrI2C::begin(unsigned char)
 .text._ZN7arduino9ZephyrI2C8setClockEj
                0x0000000000004228       0x3c /home/arduino/ArduinoApps/edgeaispectrophotometer/.cache/sketch/libraries/Wire/Wire.cpp.o
                0x0000000000004228                arduino::ZephyrI2C::setClock(unsigned int)
 .text._ZN7arduino9ZephyrI2C11requestFromEhjb
                0x0000000000004264       0x88 /home/arduino/ArduinoApps/edgeaispectrophotometer/.cache/sketch/libraries/Wire/Wire.cpp.o
                0x0000000000004264                arduino::ZephyrI2C::requestFrom(unsigned char, unsigned int, bool)
 .text._ZN7arduino9ZephyrI2C3endEv
                0x00000000000042ec       0x34 /home/arduino/ArduinoApps/edgeaispectrophotometer/.cache/sketch/libraries/Wire/Wire.cpp.o
                0x00000000000042ec                arduino::ZephyrI2C::end()
 .text._ZN7arduino9ZephyrI2C15endTransmissionEb
                0x0000000000004320       0x74 /home/arduino/ArduinoApps/edgeaispectrophotometer/.cache/sketch/libraries/Wire/Wire.cpp.o
                0x0000000000004320                arduino::ZephyrI2C::endTransmission(bool)
 .text._ZL29i2c_target_write_requested_cbP17i2c_target_config
                0x0000000000004394        0xe /home/arduino/ArduinoApps/edgeaispectrophotometer/.cache/sketch/libraries/Wire/Wire.cpp.o
 .text._ZN7arduino9ZephyrI2C17beginTransmissionEh
                0x00000000000043a2       0x14 /home/arduino/ArduinoApps/edgeaispectrophotometer/.cache/sketch/libraries/Wire/Wire.cpp.o
                0x00000000000043a2                arduino::ZephyrI2C::beginTransmission(unsigned char)
 *fill*         0x00000000000043b6        0x2 
 .text._ZN7arduino9ZephyrI2CC2EPK6device
                0x00000000000043b8       0x4c /home/arduino/ArduinoApps/edgeaispectrophotometer/.cache/sketch/libraries/Wire/Wire.cpp.o
                0x00000000000043b8                arduino::ZephyrI2C::ZephyrI2C(device const*)
                0x00000000000043b8                arduino::ZephyrI2C::ZephyrI2C(device const*)
 .text._ZN7arduino9ZephyrI2C21writeReceivedCallbackEP17i2c_target_configh
                0x0000000000004404       0x44 /home/arduino/ArduinoApps/edgeaispectrophotometer/.cache/sketch/libraries/Wire/Wire.cpp.o
                0x0000000000004404                arduino::ZephyrI2C::writeReceivedCallback(i2c_target_config*, unsigned char)
 .text._ZL28i2c_target_write_received_cbP17i2c_target_configh
                0x0000000000004448       0x10 /home/arduino/ArduinoApps/edgeaispectrophotometer/.cache/sketch/libraries/Wire/Wire.cpp.o
 .text._ZN7arduino9ZephyrI2C21readRequestedCallbackEP17i2c_target_configPh
                0x0000000000004458       0x30 /home/arduino/ArduinoApps/edgeaispectrophotometer/.cache/sketch/libraries/Wire/Wire.cpp.o
                0x0000000000004458                arduino::ZephyrI2C::readRequestedCallback(i2c_target_config*, unsigned char*)
 .text._ZL28i2c_target_read_requested_cbP17i2c_target_configPh
                0x0000000000004488       0x10 /home/arduino/ArduinoApps/edgeaispectrophotometer/.cache/sketch/libraries/Wire/Wire.cpp.o
 .text._ZN7arduino9ZephyrI2C12stopCallbackEP17i2c_target_config
                0x0000000000004498       0x1c /home/arduino/ArduinoApps/edgeaispectrophotometer/.cache/sketch/libraries/Wire/Wire.cpp.o
                0x0000000000004498                arduino::ZephyrI2C::stopCallback(i2c_target_config*)
 .text._ZL18i2c_target_stop_cbP17i2c_target_config
                0x00000000000044b4        0xc /home/arduino/ArduinoApps/edgeaispectrophotometer/.cache/sketch/libraries/Wire/Wire.cpp.o
 .text._GLOBAL__sub_I__ZN7arduino9ZephyrI2CC2EPK6device
                0x00000000000044c0       0x60 /home/arduino/ArduinoApps/edgeaispectrophotometer/.cache/sketch/libraries/Wire/Wire.cpp.o
 .text._GLOBAL__sub_D__ZN7arduino9ZephyrI2CC2EPK6device
                0x0000000000004520       0x20 /home/arduino/ArduinoApps/edgeaispectrophotometer/.cache/sketch/libraries/Wire/Wire.cpp.o
 .text._ZN7arduino9ZephyrSPI14usingInterruptEi
                0x0000000000004540        0x2 /home/arduino/ArduinoApps/edgeaispectrophotometer/.cache/sketch/libraries/SPI/SPI.cpp.o
                0x0000000000004540                arduino::ZephyrSPI::notUsingInterrupt(int)
                0x0000000000004540                arduino::ZephyrSPI::usingInterrupt(int)
 .text._ZN7arduino9ZephyrSPI15attachInterruptEv
                0x0000000000004542        0x2 /home/arduino/ArduinoApps/edgeaispectrophotometer/.cache/sketch/libraries/SPI/SPI.cpp.o
                0x0000000000004542                arduino::ZephyrSPI::attachInterrupt()
                0x0000000000004542                arduino::ZephyrSPI::detachInterrupt()
 .text._ZN7arduino9ZephyrSPID2Ev
                0x0000000000004544        0x2 /home/arduino/ArduinoApps/edgeaispectrophotometer/.cache/sketch/libraries/SPI/SPI.cpp.o
                0x0000000000004544                arduino::ZephyrSPI::~ZephyrSPI()
                0x0000000000004544                arduino::ZephyrSPI::~ZephyrSPI()
 *fill*         0x0000000000004546        0x2 
 .text._ZN7arduino9ZephyrSPID0Ev
                0x0000000000004548       0x14 /home/arduino/ArduinoApps/edgeaispectrophotometer/.cache/sketch/libraries/SPI/SPI.cpp.o
                0x0000000000004548                arduino::ZephyrSPI::~ZephyrSPI()
 .text._ZN7arduino9ZephyrSPI16beginTransactionENS_11SPISettingsE
                0x000000000000455c       0x80 /home/arduino/ArduinoApps/edgeaispectrophotometer/.cache/sketch/libraries/SPI/SPI.cpp.o
                0x000000000000455c                arduino::ZephyrSPI::beginTransaction(arduino::SPISettings)
 .text._ZN7arduino9ZephyrSPI5beginEv
                0x00000000000045dc        0xc /home/arduino/ArduinoApps/edgeaispectrophotometer/.cache/sketch/libraries/SPI/SPI.cpp.o
                0x00000000000045dc                arduino::ZephyrSPI::begin()
 .text._ZN7arduino9ZephyrSPI14endTransactionEv
                0x00000000000045e8        0xc /home/arduino/ArduinoApps/edgeaispectrophotometer/.cache/sketch/libraries/SPI/SPI.cpp.o
                0x00000000000045e8                arduino::ZephyrSPI::endTransaction()
 .text._ZN7arduino9ZephyrSPI3endEv
                0x00000000000045f4        0xc /home/arduino/ArduinoApps/edgeaispectrophotometer/.cache/sketch/libraries/SPI/SPI.cpp.o
                0x00000000000045f4                arduino::ZephyrSPI::end()
 .text._ZN7arduino9ZephyrSPI8transferEPvjPK10spi_config
                0x0000000000004600       0x2e /home/arduino/ArduinoApps/edgeaispectrophotometer/.cache/sketch/libraries/SPI/SPI.cpp.o
                0x0000000000004600                arduino::ZephyrSPI::transfer(void*, unsigned int, spi_config const*)
 *fill*         0x000000000000462e        0x2 
 .text._ZN7arduino9ZephyrSPI8transferEh
                0x0000000000004630       0x28 /home/arduino/ArduinoApps/edgeaispectrophotometer/.cache/sketch/libraries/SPI/SPI.cpp.o
                0x0000000000004630                arduino::ZephyrSPI::transfer(unsigned char)
 .text._ZN7arduino9ZephyrSPI10transfer16Et
                0x0000000000004658       0x28 /home/arduino/ArduinoApps/edgeaispectrophotometer/.cache/sketch/libraries/SPI/SPI.cpp.o
                0x0000000000004658                arduino::ZephyrSPI::transfer16(unsigned short)
 .text._ZN7arduino9ZephyrSPI8transferEPvj
                0x0000000000004680       0x14 /home/arduino/ArduinoApps/edgeaispectrophotometer/.cache/sketch/libraries/SPI/SPI.cpp.o
                0x0000000000004680                arduino::ZephyrSPI::transfer(void*, unsigned int)
 .text._GLOBAL__sub_I__ZN7arduino9ZephyrSPIC2EPK6device
                0x0000000000004694       0x5c /home/arduino/ArduinoApps/edgeaispectrophotometer/.cache/sketch/libraries/SPI/SPI.cpp.o
 .text._GLOBAL__sub_D__ZN7arduino9ZephyrSPIC2EPK6device
                0x00000000000046f0       0x20 /home/arduino/ArduinoApps/edgeaispectrophotometer/.cache/sketch/libraries/SPI/SPI.cpp.o
 .text._ZN7arduino5Print5flushEv
                0x0000000000004710        0x2 /home/arduino/ArduinoApps/edgeaispectrophotometer/.cache/sketch/libraries/Arduino_RouterBridge/singletons.cpp.o
                0x0000000000004710                arduino::Print::flush()
 .text._ZN13BridgeMonitorILj512EE5writeEh
                0x0000000000004712       0x18 /home/arduino/ArduinoApps/edgeaispectrophotometer/.cache/sketch/libraries/Arduino_RouterBridge/singletons.cpp.o
                0x0000000000004712                BridgeMonitor<512u>::write(unsigned char)
 *fill*         0x000000000000472a        0x2 
 .text.k_yield  0x000000000000472c        0x8 /home/arduino/ArduinoApps/edgeaispectrophotometer/.cache/sketch/libraries/Arduino_RouterBridge/singletons.cpp.o
 .text.k_mutex_lock
                0x0000000000004734        0x8 /home/arduino/ArduinoApps/edgeaispectrophotometer/.cache/sketch/libraries/Arduino_RouterBridge/singletons.cpp.o
 .text._ZSt14__relocate_a_1IhhENSt9enable_ifIXsrSt24__is_bitwise_relocatableIT_vE5valueEPS2_E4typeES4_S4_S4_RSaIT0_E.isra.0
                0x000000000000473c       0x20 /home/arduino/ArduinoApps/edgeaispectrophotometer/.cache/sketch/libraries/Arduino_RouterBridge/singletons.cpp.o
 .text._ZNSt12_Vector_baseIhSaIhEE11_M_allocateEj.isra.0
                0x000000000000475c       0x20 /home/arduino/ArduinoApps/edgeaispectrophotometer/.cache/sketch/libraries/Arduino_RouterBridge/singletons.cpp.o
 .text.k_mutex_unlock.isra.0
                0x000000000000477c        0x8 /home/arduino/ArduinoApps/edgeaispectrophotometer/.cache/sketch/libraries/Arduino_RouterBridge/singletons.cpp.o
 .text._ZN7RpcCallIJEE7isErrorEv.isra.0
                0x0000000000004784       0x28 /home/arduino/ArduinoApps/edgeaispectrophotometer/.cache/sketch/libraries/Arduino_RouterBridge/singletons.cpp.o
 .text._ZN7RpcCallIJRN7arduino6StringEEE7isErrorEv.isra.0
                0x00000000000047ac       0x28 /home/arduino/ArduinoApps/edgeaispectrophotometer/.cache/sketch/libraries/Arduino_RouterBridge/singletons.cpp.o
 .text._ZN13BridgeMonitorILj512EE4readEv
                0x00000000000047d4       0x68 /home/arduino/ArduinoApps/edgeaispectrophotometer/.cache/sketch/libraries/Arduino_RouterBridge/singletons.cpp.o
                0x00000000000047d4                BridgeMonitor<512u>::read()
 .text._ZN13BridgeMonitorILj512EE4peekEv
                0x000000000000483c       0x44 /home/arduino/ArduinoApps/edgeaispectrophotometer/.cache/sketch/libraries/Arduino_RouterBridge/singletons.cpp.o
                0x000000000000483c                BridgeMonitor<512u>::peek()
 .text.k_msleep.constprop.0.isra.0
                0x0000000000004880        0xc /home/arduino/ArduinoApps/edgeaispectrophotometer/.cache/sketch/libraries/Arduino_RouterBridge/singletons.cpp.o
 .text._ZNSt6vectorIhSaIhEE14_M_move_assignEOS1_St17integral_constantIbLb1EE.isra.0
                0x000000000000488c       0x34 /home/arduino/ArduinoApps/edgeaispectrophotometer/.cache/sketch/libraries/Arduino_RouterBridge/singletons.cpp.o
 .text._ZNSt6vectorIhSaIhEE12emplace_backIJRKhEEERhDpOT_.isra.0
                0x00000000000048c0       0x90 /home/arduino/ArduinoApps/edgeaispectrophotometer/.cache/sketch/libraries/Arduino_RouterBridge/singletons.cpp.o
 .text._ZNSt6vectorIhSaIhEE12emplace_backIJhEEERhDpOT_.isra.0
                0x0000000000004950       0x90 /home/arduino/ArduinoApps/edgeaispectrophotometer/.cache/sketch/libraries/Arduino_RouterBridge/singletons.cpp.o
 .text._ZN7arduino7msgpack8Unpacker11deserializeISt6vectorIhSaIhEEJEEEbRT_DpOT0_
                0x00000000000049e0      0x13c /home/arduino/ArduinoApps/edgeaispectrophotometer/.cache/sketch/libraries/Arduino_RouterBridge/singletons.cpp.o
                0x00000000000049e0                bool arduino::msgpack::Unpacker::deserialize<std::vector<unsigned char, std::allocator<unsigned char> >>(std::vector<unsigned char, std::allocator<unsigned char> >&)
 .text._ZN7arduino7msgpack6Packer11packRawByteERKNS0_4TypeE.isra.0
                0x0000000000004b1c       0x18 /home/arduino/ArduinoApps/edgeaispectrophotometer/.cache/sketch/libraries/Arduino_RouterBridge/singletons.cpp.o
 .text._ZNSt6vectorIhSaIhEE12emplace_backIJRhEEES3_DpOT_.isra.0
                0x0000000000004b34       0x90 /home/arduino/ArduinoApps/edgeaispectrophotometer/.cache/sketch/libraries/Arduino_RouterBridge/singletons.cpp.o
 .text._ZN7arduino7msgpack6Packer11packIntegerIjEENSt9enable_ifIXaaaaaasrSt13is_arithmeticIT_E5valuesrSt11is_integralIS5_E5valuentsrSt7is_sameIS5_bE5valuentsrS9_INSt9remove_cvIS5_E4typeEPcE5valueEvE4typeERKS5_.isra.0
                0x0000000000004bc4       0x50 /home/arduino/ArduinoApps/edgeaispectrophotometer/.cache/sketch/libraries/Arduino_RouterBridge/singletons.cpp.o
 .text._ZN7arduino7msgpack6Packer11packIntegerIiEENSt9enable_ifIXaaaaaasrSt13is_arithmeticIT_E5valuesrSt11is_integralIS5_E5valuentsrSt7is_sameIS5_bE5valuentsrS9_INSt9remove_cvIS5_E4typeEPcE5valueEvE4typeERKS5_.isra.0
                0x0000000000004c14       0xb8 /home/arduino/ArduinoApps/edgeaispectrophotometer/.cache/sketch/libraries/Arduino_RouterBridge/singletons.cpp.o
 .text._ZN7arduino7msgpack6Packer9serializeIJRKiRjRKNS_6StringEEEEvRKNS0_4type9ArraySizeEDpOT_.isra.0
                0x0000000000004ccc       0x38 /home/arduino/ArduinoApps/edgeaispectrophotometer/.cache/sketch/libraries/Arduino_RouterBridge/singletons.cpp.o
 .text._ZN9RPCClient8send_rpcIJEEEbRKN7arduino6StringERjDpOT_.isra.0
                0x0000000000004d04       0x74 /home/arduino/ArduinoApps/edgeaispectrophotometer/.cache/sketch/libraries/Arduino_RouterBridge/singletons.cpp.o
 .text._ZN9RPCClient8send_rpcIJRKN7arduino6StringEEEEbS4_RjDpOT_.isra.0
                0x0000000000004d78       0x84 /home/arduino/ArduinoApps/edgeaispectrophotometer/.cache/sketch/libraries/Arduino_RouterBridge/singletons.cpp.o
 .text._ZN9RPCClient8send_rpcIJRKjEEEbRKN7arduino6StringERjDpOT_.isra.0
                0x0000000000004dfc       0x84 /home/arduino/ArduinoApps/edgeaispectrophotometer/.cache/sketch/libraries/Arduino_RouterBridge/singletons.cpp.o
 .text._ZN7arduino7msgpack8Unpacker11deserializeIjJEEEbRT_DpOT0_
                0x0000000000004e80       0x40 /home/arduino/ArduinoApps/edgeaispectrophotometer/.cache/sketch/libraries/Arduino_RouterBridge/singletons.cpp.o
                0x0000000000004e80                bool arduino::msgpack::Unpacker::deserialize<unsigned int>(unsigned int&)
 .text._ZN9RPCClient12get_responseIN7arduino7msgpack6object5nil_tEEEbjRT_R8RpcError
                0x0000000000004ec0       0x40 /home/arduino/ArduinoApps/edgeaispectrophotometer/.cache/sketch/libraries/Arduino_RouterBridge/singletons.cpp.o
                0x0000000000004ec0                bool RPCClient::get_response<arduino::msgpack::object::nil_t>(unsigned int, arduino::msgpack::object::nil_t&, RpcError&)
 .text._ZN13BridgeMonitorILj512EEcvbEv
                0x0000000000004f00      0x28c /home/arduino/ArduinoApps/edgeaispectrophotometer/.cache/sketch/libraries/Arduino_RouterBridge/singletons.cpp.o
                0x0000000000004f00                BridgeMonitor<512u>::operator bool()
 .text._ZN11BridgeClass6notifyIJRN7arduino6StringEEEEvS2_DpOT_
                0x000000000000518c       0xac /home/arduino/ArduinoApps/edgeaispectrophotometer/.cache/sketch/libraries/Arduino_RouterBridge/singletons.cpp.o
                0x000000000000518c                void BridgeClass::notify<arduino::String&>(arduino::String, arduino::String&)
 .text._ZN7RpcCallIJRN7arduino6StringEEE8setErrorEiS1_
                0x0000000000005238       0x40 /home/arduino/ArduinoApps/edgeaispectrophotometer/.cache/sketch/libraries/Arduino_RouterBridge/singletons.cpp.o
                0x0000000000005238                RpcCall<arduino::String&>::setError(int, arduino::String)
 .text._ZN7RpcCallIJRN7arduino6StringEEED2Ev
                0x0000000000005278      0x118 /home/arduino/ArduinoApps/edgeaispectrophotometer/.cache/sketch/libraries/Arduino_RouterBridge/singletons.cpp.o
                0x0000000000005278                RpcCall<arduino::String&>::~RpcCall()
                0x0000000000005278                RpcCall<arduino::String&>::~RpcCall()
 .text._ZN10RpcDecoderILj1024EE12get_responseIjEEbjRT_R8RpcError
                0x0000000000005390      0x17c /home/arduino/ArduinoApps/edgeaispectrophotometer/.cache/sketch/libraries/Arduino_RouterBridge/singletons.cpp.o